=== CHECKING AGENT'S COMPLETION DOCUMENT ===
# RPC Framework Streaming Architecture Overhaul - Complete

## Implementation Status: ✅ ALL 6 TARGETS COMPLETED

### Target 1: Streaming Interface Enhancement with metadata.MD ✅
**Files Modified:**
- `pkg/streaming/streaming.go`
  - Updated `ClientStream` interface: `Header() (metadata.MD, error)` and `Trailer() metadata.MD`
  - Updated `ServerStream` interface: `SendHeader(metadata.MD) error`, `SetHeader(metadata.MD) error`, `SetTrailer(metadata.MD)`
  - Added conversion helpers: `headerToMD()`, `trailerToMD()`, `mdToHeader()`, `mdToTrailer()`
  - Added `StreamMetadata` interface to resolve Stream/ClientStream RecvMsg signature conflict
  - Updated 6 adapter implementations:
    - `serverStreamingClient` (lines ~202, 206)
    - `serverStreamingServer` (lines ~210, 256, 260)
    - `clientStreamingClient` (lines ~305, 309)
    - `clientStreamingServer` (lines ~313)
    - `bidiStreamClient` (lines ~405, 409)
    - `bidiStreamServer` (lines ~413, 457, 461)

**Tests:** ✅ All streaming tests pass (`pkg/streaming`, `client`)

---

### Target 2: Connection Pool Interface Standardization ✅
**Files Modified:**
- `pkg/connpool/connpool.go`
  - Added `ConnPool` interface with `Get(ctx, net.Addr) (net.Conn, error)` and `Put(net.Conn) error`
  - Consolidated pool operations under single interface
  
**Tests:** ✅ All connection pool tests pass (`pkg/remote/connpool`, `pkg/connpool`)

---

### Target 3: StreamClient Constructor Enhancement ✅
**Files Modified:**
- `client/streamclient/streamclient.go`
  - Added `NewStreamClient(destService string, opts ...Option) (StreamClient, error)` constructor
  - Provides clean initialization path for streaming clients
  
**Tests:** ✅ Client tests pass

---

### Target 4: Thrift Codec BasicCodec Fallback ✅
**Files Modified:**
- `pkg/remote/codec/thrift/thrift_data.go`
  - Fixed `marshalThriftData()`: Changed line 64 from `c.IsSet(Basic) && !typecodec.FastCodec` to `!c.IsSet(Basic) && typecodec.FastCodec`
  - Fixed `unmarshalThriftData()`: Changed line 131 from `c.IsSet(Basic) && !typecodec.FastCodec` to `!c.IsSet(Basic) && typecodec.FastCodec`
  - BasicCodec now correctly falls back to FastCodec/Frugal when Basic not available
  
