=== FINAL ROOT COMPLETION VERIFICATION ===

1. Target 6 frame_reader hex dump:
	if fh.Length > fr.maxReadSize {
		// Include hex dump of first 8 bytes for diagnostics
		first4Bytes := binary.BigEndian.Uint32(buf[:4])
		second4Bytes := binary.BigEndian.Uint32(buf[4:8])
		return http2.FrameHeader{}, fmt.Errorf("%s or invalid frame (first4Bytes=%#x, second4Bytes=%#x)", 
			http2.ErrFrameTooLarge, first4Bytes, second4Bytes)


Has hex formatting (%#x): True
Has 'invalid frame': True
Has ErrFrameTooLarge: True

2. Dump() panic-safety:
Has defer/recover: True
	defer func() {
		if r := recover(); r != nil {
			klog.Errorf("connPool.Dump panic recovered: %v", r)


3. Build status:
Build: SUCCESS

======================================================================
COMPLETION ASSESSMENT:
- Target 6.2 frame_reader hex dump: PASS
- Target 6.1 Dump() panic-safe: PASS
- Build: PASS

READY FOR COMPLETION: YES
