=== VERIFICATION AGAINST ORIGINAL TASK REQUIREMENTS ===

Target 1: Streaming Types in pkg/streaming
✓ types.go exists
✓ generic_streams.go exists
✓ ClientStream interface defined
✓ ServerStream interface defined
✓ Args/Result extended

Target 2: Endpoint Architecture
✓ cep package exists
✓ sep package exists
✓ deprecated.go exists
✓ DummyDummyMiddleware exists

Target 3: Transport Protocol
✓ TTHeaderStreaming = 64
✓ GRPCStreaming = 128
✓ Composite String() exists

Target 4: Thrift Codec
✓ Fallback logic exists

Target 5: Client Options
✓ option_unary.go exists
✓ option_stream.go exists
✓ option_ttstream.go exists
✓ TailOption exists
✓ streamcall exists

Target 6: gRPC Diagnostics
✓ Dump() exists
✓ readAndCheckFrameHeader exists

=== BUILD VERIFICATION ===
✓ BUILD SUCCESSFUL
