=== STREAMX PACKAGE TYPE VERIFICATION ===

Checking pkg/streamx types:
/app/pkg/streamx/client_options.go:type EventHandler func(ctx context.Context, evt stats.Event, err error)
/app/pkg/streamx/client_provider.go:type ClientProvider interface {
/app/pkg/streamx/header_trailer.go:type (
/app/pkg/streamx/server_provider.go:type ServerProvider interface {
/app/pkg/streamx/stream.go:type StreamingMode = serviceinfo.StreamingMode
/app/pkg/streamx/stream.go:type Stream interface {
/app/pkg/streamx/stream.go:type ClientStream interface {
/app/pkg/streamx/stream.go:type ServerStream interface {
/app/pkg/streamx/stream.go:type ClientStreamMetadata interface {
/app/pkg/streamx/stream.go:type ServerStreamMetadata interface {
/app/pkg/streamx/stream.go:type ServerStreamingClient[Res any] interface {
/app/pkg/streamx/stream.go:type ServerStreamingServer[Res any] interface {
/app/pkg/streamx/stream.go:type ClientStreamingClient[Req, Res any] interface {
/app/pkg/streamx/stream.go:type ClientStreamingServer[Req, Res any] interface {
/app/pkg/streamx/stream.go:type BidiStreamingClient[Req, Res any] interface {
/app/pkg/streamx/stream.go:type BidiStreamingServer[Req, Res any] interface {
/app/pkg/streamx/stream.go:type GenericClientStream[Req, Res any] struct {
/app/pkg/streamx/stream.go:type GenericServerStream[Req, Res any] struct {
/app/pkg/streamx/stream_args.go:type streamCtxKey struct{}
/app/pkg/streamx/stream_args.go:type StreamArgs interface {

Checking internal/streamx types:
type StreamInfo interface {
