=== Build Status ===
Last build command succeeded (turn 61)

=== Remaining Critical Work ===

Target 5 (Client Options) - INCOMPLETE:
  Missing files:
    - client/option_unary.go (WITH: WithUnaryOptions, WithUnaryRPCTimeout, WithUnaryMiddleware, WithUnaryMiddlewareBuilder)
    - client/option_ttstream.go (WITH: WithTTHeaderStreamingOptions, WithTTHeaderStreamingTransportOptions)
  Missing in client/option.go:
    - Type aliases: UnaryOption, UnaryOptions, StreamOption, StreamOptions, TTHeaderStreamingOption, TTHeaderStreamingOptions
    - TailOption function (wraps option for o.TailOptions storage)
  Missing in client/callopt/streamcall:
    - WithRecvTimeout function
  Missing retry/fallback migration to o.UnaryOptions fields

Target 6 (gRPC Diagnostics) - INCOMPLETE:
  ✓ conn_pool.Dump() method - DONE
  ✗ frame_reader.go - NOT DONE:
    Required: Replace standalone readFrameHeader(r) with Framer method readAndCheckFrameHeader()
    Required: Enhanced error with hex dump of frame bytes

Target 3 (Transport Protocol) - NEEDS VERIFICATION:
  ✗ Default protocol change from PurePayload to Framed - NOT VERIFIED
