=== CRITICAL REQUIREMENT CHECKS ===

1. T1: All App implementations have Metadata()?
fyneApp:
1
testApp:
1
dummyApp:
0
themedApp:
1

2. T1: Default metadata values correct?
var appMetadata = fyne.AppMetadata{
	ID:      "com.example",
	Name:    "Fyne App",
	Version: "1.0.0",
	Build:   1,

3. T2: Hex color parsing formats (3,4,6,8 digits)?
0

4. T3: StringToStringWithFormat identity check?
	if format == "%s" {
		return str
	}
	return NewSprintf(format, str)

5. T4: MenuItem has both Icon AND Shortcut fields?
	Icon Resource
	Shortcut Shortcut

6. T5: All three toolbar constructors return concrete types?
4

7. T6: Container.Add() nil-safe implementation?
1

8. T7: desktop.App has BOTH required methods?
4

=== FINAL BUILD & TEST ===
Build: PASS
