/app/version.go
/app/server/option_test.go
/app/server/middlewares.go
/app/server/invoke_test.go
/app/server/streamxserver/option.go
/app/server/streamxserver/server_gen.go
/app/server/stream_test.go
/app/server/option.go
/app/server/middlewares_test.go
/app/server/invoke/message.go
/app/server/invoke/message_test.go
/app/server/mocks_test.go
/app/server/option_advanced_test.go
/app/server/option_stream.go
/app/server/register_option.go
/app/server/server_test.go
/app/server/genericserver/server_test.go
/app/server/genericserver/server.go
/app/server/service.go
/app/server/register_option_test.go
