total 88
drwxrwxr-x 2 root root  4096 Apr 12 15:49 .
drwxrwxr-x 6 root root  4096 Apr 12 15:49 ..
-rw-rw-r-- 1 root root  1116 Apr 12 15:21 codec.go
-rw-rw-r-- 1 root root  6924 Apr 12 15:21 codec_apache.go
-rw-rw-r-- 1 root root  6431 Apr 12 15:21 codec_apache_test.go
-rw-rw-r-- 1 root root  3042 Apr 12 15:21 codec_fast.go
-rw-rw-r-- 1 root root  2832 Apr 12 15:21 codec_frugal.go
-rw-rw-r-- 1 root root  8217 Apr 12 15:21 codec_frugal_test.go
-rw-rw-r-- 1 root root  8067 Apr 12 15:21 thrift.go
-rw-rw-r-- 1 root root  4458 Apr 12 15:21 thrift_data.go
-rw-rw-r-- 1 root root  4644 Apr 12 15:21 thrift_data_test.go
-rw-rw-r-- 1 root root 12387 Apr 12 15:21 thrift_test.go
---
total 28
drwxrwxr-x  2 root root 4096 Apr 12 15:49 .
drwxrwxr-x 11 root root 4096 Apr 12 15:49 ..
-rw-rw-r--  1 root root 1632 Apr 12 15:21 lock.go
-rw-rw-r--  1 root root 6564 Apr 12 15:21 option.go
-rw-rw-r--  1 root root 1118 Apr 12 15:21 remote_option.go
-rw-rw-r--  1 root root 1110 Apr 12 15:21 remote_option_windows.go
---
/*
 * Copyright 2021 CloudWeGo Authors
 *
 * Licensed under the Apache License, Version 2.0 (the "License");
 * you may not use this file except in compliance with the License.
 * You may obtain a copy of the License at
 *
 *     http://www.apache.org/licenses/LICENSE-2.0
 *
 * Unless required by applicable law or agreed to in writing, software
 * distributed under the License is distributed on an "AS IS" BASIS,
 * WITHOUT WARRANTIES OR CONDITIONS OF ANY KIND, either express or implied.
 * See the License for the specific language governing permissions and
 * limitations under the License.
 */

package client

import (
	"context"
	"fmt"
	"net"
	"reflect"
	"strings"
	"time"

	"github.com/cloudwego/kitex/internal/client"
	"github.com/cloudwego/kitex/pkg/circuitbreak"
	"github.com/cloudwego/kitex/pkg/connpool"
	"github.com/cloudwego/kitex/pkg/discovery"
	"github.com/cloudwego/kitex/pkg/endpoint"
	"github.com/cloudwego/kitex/pkg/fallback"
	"github.com/cloudwego/kitex/pkg/http"
	"github.com/cloudwego/kitex/pkg/klog"
	"github.com/cloudwego/kitex/pkg/loadbalance"
	"github.com/cloudwego/kitex/pkg/loadbalance/lbcache"
	"github.com/cloudwego/kitex/pkg/remote"
	"github.com/cloudwego/kitex/pkg/remote/trans/netpollmux"
	"github.com/cloudwego/kitex/pkg/remote/trans/nphttp2/grpc"
	"github.com/cloudwego/kitex/pkg/retry"
	"github.com/cloudwego/kitex/pkg/rpcinfo"
	"github.com/cloudwego/kitex/pkg/stats"
	"github.com/cloudwego/kitex/pkg/utils"
	"github.com/cloudwego/kitex/pkg/warmup"
	"github.com/cloudwego/kitex/pkg/xds"
	"github.com/cloudwego/kitex/transport"
)

// Option is the only way to config client.
type Option = client.Option
