======================================================================
TARGETED ROOT VERIFICATION - DISTINGUISHING CHECKS
======================================================================

1. sep.StreamEndpoint signature (Target 2, req 2):
   Found: type StreamEndpoint func(ctx context.Context, st streaming.ServerStream) (err error)

// StreamRecvE
   ✓ CORRECT: Takes ServerStream param, returns error

2. Default transport protocol (Target 3, req 3):
   ✓ CORRECT: Default is transport.Framed

3. EqualsTo methods on StreamRecvEndpoint/StreamSendEndpoint (Target 2, req 1):
   ✓ StreamRecvEndpoint.EqualsTo: True
   ✓ StreamSendEndpoint.EqualsTo: True

4. UnaryEndpoint components (Target 2, req 3):
   ✓ UnaryMiddlewareBuilder: True
   ✓ UnaryChain: True
   ✓ ToMiddleware: True
   ✓ ToUnaryMiddleware: True

5. DummyDummyMiddleware (note double 'Dummy'):
   ✓ cep package: True
   ✓ sep package: True

======================================================================
✅ ALL CRITICAL REQUIREMENTS VERIFIED
✅ COMPLETION APPROVED
======================================================================
