./version.go
./server/option_test.go
./server/middlewares.go
./server/invoke_test.go
./server/streamxserver/option.go
./server/streamxserver/server_gen.go
./server/stream_test.go
./server/option.go
./server/middlewares_test.go
./server/invoke/message.go
./server/invoke/message_test.go
./server/mocks_test.go
./server/option_advanced_test.go
./server/option_stream.go
./server/register_option.go
./server/server_test.go
./server/genericserver/server_test.go
./server/genericserver/server.go
./server/service.go
./server/register_option_test.go
./server/hooks.go
./server/invoke.go
./server/service_inline.go
./server/server.go
./server/option_advanced.go
./server/stream.go
./server/deprecated.go
./server/service_test.go
./server/service_inline_test.go
./transport/keys.go
