=== TEST EXPECTATIONS ===
	t.Run("FastCodec", func(t *testing.T) {
		buf, err := MarshalThriftData(context.Background(), NewThriftCodecWithConfig(FastRead|FastWrite), mockReq)
		test.Assert(t, err == nil, err)
		test.Assert(t, reflect.DeepEqual(buf, mockReqThrift), buf)
	})
	t.Run("BasicCodec", func(t *testing.T) {
		// Target 4: BasicCodec should succeed by falling back to FastCodec/Frugal
		buf, err := MarshalThriftData(context.Background(), NewThriftCodecWithConfig(Basic), mockReq)
		test.Assert(t, err == nil, err)
		test.Assert(t, reflect.DeepEqual(buf, mockReqThrift), buf)
	})
	// FrugalCodec: in thrift_frugal_amd64_test.go: TestMarshalThriftDataFrugal
}

func checkDecodeResult(t *testing.T, err error, req *mocks.MockReq) {
	t.Helper()
	test.Assert(t, err == nil, err)
	test.Assert(t, req.Msg == mockReq.Msg, req.Msg, mockReq.Msg)
	test.Assert(t, len(req.StrMap) == 0, req.StrMap)
	test.Assert(t, len(req.StrList) == 0, req.StrList)
}

--
	t.Run("FastCodec", func(t *testing.T) {
		req := &mocks.MockReq{}
		err := UnmarshalThriftData(context.Background(), NewThriftCodecWithConfig(FastRead|FastWrite), "mock", mockReqThrift, req)
		checkDecodeResult(t, err, req)
	})
	t.Run("BasicCodec", func(t *testing.T) {
		// Target 4: BasicCodec should succeed by falling back to FastCodec/Frugal
