=== TARGET 2: JSON Theme Support ===
1. theme/json.go exists with FromJSON and FromJSONReader:
-rw-r--r-- 1 root root 6262 Oct  4 06:09 theme/json.go
func FromJSON(data string) (fyne.Theme, error) {
func FromJSONReader(r io.Reader) (fyne.Theme, error) {

2. VariantDark and VariantLight constants:
	// VariantDark is the dark version of a theme.
	//
	// Since: 2.2
	VariantDark ThemeVariant = iota

	// VariantLight is the light version of a theme.
	//
	// Since: 2.2
	VariantLight
)

=== TARGET 3: Data Binding Formatting ===
1. data/binding/sprintf.go exists:
-rw-r--r-- 1 root root 3388 Oct  4 06:20 data/binding/sprintf.go

2. NewSprintf and StringToStringWithFormat functions:
func NewSprintf(format string, bindings ...DataItem) String {
func StringToStringWithFormat(str String, format string) String {

=== TARGET 4: Menu System Enhancements ===
1. MenuItem Icon and Shortcut fields:
	// Icon is an optional icon to display alongside the menu item label.
	Icon Resource

2. Menu.Refresh and MainMenu.Refresh methods:
func (m *Menu) Refresh() {
func (m *MainMenu) Refresh() {
