{
  "/app/pkg/streaming": {
    "exists": true,
    "is_dir": true,
    "files": [
      "timeout.go",
      "util.go",
      "timeout_test.go",
      "util_test.go",
      "context.go",
      "streaming.go"
    ]
  },
  "/app/pkg/endpoint": {
    "exists": true,
    "is_dir": true,
    "files": [
      "endpoint_test.go",
      "endpoint.go",
      "recv_endpoint.go",
      "send_endpoint.go"
    ]
  },
  "/app/pkg/endpoint/cep": {
    "exists": false,
    "is_dir": false,
    "files": []
  },
  "/app/pkg/endpoint/sep": {
    "exists": false,
    "is_dir": false,
    "files": []
  },
  "/app/transport": {
    "exists": true,
    "is_dir": true,
    "files": [
      "keys.go"
    ]
  },
  "/app/client": {
    "exists": true,
    "is_dir": true,
    "files": [
      "context_middleware_test.go",
      "context_middleware.go",
      "client_test.go",
      "option_test.go",
      "middlewares.go",
      "rpctimeout_test.go",
      "stream_test.go",
      "option.go",
      "client.go",
      "middlewares_test.go"
    ]
  },
  "/app/pkg/remote/codec/thrift": {
    "exists": true,
    "is_dir": true,
    "files": [
      "codec_fast.go",
      "codec_apache_test.go",
      "codec.go",
      "codec_apache.go",
      "thrift_data_test.go",
      "thrift_test.go",
      "codec_frugal.go",
      "thrift.go",
      "codec_frugal_test.go",
      "thrift_data.go"
    ]
  },
  "/app/pkg/remote/trans/nphttp2": {
    "exists": true,
    "is_dir": true,
    "files": [
      "server_conn.go",
      "server_conn_test.go",
      "codes.go",
      "stream_middleware.go",
      "stream_test.go",
      "client_conn.go",
      "server_handler.go",
      "doc.go",
      "mocks_test.go",
      "client_handler_test.go"
    ]
  }
}
