=== WithRecvTimeout implementation (around line 51-56) ===
46: 	return ConvertOptionFrom(callopt.WithTag(key, val))
47: }
48: 
49: // WithRecvTimeout sets the receive timeout for streaming calls
50: func WithRecvTimeout(d time.Duration) Option {
51: 	return Option{f: func(o *callopt.CallOptions, di *strings.Builder) {
52: 		di.WriteString("WithRecvTimeout()")
53: 		o.configs.SetStreamRecvTimeout(d)
54: 	}}
55: }

=== Current imports ===
16: 
17: package streamcall
18: 
19: import (
20: 	"time"
21: 
22: 	"github.com/cloudwego/kitex/client/callopt"
23: )
24: 
