================================================================================
COMPREHENSIVE VERIFICATION OF 6 TARGETS
================================================================================

TARGET 1: Streaming Types
----------------------------------------
  ✓ types.go: All required content present
  ✓ generic.go: All required content present
  ✓ streaming.go: All required content present

TARGET 2: Endpoint Architecture
----------------------------------------
  ✓ endpoint.go: All required content present
  ✓ endpoint.go: All required content present
  ✓ unary.go: All required content present
  ✓ deprecated.go: All required content present

TARGET 3: Transport Protocol
----------------------------------------
  ✓ TTHeaderStreaming dedicated flag
  ✓ GRPCStreaming flag
  ✓ String() handles composites
  ✓ HESSIAN2 returns Hessian2
  ✓ Default protocol = transport.Framed

================================================================================
VERIFICATION SUMMARY (Targets 1-3)
================================================================================
Target 1: PASS
Target 2: PASS
Target 3: PASS
