=== FINAL VERIFICATION OF ALL 7 TARGETS ===

Target 1 - App.Metadata() in both implementations:
app/app.go:108:func (a *fyneApp) Metadata() fyne.AppMetadata {
test/testapp.go:89:func (a *testApp) Metadata() fyne.AppMetadata {

Target 2 - JSON Theme functions:
38:func FromJSON(data string) (fyne.Theme, error) {
46:func FromJSONReader(r io.Reader) (fyne.Theme, error) {

Target 3 - Data binding formatting:
26:func NewSprintf(format string, bindings ...DataItem) String {
193:func StringToStringWithFormat(str String, format string) String {

Target 4 - Menu Icon/Shortcut fields:

Target 5 - Toolbar return types (must be concrete):
39:func NewToolbarAction(icon fyne.Resource, onActivated func()) *ToolbarAction {
55:func NewToolbarSpacer() *ToolbarSpacer {
70:func NewToolbarSeparator() *ToolbarSeparator {

Target 6 - Widget improvements:
  - Container.RemoveAll:
171:func (c *Container) RemoveAll() {
  - Hyperlink.OnTapped:
29:	OnTapped func()
  - Entry.SetMinRowsVisible:
466:func (e *Entry) SetMinRowsVisible(rows int) {
  - NewAllStrings signature:
10:func NewAllStrings(validators ...fyne.StringValidator) fyne.StringValidator {

Target 7 - desktop.App interface methods:
13:	// SetSystemTrayMenu sets the menu for the system tray icon
14:	SetSystemTrayMenu(*fyne.Menu)
15:	// SetSystemTrayIcon sets the system tray icon
16:	SetSystemTrayIcon(fyne.Resource)
