=== OVERALL STATUS (Turn 71/300) ===

Completed:
  ✓ Target 1: Streaming Types - COMPLETE
  ✓ Target 2: Endpoint Architecture - COMPLETE (cleanup done)
  ✓ Target 4: Thrift Codec Fallback - COMPLETE

Mostly Complete:
  ⚠ Target 3: Transport Protocol - MOSTLY DONE
    ✓ TTHeaderStreaming/GRPCStreaming flags
    ✓ String() handles composites
    ⚠ Default protocol change - NOT VERIFIED

Incomplete:
  ✗ Target 5: Client Options - MAJORLY INCOMPLETE
    ✗ Missing option_unary.go (not created)
    ✗ Missing option_ttstream.go (not created)
    ✗ option_stream.go has syntax error
    ✗ Missing type aliases in option.go
    ✗ Missing TailOption implementation
    ✗ Missing WithRecvTimeout in callopt/streamcall
    ✗ Missing retry migration to UnaryOptions

  ⚠ Target 6: gRPC Diagnostics - PARTIAL
    ✓ conn_pool.Dump() method added
    ✗ frame_reader readAndCheckFrameHeader NOT done

Progress: 3.5/6 targets complete, 71 turns used
