/app/settings.go:	// ThemeVariant defines which preferred version of a theme should be used (i.e. light or dark)
/app/settings.go:	ThemeVariant() ThemeVariant
/app/theme.go:// ThemeVariant indicates a variation of a theme, such as light or dark.
/app/theme.go:type ThemeVariant uint
/app/theme.go:	Color(ThemeColorName, ThemeVariant) color.Color
/app/theme/json.go:func (t *jsonTheme) Color(name fyne.ThemeColorName, variant fyne.ThemeVariant) color.Color {
/app/theme/json.go:	if variant == fyne.VariantDark {
/app/theme/json.go:	} else if variant == fyne.VariantLight {
/app/theme/legacy.go:func (l *legacyWrapper) Color(n fyne.ThemeColorName, v fyne.ThemeVariant) color.Color {
/app/theme/legacy_test.go:	assert.Equal(t, oldTheme.BackgroundColor(), newTheme.Color(ColorNameBackground, VariantLight))
/app/theme/legacy_test.go:	assert.Equal(t, oldTheme.ShadowColor(), newTheme.Color(ColorNameShadow, VariantLight))
/app/theme/legacy_test.go:	assert.Equal(t, oldTheme.TextColor(), newTheme.Color(ColorNameForeground, VariantLight))
/app/theme/theme.go:	// VariantDark is the version of a theme that satisfies a user preference for a light look.
/app/theme/theme.go:	VariantDark fyne.ThemeVariant = 0
/app/theme/theme.go:	// VariantLight is the version of a theme that satisfies a user preference for a dark look.
/app/theme/theme.go:	VariantLight fyne.ThemeVariant = 1
/app/theme/theme.go:	variantNameUserPreference fyne.ThemeVariant = 2 // locally used in builtinTheme for backward compatibility
/app/theme/theme.go:	variant fyne.ThemeVariant
/app/theme/theme.go:	theme := &builtinTheme{variant: VariantLight}
/app/theme/theme.go:	theme := &builtinTheme{variant: VariantDark}
