total 188
drwxrwxr-x 1 root root  4096 Apr 12 15:49 .
drwxrwxr-x 1 root root  4096 Apr 12 15:49 ..
-rw-rw-r-- 1 root root  3549 Apr 12 15:21 buffer.go
-rw-rw-r-- 1 root root  1409 Apr 12 15:21 buffer_test.go
-rw-rw-r-- 1 root root  5085 Apr 12 15:21 client_conn.go
-rw-rw-r-- 1 root root  2844 Apr 12 15:21 client_conn_test.go
-rw-rw-r-- 1 root root  3275 Apr 12 15:21 client_handler.go
-rw-rw-r-- 1 root root  4343 Apr 12 15:21 client_handler_test.go
drwxrwxr-x 2 root root  4096 Apr 12 15:49 codes
-rw-rw-r-- 1 root root  2712 Apr 12 15:21 codes.go
-rw-rw-r-- 1 root root  3369 Apr 12 15:21 codes_test.go
-rw-rw-r-- 1 root root  8310 Oct  3 19:20 conn_pool.go
-rw-rw-r-- 1 root root  3285 Apr 12 15:21 conn_pool_test.go
-rw-rw-r-- 1 root root   666 Apr 12 15:21 doc.go
drwxrwxr-x 1 root root  4096 Apr 12 15:49 grpc
-rw-rw-r-- 1 root root  5435 Apr 12 15:21 meta_api.go
-rw-rw-r-- 1 root root  1449 Apr 12 15:21 meta_api_test.go
drwxrwxr-x 2 root root  4096 Apr 12 15:49 metadata
-rw-rw-r-- 1 root root 21574 Apr 12 15:21 mocks_test.go
drwxrwxr-x 2 root root  4096 Apr 12 15:49 peer
-rw-rw-r-- 1 root root  2976 Apr 12 15:21 server_conn.go
-rw-rw-r-- 1 root root  4921 Apr 12 15:21 server_conn_test.go
-rw-rw-r-- 1 root root 14092 Apr 12 15:21 server_handler.go
-rw-rw-r-- 1 root root 10783 Apr 12 15:21 server_handler_test.go
drwxrwxr-x 2 root root  4096 Apr 12 15:49 status
-rw-rw-r-- 1 root root  3778 Apr 12 15:21 stream.go
-rw-rw-r-- 1 root root  1337 Apr 12 15:21 stream_middleware.go
-rw-rw-r-- 1 root root  1940 Apr 12 15:21 stream_test.go
