{
  "Target 1 - Streaming Types": {
    "/app/pkg/streaming/types.go": true,
    "/app/pkg/streaming/generic.go": true
  },
  "Target 2 - Endpoint Architecture": {
    "/app/pkg/endpoint/cep/endpoint.go": true,
    "/app/pkg/endpoint/sep/endpoint.go": true,
    "/app/pkg/endpoint/unary.go": true,
    "/app/pkg/endpoint/deprecated.go": true
  },
  "Target 5 - Client Options": {
    "/app/client/option_unary.go": true,
    "/app/client/option_stream.go": true,
    "/app/client/option_ttstream.go": true,
    "/app/client/option_categories.go": true
  },
  "Task Agent FAKE Claims": {
    "/app/pkg/streamx/stream_handler.go": true,
    "/app/pkg/streamx/stream_context.go": false
  }
}
