 Volume causal-turn30-control-1-live-20261008-run1_model-channel Creating 
 Volume causal-turn30-control-1-live-20261008-run1_model-channel Created 
 Container causal-turn30-control-1-live-20261008-run1-model-gateway-1 Creating 
 Container causal-turn30-control-1-live-20261008-run1-model-gateway-1 Created 
 Container causal-turn30-control-1-live-20261008-run1-main-1 Creating 
 Container causal-turn30-control-1-live-20261008-run1-main-1 Created 
 Container causal-turn30-control-1-live-20261008-run1-model-gateway-1 Starting 
 Container causal-turn30-control-1-live-20261008-run1-model-gateway-1 Started 
 Container causal-turn30-control-1-live-20261008-run1-model-gateway-1 Waiting 
 Container causal-turn30-control-1-live-20261008-run1-model-gateway-1 Healthy 
 Container causal-turn30-control-1-live-20261008-run1-main-1 Starting 
 Container causal-turn30-control-1-live-20261008-run1-main-1 Started 
model-gateway-1  | {"event":"gateway_transport","timestamp":1791396608.8199806,"thread":128394032555712,"stage":"resolved","status":"ok"}
model-gateway-1  | {"event":"gateway_transport","timestamp":1791396609.4972122,"thread":128394032555712,"stage":"connected","status":"ok"}
model-gateway-1  | {"event":"gateway_transport","timestamp":1791396609.4975479,"thread":128394032555712,"stage":"request_sent","status":"ok"}
model-gateway-1  | {"event":"gateway_transport","timestamp":1791396614.811762,"thread":128394032555712,"stage":"response_headers_received","status":"ok","http_status":200}
model-gateway-1  | {"event":"gateway_transport","timestamp":1791396615.8945305,"thread":128394032555712,"stage":"response_stream_completed","status":"ok","http_status":200}
model-gateway-1  | {"event":"gateway_transport","timestamp":1791396615.9844882,"thread":128394032555712,"stage":"resolved","status":"ok"}
model-gateway-1  | {"event":"gateway_transport","timestamp":1791396616.6067793,"thread":128394032555712,"stage":"connected","status":"ok"}
model-gateway-1  | {"event":"gateway_transport","timestamp":1791396616.6071177,"thread":128394032555712,"stage":"request_sent","status":"ok"}
model-gateway-1  | {"event":"gateway_transport","timestamp":1791396619.4231722,"thread":128394032555712,"stage":"response_headers_received","status":"ok","http_status":200}
model-gateway-1  | {"event":"gateway_transport","timestamp":1791396623.3468845,"thread":128394032555712,"stage":"response_stream_completed","status":"ok","http_status":200}
model-gateway-1  | {"event":"gateway_transport","timestamp":1791396623.4383278,"thread":128394032555712,"stage":"resolved","status":"ok"}
model-gateway-1  | {"event":"gateway_transport","timestamp":1791396624.0885355,"thread":128394032555712,"stage":"connected","status":"ok"}
model-gateway-1  | {"event":"gateway_transport","timestamp":1791396624.0888648,"thread":128394032555712,"stage":"request_sent","status":"ok"}
model-gateway-1  | {"event":"gateway_transport","timestamp":1791396626.7667487,"thread":128394032555712,"stage":"response_headers_received","status":"ok","http_status":200}
model-gateway-1  | {"event":"gateway_transport","timestamp":1791396631.2612772,"thread":128394032555712,"stage":"response_stream_completed","status":"ok","http_status":200}
model-gateway-1  | {"event":"gateway_transport","timestamp":1791396631.3553028,"thread":128394032555712,"stage":"resolved","status":"ok"}
model-gateway-1  | {"event":"gateway_transport","timestamp":1791396631.9759898,"thread":128394032555712,"stage":"connected","status":"ok"}
model-gateway-1  | {"event":"gateway_transport","timestamp":1791396631.9763792,"thread":128394032555712,"stage":"request_sent","status":"ok"}
model-gateway-1  | {"event":"gateway_transport","timestamp":1791396634.9611173,"thread":128394032555712,"stage":"response_headers_received","status":"ok","http_status":200}
model-gateway-1  | {"event":"gateway_transport","timestamp":1791396636.5086324,"thread":128394032555712,"stage":"response_stream_completed","status":"ok","http_status":200}
model-gateway-1  | {"event":"gateway_transport","timestamp":1791396636.5953941,"thread":128394032555712,"stage":"resolved","status":"ok"}
model-gateway-1  | {"event":"gateway_transport","timestamp":1791396637.22759,"thread":128394032555712,"stage":"connected","status":"ok"}
model-gateway-1  | {"event":"gateway_transport","timestamp":1791396637.2281508,"thread":128394032555712,"stage":"request_sent","status":"ok"}
model-gateway-1  | {"event":"gateway_transport","timestamp":1791396641.5523727,"thread":128394032555712,"stage":"response_headers_received","status":"ok","http_status":200}
model-gateway-1  | {"event":"gateway_transport","timestamp":1791396645.4279053,"thread":128394032555712,"stage":"response_stream_completed","status":"ok","http_status":200}
model-gateway-1  | {"event":"gateway_transport","timestamp":1791396645.5125487,"thread":128394032555712,"stage":"resolved","status":"ok"}
model-gateway-1  | {"event":"gateway_transport","timestamp":1791396646.1310635,"thread":128394032555712,"stage":"connected","status":"ok"}
model-gateway-1  | {"event":"gateway_transport","timestamp":1791396646.1314037,"thread":128394032555712,"stage":"request_sent","status":"ok"}
model-gateway-1  | {"event":"gateway_transport","timestamp":1791396649.3178608,"thread":128394032555712,"stage":"response_headers_received","status":"ok","http_status":200}
model-gateway-1  | {"event":"gateway_transport","timestamp":1791396650.5836635,"thread":128394032555712,"stage":"response_stream_completed","status":"ok","http_status":200}
model-gateway-1  | {"event":"gateway_transport","timestamp":1791396650.6759408,"thread":128394032555712,"stage":"resolved","status":"ok"}
model-gateway-1  | {"event":"gateway_transport","timestamp":1791396651.3221033,"thread":128394032555712,"stage":"connected","status":"ok"}
model-gateway-1  | {"event":"gateway_transport","timestamp":1791396651.322403,"thread":128394032555712,"stage":"request_sent","status":"ok"}
model-gateway-1  | {"event":"gateway_transport","timestamp":1791396654.547974,"thread":128394032555712,"stage":"response_headers_received","status":"ok","http_status":200}
model-gateway-1  | {"event":"gateway_transport","timestamp":1791396656.1305115,"thread":128394032555712,"stage":"response_stream_completed","status":"ok","http_status":200}
model-gateway-1  | {"event":"gateway_transport","timestamp":1791396656.2163203,"thread":128394032555712,"stage":"resolved","status":"ok"}
model-gateway-1  | {"event":"gateway_transport","timestamp":1791396656.841971,"thread":128394032555712,"stage":"connected","status":"ok"}
model-gateway-1  | {"event":"gateway_transport","timestamp":1791396656.8423498,"thread":128394032555712,"stage":"request_sent","status":"ok"}
model-gateway-1  | {"event":"gateway_transport","timestamp":1791396660.6168466,"thread":128394032555712,"stage":"response_headers_received","status":"ok","http_status":200}
model-gateway-1  | {"event":"gateway_transport","timestamp":1791396663.0137165,"thread":128394032555712,"stage":"response_stream_completed","status":"ok","http_status":200}
model-gateway-1  | {"event":"gateway_transport","timestamp":1791396663.103823,"thread":128394032555712,"stage":"resolved","status":"ok"}
model-gateway-1  | {"event":"gateway_transport","timestamp":1791396663.742287,"thread":128394032555712,"stage":"connected","status":"ok"}
model-gateway-1  | {"event":"gateway_transport","timestamp":1791396663.7425752,"thread":128394032555712,"stage":"request_sent","status":"ok"}
model-gateway-1  | {"event":"gateway_transport","timestamp":1791396666.7884102,"thread":128394032555712,"stage":"response_headers_received","status":"ok","http_status":200}
model-gateway-1  | {"event":"gateway_transport","timestamp":1791396669.578319,"thread":128394032555712,"stage":"response_stream_completed","status":"ok","http_status":200}
model-gateway-1  | {"event":"gateway_transport","timestamp":1791396669.6815886,"thread":128394032555712,"stage":"resolved","status":"ok"}
model-gateway-1  | {"event":"gateway_transport","timestamp":1791396670.3555884,"thread":128394032555712,"stage":"connected","status":"ok"}
model-gateway-1  | {"event":"gateway_transport","timestamp":1791396670.3569183,"thread":128394032555712,"stage":"request_sent","status":"ok"}
model-gateway-1  | {"event":"gateway_transport","timestamp":1791396673.103672,"thread":128394032555712,"stage":"response_headers_received","status":"ok","http_status":200}
model-gateway-1  | {"event":"gateway_transport","timestamp":1791396674.631533,"thread":128394032555712,"stage":"response_stream_completed","status":"ok","http_status":200}
model-gateway-1  | {"event":"gateway_transport","timestamp":1791396674.7340188,"thread":128394032555712,"stage":"resolved","status":"ok"}
model-gateway-1  | {"event":"gateway_transport","timestamp":1791396675.3705008,"thread":128394032555712,"stage":"connected","status":"ok"}
model-gateway-1  | {"event":"gateway_transport","timestamp":1791396675.370838,"thread":128394032555712,"stage":"request_sent","status":"ok"}
model-gateway-1  | {"event":"gateway_transport","timestamp":1791396678.34634,"thread":128394032555712,"stage":"response_headers_received","status":"ok","http_status":200}
model-gateway-1  | {"event":"gateway_transport","timestamp":1791396681.7285848,"thread":128394032555712,"stage":"response_stream_completed","status":"ok","http_status":200}
model-gateway-1  | {"event":"gateway_transport","timestamp":1791396681.823585,"thread":128394032555712,"stage":"resolved","status":"ok"}
model-gateway-1  | {"event":"gateway_transport","timestamp":1791396682.477354,"thread":128394032555712,"stage":"connected","status":"ok"}
model-gateway-1  | {"event":"gateway_transport","timestamp":1791396682.4776711,"thread":128394032555712,"stage":"request_sent","status":"ok"}
model-gateway-1  | {"event":"gateway_transport","timestamp":1791396685.225911,"thread":128394032555712,"stage":"response_headers_received","status":"ok","http_status":200}
model-gateway-1  | {"event":"gateway_transport","timestamp":1791396691.1224825,"thread":128394032555712,"stage":"response_stream_completed","status":"ok","http_status":200}
model-gateway-1  | {"event":"gateway_transport","timestamp":1791396691.2226317,"thread":128394032555712,"stage":"resolved","status":"ok"}
model-gateway-1  | {"event":"gateway_transport","timestamp":1791396691.8732576,"thread":128394032555712,"stage":"connected","status":"ok"}
model-gateway-1  | {"event":"gateway_transport","timestamp":1791396691.8734806,"thread":128394032555712,"stage":"request_sent","status":"ok"}
model-gateway-1  | {"event":"gateway_transport","timestamp":1791396694.9125824,"thread":128394032555712,"stage":"response_headers_received","status":"ok","http_status":200}
model-gateway-1  | {"event":"gateway_transport","timestamp":1791396696.2706144,"thread":128394032555712,"stage":"response_stream_completed","status":"ok","http_status":200}
model-gateway-1  | {"event":"gateway_transport","timestamp":1791396696.3584716,"thread":128394032555712,"stage":"resolved","status":"ok"}
model-gateway-1  | {"event":"gateway_transport","timestamp":1791396696.97923,"thread":128394032555712,"stage":"connected","status":"ok"}
model-gateway-1  | {"event":"gateway_transport","timestamp":1791396696.97953,"thread":128394032555712,"stage":"request_sent","status":"ok"}
model-gateway-1  | {"event":"gateway_transport","timestamp":1791396699.6132064,"thread":128394032555712,"stage":"response_headers_received","status":"ok","http_status":200}
model-gateway-1  | {"event":"gateway_transport","timestamp":1791396700.611058,"thread":128394032555712,"stage":"response_stream_completed","status":"ok","http_status":200}
model-gateway-1  | {"event":"gateway_transport","timestamp":1791396700.6994405,"thread":128394032555712,"stage":"resolved","status":"ok"}
model-gateway-1  | {"event":"gateway_transport","timestamp":1791396701.3288295,"thread":128394032555712,"stage":"connected","status":"ok"}
model-gateway-1  | {"event":"gateway_transport","timestamp":1791396701.329209,"thread":128394032555712,"stage":"request_sent","status":"ok"}
model-gateway-1  | {"event":"gateway_transport","timestamp":1791396704.3758934,"thread":128394032555712,"stage":"response_headers_received","status":"ok","http_status":200}
model-gateway-1  | {"event":"gateway_transport","timestamp":1791396707.9646573,"thread":128394032555712,"stage":"response_stream_completed","status":"ok","http_status":200}
model-gateway-1  | {"event":"gateway_transport","timestamp":1791396708.0528812,"thread":128394032555712,"stage":"resolved","status":"ok"}
model-gateway-1  | {"event":"gateway_transport","timestamp":1791396708.6695032,"thread":128394032555712,"stage":"connected","status":"ok"}
model-gateway-1  | {"event":"gateway_transport","timestamp":1791396708.669808,"thread":128394032555712,"stage":"request_sent","status":"ok"}
model-gateway-1  | {"event":"gateway_transport","timestamp":1791396711.8158984,"thread":128394032555712,"stage":"response_headers_received","status":"ok","http_status":200}
model-gateway-1  | {"event":"gateway_transport","timestamp":1791396713.2082794,"thread":128394032555712,"stage":"response_stream_completed","status":"ok","http_status":200}
model-gateway-1  | {"event":"gateway_transport","timestamp":1791396713.2953522,"thread":128394032555712,"stage":"resolved","status":"ok"}
model-gateway-1  | {"event":"gateway_transport","timestamp":1791396713.9240444,"thread":128394032555712,"stage":"connected","status":"ok"}
model-gateway-1  | {"event":"gateway_transport","timestamp":1791396713.9247742,"thread":128394032555712,"stage":"request_sent","status":"ok"}
model-gateway-1  | {"event":"gateway_transport","timestamp":1791396716.8487527,"thread":128394032555712,"stage":"response_headers_received","status":"ok","http_status":200}
model-gateway-1  | {"event":"gateway_transport","timestamp":1791396721.9737973,"thread":128394032555712,"stage":"response_stream_completed","status":"ok","http_status":200}
model-gateway-1  | {"event":"gateway_transport","timestamp":1791396722.0650613,"thread":128394032555712,"stage":"resolved","status":"ok"}
model-gateway-1  | {"event":"gateway_transport","timestamp":1791396722.6955593,"thread":128394032555712,"stage":"connected","status":"ok"}
model-gateway-1  | {"event":"gateway_transport","timestamp":1791396722.6959584,"thread":128394032555712,"stage":"request_sent","status":"ok"}
model-gateway-1  | {"event":"gateway_transport","timestamp":1791396725.3215528,"thread":128394032555712,"stage":"response_headers_received","status":"ok","http_status":200}
model-gateway-1  | {"event":"gateway_transport","timestamp":1791396730.319869,"thread":128394032555712,"stage":"response_stream_completed","status":"ok","http_status":200}
model-gateway-1  | {"event":"gateway_transport","timestamp":1791396730.40509,"thread":128394032555712,"stage":"resolved","status":"ok"}
model-gateway-1  | {"event":"gateway_transport","timestamp":1791396731.047495,"thread":128394032555712,"stage":"connected","status":"ok"}
model-gateway-1  | {"event":"gateway_transport","timestamp":1791396731.0478275,"thread":128394032555712,"stage":"request_sent","status":"ok"}
model-gateway-1  | {"event":"gateway_transport","timestamp":1791396735.6328564,"thread":128394032555712,"stage":"response_headers_received","status":"ok","http_status":200}
model-gateway-1  | {"event":"gateway_transport","timestamp":1791396736.1660569,"thread":128394032555712,"stage":"response_stream_completed","status":"ok","http_status":200}
model-gateway-1  | {"event":"gateway_transport","timestamp":1791396737.2545776,"thread":128394032555712,"stage":"resolved","status":"ok"}
model-gateway-1  | {"event":"gateway_transport","timestamp":1791396737.8777385,"thread":128394032555712,"stage":"connected","status":"ok"}
model-gateway-1  | {"event":"gateway_transport","timestamp":1791396737.8780258,"thread":128394032555712,"stage":"request_sent","status":"ok"}
model-gateway-1  | {"event":"gateway_transport","timestamp":1791396740.522941,"thread":128394032555712,"stage":"response_headers_received","status":"ok","http_status":200}
model-gateway-1  | {"event":"gateway_transport","timestamp":1791396741.672552,"thread":128394032555712,"stage":"response_stream_completed","status":"ok","http_status":200}
model-gateway-1  | {"event":"gateway_transport","timestamp":1791396742.7579935,"thread":128394032555712,"stage":"resolved","status":"ok"}
model-gateway-1  | {"event":"gateway_transport","timestamp":1791396743.4556396,"thread":128394032555712,"stage":"connected","status":"ok"}
model-gateway-1  | {"event":"gateway_transport","timestamp":1791396743.4559317,"thread":128394032555712,"stage":"request_sent","status":"ok"}
model-gateway-1  | {"event":"gateway_transport","timestamp":1791396746.9393735,"thread":128394032555712,"stage":"response_headers_received","status":"ok","http_status":200}
model-gateway-1  | {"event":"gateway_transport","timestamp":1791396753.406225,"thread":128394032555712,"stage":"response_stream_completed","status":"ok","http_status":200}
model-gateway-1  | {"event":"gateway_transport","timestamp":1791396753.4910755,"thread":128394032555712,"stage":"resolved","status":"ok"}
model-gateway-1  | {"event":"gateway_transport","timestamp":1791396754.1227367,"thread":128394032555712,"stage":"connected","status":"ok"}
model-gateway-1  | {"event":"gateway_transport","timestamp":1791396754.1230357,"thread":128394032555712,"stage":"request_sent","status":"ok"}
model-gateway-1  | {"event":"gateway_transport","timestamp":1791396757.377748,"thread":128394032555712,"stage":"response_headers_received","status":"ok","http_status":200}
model-gateway-1  | {"event":"gateway_transport","timestamp":1791396781.2989497,"thread":128394032555712,"stage":"response_stream_completed","status":"ok","http_status":200}
model-gateway-1  | {"event":"gateway_transport","timestamp":1791396781.3839712,"thread":128394032555712,"stage":"resolved","status":"ok"}
model-gateway-1  | {"event":"gateway_transport","timestamp":1791396782.0282085,"thread":128394032555712,"stage":"connected","status":"ok"}
model-gateway-1  | {"event":"gateway_transport","timestamp":1791396782.0285995,"thread":128394032555712,"stage":"request_sent","status":"ok"}
model-gateway-1  | {"event":"gateway_transport","timestamp":1791396784.8828454,"thread":128394032555712,"stage":"response_headers_received","status":"ok","http_status":200}
model-gateway-1  | {"event":"gateway_transport","timestamp":1791396786.8859956,"thread":128394032555712,"stage":"response_stream_completed","status":"ok","http_status":200}
model-gateway-1  | {"event":"gateway_transport","timestamp":1791396787.9674437,"thread":128394032555712,"stage":"resolved","status":"ok"}
model-gateway-1  | {"event":"gateway_transport","timestamp":1791396788.5924196,"thread":128394032555712,"stage":"connected","status":"ok"}
model-gateway-1  | {"event":"gateway_transport","timestamp":1791396788.5927138,"thread":128394032555712,"stage":"request_sent","status":"ok"}
model-gateway-1  | {"event":"gateway_transport","timestamp":1791396791.5831983,"thread":128394032555712,"stage":"response_headers_received","status":"ok","http_status":200}
model-gateway-1  | {"event":"gateway_transport","timestamp":1791396794.6317298,"thread":128394032555712,"stage":"response_stream_completed","status":"ok","http_status":200}
model-gateway-1  | {"event":"gateway_transport","timestamp":1791396795.714561,"thread":128394032555712,"stage":"resolved","status":"ok"}
model-gateway-1  | {"event":"gateway_transport","timestamp":1791396796.340299,"thread":128394032555712,"stage":"connected","status":"ok"}
model-gateway-1  | {"event":"gateway_transport","timestamp":1791396796.3405986,"thread":128394032555712,"stage":"request_sent","status":"ok"}
model-gateway-1  | {"event":"gateway_transport","timestamp":1791396799.6447592,"thread":128394032555712,"stage":"response_headers_received","status":"ok","http_status":200}
model-gateway-1  | {"event":"gateway_transport","timestamp":1791396801.4070866,"thread":128394032555712,"stage":"response_stream_completed","status":"ok","http_status":200}
model-gateway-1  | {"event":"gateway_transport","timestamp":1791396801.4970756,"thread":128394032555712,"stage":"resolved","status":"ok"}
model-gateway-1  | {"event":"gateway_transport","timestamp":1791396802.121841,"thread":128394032555712,"stage":"connected","status":"ok"}
model-gateway-1  | {"event":"gateway_transport","timestamp":1791396802.12266,"thread":128394032555712,"stage":"request_sent","status":"ok"}
model-gateway-1  | {"event":"gateway_transport","timestamp":1791396804.8755665,"thread":128394032555712,"stage":"response_headers_received","status":"ok","http_status":200}
model-gateway-1  | {"event":"gateway_transport","timestamp":1791396807.0352337,"thread":128394032555712,"stage":"response_stream_completed","status":"ok","http_status":200}
model-gateway-1  | {"event":"gateway_transport","timestamp":1791396808.139296,"thread":128394032555712,"stage":"resolved","status":"ok"}
model-gateway-1  | {"event":"gateway_transport","timestamp":1791396808.7856493,"thread":128394032555712,"stage":"connected","status":"ok"}
model-gateway-1  | {"event":"gateway_transport","timestamp":1791396808.7859693,"thread":128394032555712,"stage":"request_sent","status":"ok"}
model-gateway-1  | {"event":"gateway_transport","timestamp":1791396811.3037832,"thread":128394032555712,"stage":"response_headers_received","status":"ok","http_status":200}
model-gateway-1  | {"event":"gateway_transport","timestamp":1791396812.9905221,"thread":128394032555712,"stage":"response_stream_completed","status":"ok","http_status":200}
model-gateway-1  | {"event":"gateway_transport","timestamp":1791396814.0861526,"thread":128394032555712,"stage":"resolved","status":"ok"}
model-gateway-1  | {"event":"gateway_transport","timestamp":1791396814.7139397,"thread":128394032555712,"stage":"connected","status":"ok"}
model-gateway-1  | {"event":"gateway_transport","timestamp":1791396814.71423,"thread":128394032555712,"stage":"request_sent","status":"ok"}
model-gateway-1  | {"event":"gateway_transport","timestamp":1791396819.2976952,"thread":128394032555712,"stage":"response_headers_received","status":"ok","http_status":200}
model-gateway-1  | {"event":"gateway_transport","timestamp":1791396820.5216477,"thread":128394032555712,"stage":"response_stream_completed","status":"ok","http_status":200}
model-gateway-1  | {"event":"gateway_transport","timestamp":1791396820.6067953,"thread":128394032555712,"stage":"resolved","status":"ok"}
model-gateway-1  | {"event":"gateway_transport","timestamp":1791396821.2382996,"thread":128394032555712,"stage":"connected","status":"ok"}
model-gateway-1  | {"event":"gateway_transport","timestamp":1791396821.2386866,"thread":128394032555712,"stage":"request_sent","status":"ok"}
model-gateway-1  | {"event":"gateway_transport","timestamp":1791396824.1013155,"thread":128394032555712,"stage":"response_headers_received","status":"ok","http_status":200}
model-gateway-1  | {"event":"gateway_transport","timestamp":1791396825.7444377,"thread":128394032555712,"stage":"response_stream_completed","status":"ok","http_status":200}
model-gateway-1  | {"event":"gateway_transport","timestamp":1791396825.8312736,"thread":128394032555712,"stage":"resolved","status":"ok"}
model-gateway-1  | {"event":"gateway_transport","timestamp":1791396826.4846864,"thread":128394032555712,"stage":"connected","status":"ok"}
model-gateway-1  | {"event":"gateway_transport","timestamp":1791396826.484993,"thread":128394032555712,"stage":"request_sent","status":"ok"}
model-gateway-1  | {"event":"gateway_transport","timestamp":1791396829.2074208,"thread":128394032555712,"stage":"response_headers_received","status":"ok","http_status":200}
model-gateway-1  | {"event":"gateway_transport","timestamp":1791396839.2756217,"thread":128394032555712,"stage":"response_stream_completed","status":"ok","http_status":200}
model-gateway-1  | {"event":"gateway_transport","timestamp":1791396839.3843336,"thread":128394032555712,"stage":"resolved","status":"ok"}
model-gateway-1  | {"event":"gateway_transport","timestamp":1791396840.0214818,"thread":128394032555712,"stage":"connected","status":"ok"}
model-gateway-1  | {"event":"gateway_transport","timestamp":1791396840.0218613,"thread":128394032555712,"stage":"request_sent","status":"ok"}
model-gateway-1  | {"event":"gateway_transport","timestamp":1791396843.0961516,"thread":128394032555712,"stage":"response_headers_received","status":"ok","http_status":200}
model-gateway-1  | {"event":"gateway_transport","timestamp":1791396844.3305519,"thread":128394032555712,"stage":"response_stream_completed","status":"ok","http_status":200}
model-gateway-1  | {"event":"gateway_transport","timestamp":1791396844.4325848,"thread":128394032555712,"stage":"resolved","status":"ok"}
model-gateway-1  | {"event":"gateway_transport","timestamp":1791396845.0526097,"thread":128394032555712,"stage":"connected","status":"ok"}
model-gateway-1  | {"event":"gateway_transport","timestamp":1791396845.052992,"thread":128394032555712,"stage":"request_sent","status":"ok"}
model-gateway-1  | {"event":"gateway_transport","timestamp":1791396848.0428016,"thread":128394032555712,"stage":"response_headers_received","status":"ok","http_status":200}
model-gateway-1  | {"event":"gateway_transport","timestamp":1791396850.0963225,"thread":128394032555712,"stage":"response_stream_completed","status":"ok","http_status":200}
model-gateway-1  | {"event":"gateway_transport","timestamp":1791396851.188734,"thread":128394032555712,"stage":"resolved","status":"ok"}
model-gateway-1  | {"event":"gateway_transport","timestamp":1791396851.826614,"thread":128394032555712,"stage":"connected","status":"ok"}
model-gateway-1  | {"event":"gateway_transport","timestamp":1791396851.8268921,"thread":128394032555712,"stage":"request_sent","status":"ok"}
model-gateway-1  | {"event":"gateway_transport","timestamp":1791396855.0714648,"thread":128394032555712,"stage":"response_headers_received","status":"ok","http_status":200}
model-gateway-1  | {"event":"gateway_transport","timestamp":1791396856.3559093,"thread":128394032555712,"stage":"response_stream_completed","status":"ok","http_status":200}
model-gateway-1  | {"event":"gateway_transport","timestamp":1791396857.4388108,"thread":128394032555712,"stage":"resolved","status":"ok"}
model-gateway-1  | {"event":"gateway_transport","timestamp":1791396858.0759506,"thread":128394032555712,"stage":"connected","status":"ok"}
model-gateway-1  | {"event":"gateway_transport","timestamp":1791396858.0763607,"thread":128394032555712,"stage":"request_sent","status":"ok"}
model-gateway-1  | {"event":"gateway_transport","timestamp":1791396860.8253784,"thread":128394032555712,"stage":"response_headers_received","status":"ok","http_status":200}
model-gateway-1  | {"event":"gateway_transport","timestamp":1791396862.3911886,"thread":128394032555712,"stage":"response_stream_completed","status":"ok","http_status":200}
model-gateway-1  | {"event":"gateway_transport","timestamp":1791396865.478265,"thread":128394032555712,"stage":"resolved","status":"ok"}
model-gateway-1  | {"event":"gateway_transport","timestamp":1791396866.1048524,"thread":128394032555712,"stage":"connected","status":"ok"}
model-gateway-1  | {"event":"gateway_transport","timestamp":1791396866.105167,"thread":128394032555712,"stage":"request_sent","status":"ok"}
model-gateway-1  | {"event":"gateway_transport","timestamp":1791396868.7248263,"thread":128394032555712,"stage":"response_headers_received","status":"ok","http_status":200}
model-gateway-1  | {"event":"gateway_transport","timestamp":1791396870.1538036,"thread":128394032555712,"stage":"response_stream_completed","status":"ok","http_status":200}
model-gateway-1  | {"event":"gateway_transport","timestamp":1791396870.2368717,"thread":128394032555712,"stage":"resolved","status":"ok"}
model-gateway-1  | {"event":"gateway_transport","timestamp":1791396870.8520417,"thread":128394032555712,"stage":"connected","status":"ok"}
model-gateway-1  | {"event":"gateway_transport","timestamp":1791396870.852363,"thread":128394032555712,"stage":"request_sent","status":"ok"}
model-gateway-1  | {"event":"gateway_transport","timestamp":1791396875.8039186,"thread":128394032555712,"stage":"response_headers_received","status":"ok","http_status":200}
model-gateway-1  | {"event":"gateway_transport","timestamp":1791396877.2150798,"thread":128394032555712,"stage":"response_stream_completed","status":"ok","http_status":200}
model-gateway-1  | {"event":"gateway_transport","timestamp":1791396877.3043168,"thread":128394032555712,"stage":"resolved","status":"ok"}
model-gateway-1  | {"event":"gateway_transport","timestamp":1791396877.9291832,"thread":128394032555712,"stage":"connected","status":"ok"}
model-gateway-1  | {"event":"gateway_transport","timestamp":1791396877.9294527,"thread":128394032555712,"stage":"request_sent","status":"ok"}
model-gateway-1  | {"event":"gateway_transport","timestamp":1791396880.5170739,"thread":128394032555712,"stage":"response_headers_received","status":"ok","http_status":200}
model-gateway-1  | {"event":"gateway_transport","timestamp":1791396882.4201922,"thread":128394032555712,"stage":"response_stream_completed","status":"ok","http_status":200}
model-gateway-1  | {"event":"gateway_transport","timestamp":1791396885.5053437,"thread":128394032555712,"stage":"resolved","status":"ok"}
model-gateway-1  | {"event":"gateway_transport","timestamp":1791396886.1599479,"thread":128394032555712,"stage":"connected","status":"ok"}
model-gateway-1  | {"event":"gateway_transport","timestamp":1791396886.1602082,"thread":128394032555712,"stage":"request_sent","status":"ok"}
model-gateway-1  | {"event":"gateway_transport","timestamp":1791396889.43555,"thread":128394032555712,"stage":"response_headers_received","status":"ok","http_status":200}
model-gateway-1  | {"event":"gateway_transport","timestamp":1791396890.7987835,"thread":128394032555712,"stage":"response_stream_completed","status":"ok","http_status":200}
model-gateway-1  | {"event":"gateway_transport","timestamp":1791396890.8890123,"thread":128394032555712,"stage":"resolved","status":"ok"}
model-gateway-1  | {"event":"gateway_transport","timestamp":1791396891.5278182,"thread":128394032555712,"stage":"connected","status":"ok"}
model-gateway-1  | {"event":"gateway_transport","timestamp":1791396891.5282059,"thread":128394032555712,"stage":"request_sent","status":"ok"}
model-gateway-1  | {"event":"gateway_transport","timestamp":1791396895.339963,"thread":128394032555712,"stage":"response_headers_received","status":"ok","http_status":200}
model-gateway-1  | {"event":"gateway_transport","timestamp":1791396896.4203105,"thread":128394032555712,"stage":"response_stream_completed","status":"ok","http_status":200}
model-gateway-1  | {"event":"gateway_transport","timestamp":1791396896.5063803,"thread":128394032555712,"stage":"resolved","status":"ok"}
model-gateway-1  | {"event":"gateway_transport","timestamp":1791396897.1275618,"thread":128394032555712,"stage":"connected","status":"ok"}
model-gateway-1  | {"event":"gateway_transport","timestamp":1791396897.1280475,"thread":128394032555712,"stage":"request_sent","status":"ok"}
model-gateway-1  | {"event":"gateway_transport","timestamp":1791396900.1514654,"thread":128394032555712,"stage":"response_headers_received","status":"ok","http_status":200}
model-gateway-1  | {"event":"gateway_transport","timestamp":1791396908.7945547,"thread":128394032555712,"stage":"response_stream_completed","status":"ok","http_status":200}
model-gateway-1  | {"event":"gateway_transport","timestamp":1791396911.8852746,"thread":128394032555712,"stage":"resolved","status":"ok"}
model-gateway-1  | {"event":"gateway_transport","timestamp":1791396912.5201554,"thread":128394032555712,"stage":"connected","status":"ok"}
model-gateway-1  | {"event":"gateway_transport","timestamp":1791396912.5205166,"thread":128394032555712,"stage":"request_sent","status":"ok"}
model-gateway-1  | {"event":"gateway_transport","timestamp":1791396915.1959453,"thread":128394032555712,"stage":"response_headers_received","status":"ok","http_status":200}
model-gateway-1  | {"event":"gateway_transport","timestamp":1791396920.9035113,"thread":128394032555712,"stage":"response_stream_completed","status":"ok","http_status":200}
model-gateway-1  | {"event":"gateway_transport","timestamp":1791396921.9873695,"thread":128394032555712,"stage":"resolved","status":"ok"}
model-gateway-1  | {"event":"gateway_transport","timestamp":1791396922.6414993,"thread":128394032555712,"stage":"connected","status":"ok"}
model-gateway-1  | {"event":"gateway_transport","timestamp":1791396922.6417818,"thread":128394032555712,"stage":"request_sent","status":"ok"}
model-gateway-1  | {"event":"gateway_transport","timestamp":1791396925.382915,"thread":128394032555712,"stage":"response_headers_received","status":"ok","http_status":200}
model-gateway-1  | {"event":"gateway_transport","timestamp":1791396957.9838715,"thread":128394032555712,"stage":"response_stream_completed","status":"ok","http_status":200}
model-gateway-1  | {"event":"gateway_transport","timestamp":1791396958.0710645,"thread":128394032555712,"stage":"resolved","status":"ok"}
model-gateway-1  | {"event":"gateway_transport","timestamp":1791396958.7269323,"thread":128394032555712,"stage":"connected","status":"ok"}
model-gateway-1  | {"event":"gateway_transport","timestamp":1791396958.7276592,"thread":128394032555712,"stage":"request_sent","status":"ok"}
model-gateway-1  | {"event":"gateway_transport","timestamp":1791396961.604421,"thread":128394032555712,"stage":"response_headers_received","status":"ok","http_status":200}
model-gateway-1  | {"event":"gateway_transport","timestamp":1791396968.635468,"thread":128394032555712,"stage":"response_stream_completed","status":"ok","http_status":200}
 Compose Stopping Aborting on container exit...
 Container causal-turn30-control-1-live-20261008-run1-main-1 Stopping 
 Container causal-turn30-control-1-live-20261008-run1-main-1 Stopped 
 Container causal-turn30-control-1-live-20261008-run1-model-gateway-1 Stopping 
 Container causal-turn30-control-1-live-20261008-run1-model-gateway-1 Stopped 
