// WithHostPort specifies the target address for an RPC call.
func WithHostPort(hostPort string) Option {
	return ConvertOptionFrom(callopt.WithHostPort(hostPort))
}

--
// The given url will be resolved to hostport and overwrites the result from Resolver.
func WithURL(url string) Option {
	return ConvertOptionFrom(callopt.WithURL(url))
}

// WithConnectTimeout specifies the connection timeout for a RPC call.
func WithConnectTimeout(d time.Duration) Option {
	return ConvertOptionFrom(callopt.WithConnectTimeout(d))
}

// WithTag sets the tags for service discovery for an RPC call.
func WithTag(key, val string) Option {
	return ConvertOptionFrom(callopt.WithTag(key, val))
}

// WithRecvTimeout specifies the receive timeout for a streaming RPC call.
func WithRecvTimeout(d time.Duration) Option {
	return ConvertOptionFrom(callopt.WithRecvTimeout(d))
}
