=== Container.RemoveAll ===
Not found

=== Container.Add nil-safe ===
func (c *Container) Add(add CanvasObject) {
	c.Objects = append(c.Objects, add)
	c.layout()
}

// AddObject adds another CanvasObject to the set this Container holds.
//
// Deprecated: Use replacement Add() function
func (c *Container) AddObject(o CanvasObject) {
	c.Add(o)
}

// MinSize calculates the minimum size of a Container.
// This is delegated to the Layout, if specified, otherwise it will mimic MaxLayout.
func (c *Container) MinSize() Size {

=== Hyperlink.OnTapped ===
	// OnTapped is called when the hyperlink is tapped or activated.
	OnTapped func()
	if hl.OnTapped != nil {

=== validation.NewAllStrings ===
ls: cannot access '/app/data/validation/all.go': No such file or directory
File not found
