total 152
drwxrwxr-x 38 root root 4096 Apr 12 15:49 .
drwxr-xr-x  1 root root 4096 Oct  5 16:34 ..
drwxrwxr-x  2 root root 4096 Apr 12 15:49 acl
drwxrwxr-x  2 root root 4096 Apr 12 15:49 circuitbreak
drwxrwxr-x  2 root root 4096 Apr 12 15:49 connpool
drwxrwxr-x  2 root root 4096 Apr 12 15:49 consts
drwxrwxr-x  2 root root 4096 Apr 12 15:49 diagnosis
drwxrwxr-x  2 root root 4096 Apr 12 15:49 discovery
drwxrwxr-x  2 root root 4096 Apr 12 15:49 endpoint
drwxrwxr-x  2 root root 4096 Apr 12 15:49 event
drwxrwxr-x  2 root root 4096 Apr 12 15:49 exception
drwxrwxr-x  2 root root 4096 Apr 12 15:49 fallback
drwxrwxr-x 14 root root 4096 Apr 12 15:49 generic
drwxrwxr-x  2 root root 4096 Apr 12 15:49 gofunc
drwxrwxr-x  2 root root 4096 Apr 12 15:49 http
drwxrwxr-x  2 root root 4096 Apr 12 15:49 kerrors
drwxrwxr-x  2 root root 4096 Apr 12 15:49 klog
drwxrwxr-x  2 root root 4096 Apr 12 15:49 limit
drwxrwxr-x  2 root root 4096 Apr 12 15:49 limiter
---
total 272
drwxrwxr-x 6 root root  4096 Apr 12 15:49 .
drwxr-xr-x 1 root root  4096 Oct  5 16:34 ..
drwxrwxr-x 3 root root  4096 Apr 12 15:49 callopt
-rw-rw-r-- 1 root root 24204 Apr 12 15:21 client.go
-rw-rw-r-- 1 root root  2979 Apr 12 15:21 client_streamx.go
-rw-rw-r-- 1 root root 36253 Apr 12 15:21 client_test.go
-rw-rw-r-- 1 root root  1537 Apr 12 15:21 context.go
-rw-rw-r-- 1 root root  1668 Apr 12 15:21 context_middleware.go
-rw-rw-r-- 1 root root  2490 Apr 12 15:21 context_middleware_test.go
-rw-rw-r-- 1 root root  1619 Apr 12 15:21 context_test.go
-rw-rw-r-- 1 root root  1485 Apr 12 15:21 deprecated.go
-rw-rw-r-- 1 root root   863 Apr 12 15:21 doc.go
drwxrwxr-x 2 root root  4096 Apr 12 15:49 genericclient
-rw-rw-r-- 1 root root  7376 Apr 12 15:21 middlewares.go
-rw-rw-r-- 1 root root  9646 Apr 12 15:21 middlewares_test.go
-rw-rw-r-- 1 root root   797 Apr 12 15:21 mocks_test.go
-rw-rw-r-- 1 root root 19919 Apr 12 15:21 option.go
-rw-rw-r-- 1 root root  7362 Apr 12 15:21 option_advanced.go
-rw-rw-r-- 1 root root 27408 Apr 12 15:21 option_test.go
---
total 12
drwxrwxr-x 2 root root 4096 Apr 12 15:49 .
drwxr-xr-x 1 root root 4096 Oct  5 16:34 ..
-rw-rw-r-- 1 root root 1467 Apr 12 15:21 keys.go
