=== ISSUE 2 DETAILED CHECK ===
Looking for Basic codec fallback in marshalThriftData:
	if typecodec.Apache {
		return apacheUnmarshal(trans, data)
	}
	if dataLenOK && c.CodecType != Basic {
		// try fallback to frugal or fastcodec
		// case: typecodec.Frugal=false but typecodec.FastCodec=true
		if typecodec.FastCodec {
			return fastUnmarshal(trans, data, dataLen)
		}
		// case: typecodec.FastCodec=false but typecodec.Frugal=true
		if typecodec.Frugal {
			return frugalUnmarshal(trans, data, dataLen)
		}
	}
	return errDecodeMismatchMsgType
}

Also check unmarshalThriftData:
	if typecodec.Apache {
		return apacheUnmarshal(trans, data)
	}
	if dataLenOK && c.CodecType != Basic {
		// try fallback to frugal or fastcodec
		// case: typecodec.Frugal=false but typecodec.FastCodec=true
		if typecodec.FastCodec {
			return fastUnmarshal(trans, data, dataLen)
		}
		// case: typecodec.FastCodec=false but typecodec.Frugal=true
		if typecodec.Frugal {
			return frugalUnmarshal(trans, data, dataLen)
		}
	}
	return errDecodeMismatchMsgType
}
