# fyne.io/fyne/v2 [fyne.io/fyne/v2.test]
./app_test.go:62:16: cannot use a (variable of type *dummyApp) as App value in argument to SetCurrentApp: *dummyApp does not implement App (missing method Metadata)
FAIL	fyne.io/fyne/v2 [build failed]
?   	fyne.io/fyne/v2/cmd/fyne	[no test files]
?   	fyne.io/fyne/v2/cmd/fyne/commands	[no test files]
?   	fyne.io/fyne/v2/cmd/fyne/internal/mobile	[no test files]
?   	fyne.io/fyne/v2/cmd/fyne/internal/templates	[no test files]
=== RUN   TestDummyApp
--- PASS: TestDummyApp (0.02s)
=== RUN   TestCurrentApp
--- PASS: TestCurrentApp (0.00s)
=== RUN   TestFyneApp_UniqueID
--- PASS: TestFyneApp_UniqueID (0.00s)
=== RUN   TestFyneApp_OpenURL
--- PASS: TestFyneApp_OpenURL (0.00s)
=== RUN   TestPreferences_Save
--- PASS: TestPreferences_Save (0.02s)
=== RUN   TestPreferences_Save_OverwriteFast
--- PASS: TestPreferences_Save_OverwriteFast (0.18s)
=== RUN   TestPreferences_Load
--- PASS: TestPreferences_Load (0.00s)
=== RUN   TestDefaultTheme
--- PASS: TestDefaultTheme (0.00s)
=== RUN   TestEnsureDir
--- PASS: TestEnsureDir (0.00s)
=== RUN   TestWatchSettings
--- PASS: TestWatchSettings (0.00s)
=== RUN   TestWatchFile
--- PASS: TestWatchFile (0.00s)
=== RUN   TestFileWatcher_FileDeleted
--- PASS: TestFileWatcher_FileDeleted (0.00s)
=== RUN   TestSettingsBuildType
--- PASS: TestSettingsBuildType (0.00s)
=== RUN   TestSettingsLoad
--- PASS: TestSettingsLoad (0.00s)
=== RUN   TestOverrideTheme
--- PASS: TestOverrideTheme (0.00s)
=== RUN   TestOverrideTheme_IgnoresSettingsChange
--- PASS: TestOverrideTheme_IgnoresSettingsChange (0.00s)
=== RUN   TestCustomTheme
--- PASS: TestCustomTheme (0.00s)
PASS
ok  	fyne.io/fyne/v2/app	0.443s
=== RUN   TestNewColorAnimation
--- PASS: TestNewColorAnimation (0.00s)
=== RUN   TestNewPositionAnimation
--- PASS: TestNewPositionAnimation (0.00s)
=== RUN   TestNewSizeAnimation
--- PASS: TestNewSizeAnimation (0.00s)
=== RUN   TestBase_MinSize
--- PASS: TestBase_MinSize (0.00s)
=== RUN   TestBase_Move
--- PASS: TestBase_Move (0.00s)
=== RUN   TestBase_Resize
--- PASS: TestBase_Resize (0.00s)
=== RUN   TestBase_HideShow
--- PASS: TestBase_HideShow (0.00s)
=== RUN   TestCircle_MinSize
--- PASS: TestCircle_MinSize (0.00s)
=== RUN   TestCircle_FillColor
--- PASS: TestCircle_FillColor (0.00s)
=== RUN   TestCircle_Resize
--- PASS: TestCircle_Resize (0.00s)
=== RUN   TestCircle_Move
--- PASS: TestCircle_Move (0.00s)
=== RUN   TestNewHorizontalGradient
--- PASS: TestNewHorizontalGradient (0.00s)
=== RUN   TestNewHorizontalGradient_Flipped
--- PASS: TestNewHorizontalGradient_Flipped (0.00s)
=== RUN   TestNewVerticalGradient
--- PASS: TestNewVerticalGradient (0.00s)
=== RUN   TestNewVerticalGradient_Flipped
--- PASS: TestNewVerticalGradient_Flipped (0.00s)
=== RUN   TestNewLinearGradient_45
--- PASS: TestNewLinearGradient_45 (0.00s)
=== RUN   TestNewLinearGradient_225
--- PASS: TestNewLinearGradient_225 (0.00s)
=== RUN   TestNewLinearGradient_135
--- PASS: TestNewLinearGradient_135 (0.00s)
=== RUN   TestNewLinearGradient_315
--- PASS: TestNewLinearGradient_315 (0.00s)
=== RUN   TestNewRadialGradient
--- PASS: TestNewRadialGradient (0.00s)
=== RUN   TestGradient_colorComputation
--- PASS: TestGradient_colorComputation (0.00s)
=== RUN   TestImage_AlphaDefault
--- PASS: TestImage_AlphaDefault (0.00s)
=== RUN   TestImage_TranslucencyDefault
--- PASS: TestImage_TranslucencyDefault (0.00s)
=== RUN   TestNewImageFromFile
--- PASS: TestNewImageFromFile (0.00s)
=== RUN   TestNewImageFromReader
--- PASS: TestNewImageFromReader (0.00s)
=== RUN   TestNewImageFromURI_File
--- PASS: TestNewImageFromURI_File (0.00s)
=== RUN   TestNewImageFromURI_HTTP
--- PASS: TestNewImageFromURI_HTTP (0.00s)
=== RUN   TestLine_MinSize
--- PASS: TestLine_MinSize (0.00s)
=== RUN   TestLine_Move
