{
  "directories": {
    "/app/app": true,
    "/app/theme": true,
    "/app/data/binding": true,
    "/app/data/validation": true,
    "/app/widget": true,
    "/app/driver/desktop": true
  },
  "files": {
    "/app/app.go": true,
    "/app/menu.go": true,
    "/app/container.go": true,
    "/app/app/meta.go": false,
    "/app/theme/json.go": false,
    "/app/data/binding/sprintf.go": false,
    "/app/widget/toolbar.go": true,
    "/app/widget/hyperlink.go": true,
    "/app/widget/entry.go": true,
    "/app/data/validation/all.go": false,
    "/app/driver/desktop/app.go": false
  }
}
