=== Checking target files ===
app/meta.go MISSING
theme/json.go MISSING
data/binding/sprintf.go MISSING
data/validation/all.go MISSING
driver/desktop/app.go MISSING

=== Checking existing packages ===
app.go
app_darwin.go
app_darwin.m
app_darwin_test.go
app_debug.go
app_desktop_darwin.go
app_desktop_darwin.m
app_gl.go
app_mobile.go
app_mobile_and.c

bundled-fonts.go
bundled-icons.go
font
gen.go
icons
icons.go
icons_test.go
legacy.go
legacy_test.go
svg.go

binding.go
binding_exted_test.go
binding_test.go
binditems.go
binditems_extend_test.go
binditems_test.go
bindlists.go
bindlists_test.go
comparator_helper.go
convert.go
