/app/animation.go
/app/clipboard.go
/app/shortcut_test.go
/app/app_test.go
/app/serialise.go
/app/settings.go
/app/app.go
/app/container/doctabs_internal_test.go
/app/container/apptabs_mobile_test.go
/app/container/doctabs_desktop_test.go
/app/container/doctabs_extend_test.go
/app/container/doctabs.go
/app/container/doctabs_mobile_test.go
/app/container/apptabs_desktop_test.go
/app/container/container.go
/app/container/doctabs_test.go
/app/container/split.go
/app/container/apptabs_internal_test.go
/app/container/apptabs.go
/app/container/split_test.go
