type Options struct {
	Cli     *rpcinfo.EndpointBasicInfo
	Svr     *rpcinfo.EndpointBasicInfo
	Configs rpcinfo.RPCConfig
	Locks   *ConfigLocks
	Once    *configutil.OptionOnce

	MetaHandlers []remote.MetaHandler

	RemoteOpt        *remote.ClientOption
	Proxy            proxy.ForwardProxy
	Resolver         discovery.Resolver
	HTTPResolver     http.Resolver
	Balancer         loadbalance.Loadbalancer
	BalancerCacheOpt *lbcache.Options
	PoolCfg          *connpool2.IdleConfig
	ErrHandle        func(context.Context, error) error
	Targets          string
	CBSuite          *circuitbreak.CBSuite
	Timeouts         rpcinfo.TimeoutProvider

	ACLRules []acl.RejectFunc

	MWBs  []endpoint.MiddlewareBuilder
	IMWBs []endpoint.MiddlewareBuilder

	Bus          event.Bus
	Events       event.Queue
	ExtraTimeout time.Duration

	// DebugInfo should only contain objects that are suitable for json serialization.
