=== COMPREHENSIVE VERIFICATION OF ALL 7 TARGETS ===

Target 1: App Metadata System
  AppMetadata struct:
type AppMetadata struct {
	// ID is the unique application identifier (e.g., "com.example.myapp")
	ID string
	// Name is the human-friendly application name (e.g., "My Application")
	Name string
	// Version is the semantic version string (e.g., "1.0.0")
	Version string
	// Build is the build number
	Build int
  App.Metadata() in interface:
	Metadata() AppMetadata
  SetMetadata function:
func SetMetadata(meta fyne.AppMetadata) {
  Implementation count:
4

Target 2: JSON Theme Support
  FromJSON signature:
func FromJSON(data string) (fyne.Theme, error) {
func FromJSONReader(r io.Reader) (fyne.Theme, error) {
  FromJSONReader signature:
func FromJSONReader(r io.Reader) (fyne.Theme, error) {
  Hex color parser:
func parseHexColor(hex string) (color.Color, error) {

Target 3: Data Binding Formatting
  NewSprintf signature (MUST be variadic):
func NewSprintf(format string, b ...DataItem) String {
  StringToStringWithFormat:
func StringToStringWithFormat(source String, format string) String {

Target 4: Menu System
  MenuItem fields:
	Icon Resource
	Shortcut Shortcut
  Refresh methods:
func (m *Menu) Refresh() {
func (m *MainMenu) Refresh() {

Target 5: Toolbar
  SetIcon method:
func (t *ToolbarAction) SetIcon(icon fyne.Resource) {
  Concrete return types:
func NewToolbarAction(icon fyne.Resource, onActivated func()) *ToolbarAction {
func NewToolbarSpacer() *ToolbarSpacer {
func NewToolbarSeparator() *ToolbarSeparator {

Target 6: Container & Widgets
  Container.RemoveAll:
func (c *Container) RemoveAll() {
  Hyperlink.OnTapped:
	OnTapped func() `json:"-"`
  Entry.SetMinRowsVisible:
func (e *Entry) SetMinRowsVisible(count int) {
  NewAllStrings validator:
func NewAllStrings(validators ...fyne.StringValidator) fyne.StringValidator {

Target 7: Desktop App Interface
  desktop.App methods:
	// SetSystemTrayMenu sets the system tray menu for the application.
	// This allows apps to provide a menu that appears when the system tray icon is clicked.
	SetSystemTrayMenu(menu *fyne.Menu)

	// SetSystemTrayIcon sets the icon that will be displayed in the system tray.
	// This allows apps to have a presence in the system tray area.
	SetSystemTrayIcon(icon fyne.Resource)
}
