======================================================================
COMPREHENSIVE FINAL VERIFICATION - ALL 6 TARGETS
======================================================================

TARGET 5: Client Option Category System
----------------------------------------------------------------------
5.1 TailOption function: PASS - 0
5.2 WithRecvTimeout: PASS
5.3 Option functions: 15 found (PASS)
5.4 UnaryOptions type alias: PASS

Target 5: COMPLETE

======================================================================
TARGET 6: gRPC Diagnostics Enhancement
----------------------------------------------------------------------
6.1 Dump() method: PASS
6.2 Dump() panic-safe: PASS (defer=True, recover=True)
6.3 Dump() returns map interface: PASS
6.4 frame_reader hex dump: FAIL (exists=True, hex=False)

Target 6: INCOMPLETE

======================================================================
FINAL SUMMARY
======================================================================
Targets 1-4: Previously verified complete
Target 5: COMPLETE
Target 6: INCOMPLETE

ALL 6 TARGETS: INCOMPLETE
