=== Checking Target 2 files ===
MISSING: pkg/endpoint/deprecated.go
0
MISSING: UnaryEndpoint in endpoint.go
0
MISSING: StreamRecvEndpoint in cep
0
MISSING: StreamRecvEndpoint in sep

=== Checking Target 5 files ===
MISSING: client/option_unary.go
MISSING: client/option_stream.go
MISSING: client/option_ttstream.go
total 20
drwxrwxr-x 2 root root 4096 Apr 12 15:49 .
drwxrwxr-x 3 root root 4096 Apr 12 15:49 ..
-rw-rw-r-- 1 root root 1617 Apr 12 15:21 call_options.go
-rw-rw-r-- 1 root root 1825 Apr 12 15:21 definition.go
-rw-rw-r-- 1 root root  877 Apr 12 15:21 grpc_options.go

=== Checking Target 6 ===
MISSING: readAndCheckFrameHeader method
