=== Checking GRPCStreaming Constant ===

Constant definitions found:

	PurePayload       Protocol = 0
	TTHeader          Protocol = 1 << iota
	Framed
	HTTP
	GRPC
	HESSIAN2
	_                                    // Reserved (was STREAMING

Line 33: 	GRPCStreaming     Protocol = 128     // Dedicated constant for gRPC streaming
✓ GRPCStreaming = 128 CONFIRMED

Line 59: 	case GRPCStreaming:
✗ GRPCStreaming does not equal 128

Line 60: 		return "GRPCStreaming"
✗ GRPCStreaming does not equal 128

Line 66: 	// Check each protocol bit in order: TTHeader(1), Framed(2), HTTP(4), GRPC(8), HESSIAN2(16), TTHeaderStreaming(64), GRPCStreaming(128)
✓ GRPCStreaming = 128 CONFIRMED

Line 85: 	if tp&GRPCStreaming != 0 {
✗ GRPCStreaming does not equal 128

Line 86: 		parts = append(parts, "GRPCStreaming")
✗ GRPCStreaming does not equal 128
