=== OPTION_STREAM.GO CURRENT STATE ===

Imports in option_stream.go:
import (
	"time"

	"github.com/cloudwego/kitex/internal/client"
	"github.com/cloudwego/kitex/pkg/streamx"
	"github.com/cloudwego/kitex/pkg/utils"
)

// WithStreamOptions applies a list of StreamOption functions to streaming RPC calls.
// These options configure generic streaming behavior (not protocol-specific).
func WithStreamOptions(opts ...StreamOption) Option {

Lines using streamx types:
50:func WithStreamMiddleware(mw streamx.StreamMiddleware) Option {
62:func WithStreamRecvMiddleware(mw streamx.StreamRecvMiddleware) Option {
74:func WithStreamRecvMiddlewareBuilder(mwb func(ctx streamx.StreamContext) streamx.StreamRecvMiddleware) Option {
79:			mw := func(next streamx.RecvHandler) streamx.RecvHandler {
80:				return func(ctx streamx.StreamContext, msg interface{}) error {
93:func WithStreamSendMiddleware(mw streamx.StreamSendMiddleware) Option {
105:func WithStreamSendMiddlewareBuilder(mwb func(ctx streamx.StreamContext) streamx.StreamSendMiddleware) Option {
110:			mw := func(next streamx.SendHandler) streamx.SendHandler {
111:				return func(ctx streamx.StreamContext, msg interface{}) error {
