 Volume causal-turn30-treatment-1-live-20261008-run1_model-channel Creating 
 Volume causal-turn30-treatment-1-live-20261008-run1_model-channel Created 
 Container causal-turn30-treatment-1-live-20261008-run1-model-gateway-1 Creating 
 Container causal-turn30-treatment-1-live-20261008-run1-model-gateway-1 Created 
 Container causal-turn30-treatment-1-live-20261008-run1-main-1 Creating 
 Container causal-turn30-treatment-1-live-20261008-run1-main-1 Created 
 Container causal-turn30-treatment-1-live-20261008-run1-model-gateway-1 Starting 
 Container causal-turn30-treatment-1-live-20261008-run1-model-gateway-1 Started 
 Container causal-turn30-treatment-1-live-20261008-run1-model-gateway-1 Waiting 
 Container causal-turn30-treatment-1-live-20261008-run1-model-gateway-1 Healthy 
 Container causal-turn30-treatment-1-live-20261008-run1-main-1 Starting 
 Container causal-turn30-treatment-1-live-20261008-run1-main-1 Started 
model-gateway-1  | {"event":"gateway_transport","timestamp":1791397001.224161,"thread":131804099544768,"stage":"resolved","status":"ok"}
model-gateway-1  | {"event":"gateway_transport","timestamp":1791397002.22558,"thread":131804099544768,"stage":"connected","status":"ok"}
model-gateway-1  | {"event":"gateway_transport","timestamp":1791397002.2259858,"thread":131804099544768,"stage":"request_sent","status":"ok"}
model-gateway-1  | {"event":"gateway_transport","timestamp":1791397005.3499267,"thread":131804099544768,"stage":"response_headers_received","status":"ok","http_status":200}
model-gateway-1  | {"event":"gateway_transport","timestamp":1791397007.4789636,"thread":131804099544768,"stage":"response_stream_completed","status":"ok","http_status":200}
model-gateway-1  | {"event":"gateway_transport","timestamp":1791397007.5674677,"thread":131804099544768,"stage":"resolved","status":"ok"}
model-gateway-1  | {"event":"gateway_transport","timestamp":1791397008.2383733,"thread":131804099544768,"stage":"connected","status":"ok"}
model-gateway-1  | {"event":"gateway_transport","timestamp":1791397008.2387762,"thread":131804099544768,"stage":"request_sent","status":"ok"}
model-gateway-1  | {"event":"gateway_transport","timestamp":1791397011.059942,"thread":131804099544768,"stage":"response_headers_received","status":"ok","http_status":200}
model-gateway-1  | {"event":"gateway_transport","timestamp":1791397015.6795182,"thread":131804099544768,"stage":"response_stream_completed","status":"ok","http_status":200}
model-gateway-1  | {"event":"gateway_transport","timestamp":1791397015.7690384,"thread":131804099544768,"stage":"resolved","status":"ok"}
model-gateway-1  | {"event":"gateway_transport","timestamp":1791397016.4610817,"thread":131804099544768,"stage":"connected","status":"ok"}
model-gateway-1  | {"event":"gateway_transport","timestamp":1791397016.461437,"thread":131804099544768,"stage":"request_sent","status":"ok"}
model-gateway-1  | {"event":"gateway_transport","timestamp":1791397019.1787663,"thread":131804099544768,"stage":"response_headers_received","status":"ok","http_status":200}
model-gateway-1  | {"event":"gateway_transport","timestamp":1791397023.8840208,"thread":131804099544768,"stage":"response_stream_completed","status":"ok","http_status":200}
model-gateway-1  | {"event":"gateway_transport","timestamp":1791397023.9717538,"thread":131804099544768,"stage":"resolved","status":"ok"}
model-gateway-1  | {"event":"gateway_transport","timestamp":1791397024.633698,"thread":131804099544768,"stage":"connected","status":"ok"}
model-gateway-1  | {"event":"gateway_transport","timestamp":1791397024.634077,"thread":131804099544768,"stage":"request_sent","status":"ok"}
model-gateway-1  | {"event":"gateway_transport","timestamp":1791397027.7680526,"thread":131804099544768,"stage":"response_headers_received","status":"ok","http_status":200}
model-gateway-1  | {"event":"gateway_transport","timestamp":1791397031.2998936,"thread":131804099544768,"stage":"response_stream_completed","status":"ok","http_status":200}
model-gateway-1  | {"event":"gateway_transport","timestamp":1791397031.3953257,"thread":131804099544768,"stage":"resolved","status":"ok"}
model-gateway-1  | {"event":"gateway_transport","timestamp":1791397032.1103933,"thread":131804099544768,"stage":"connected","status":"ok"}
model-gateway-1  | {"event":"gateway_transport","timestamp":1791397032.110814,"thread":131804099544768,"stage":"request_sent","status":"ok"}
model-gateway-1  | {"event":"gateway_transport","timestamp":1791397034.9506876,"thread":131804099544768,"stage":"response_headers_received","status":"ok","http_status":200}
model-gateway-1  | {"event":"gateway_transport","timestamp":1791397038.9645655,"thread":131804099544768,"stage":"response_stream_completed","status":"ok","http_status":200}
model-gateway-1  | {"event":"gateway_transport","timestamp":1791397039.0469465,"thread":131804099544768,"stage":"resolved","status":"ok"}
model-gateway-1  | {"event":"gateway_transport","timestamp":1791397039.7116396,"thread":131804099544768,"stage":"connected","status":"ok"}
model-gateway-1  | {"event":"gateway_transport","timestamp":1791397039.7120287,"thread":131804099544768,"stage":"request_sent","status":"ok"}
model-gateway-1  | {"event":"gateway_transport","timestamp":1791397042.9803233,"thread":131804099544768,"stage":"response_headers_received","status":"ok","http_status":200}
model-gateway-1  | {"event":"gateway_transport","timestamp":1791397044.183346,"thread":131804099544768,"stage":"response_stream_completed","status":"ok","http_status":200}
model-gateway-1  | {"event":"gateway_transport","timestamp":1791397044.2659335,"thread":131804099544768,"stage":"resolved","status":"ok"}
model-gateway-1  | {"event":"gateway_transport","timestamp":1791397045.9967287,"thread":131804099544768,"stage":"connected","status":"ok"}
model-gateway-1  | {"event":"gateway_transport","timestamp":1791397045.997206,"thread":131804099544768,"stage":"request_sent","status":"ok"}
model-gateway-1  | {"event":"gateway_transport","timestamp":1791397049.1534264,"thread":131804099544768,"stage":"response_headers_received","status":"ok","http_status":200}
model-gateway-1  | {"event":"gateway_transport","timestamp":1791397051.7808456,"thread":131804099544768,"stage":"response_stream_completed","status":"ok","http_status":200}
model-gateway-1  | {"event":"gateway_transport","timestamp":1791397051.8634493,"thread":131804099544768,"stage":"resolved","status":"ok"}
model-gateway-1  | {"event":"gateway_transport","timestamp":1791397052.5527341,"thread":131804099544768,"stage":"connected","status":"ok"}
model-gateway-1  | {"event":"gateway_transport","timestamp":1791397052.5530274,"thread":131804099544768,"stage":"request_sent","status":"ok"}
model-gateway-1  | {"event":"gateway_transport","timestamp":1791397057.0301595,"thread":131804099544768,"stage":"response_headers_received","status":"ok","http_status":200}
model-gateway-1  | {"event":"gateway_transport","timestamp":1791397059.077476,"thread":131804099544768,"stage":"response_stream_completed","status":"ok","http_status":200}
model-gateway-1  | {"event":"gateway_transport","timestamp":1791397059.1580622,"thread":131804099544768,"stage":"resolved","status":"ok"}
model-gateway-1  | {"event":"gateway_transport","timestamp":1791397059.8106682,"thread":131804099544768,"stage":"connected","status":"ok"}
model-gateway-1  | {"event":"gateway_transport","timestamp":1791397059.8109837,"thread":131804099544768,"stage":"request_sent","status":"ok"}
model-gateway-1  | {"event":"gateway_transport","timestamp":1791397062.6434371,"thread":131804099544768,"stage":"response_headers_received","status":"ok","http_status":200}
model-gateway-1  | {"event":"gateway_transport","timestamp":1791397067.325042,"thread":131804099544768,"stage":"response_stream_completed","status":"ok","http_status":200}
model-gateway-1  | {"event":"gateway_transport","timestamp":1791397067.4133372,"thread":131804099544768,"stage":"resolved","status":"ok"}
model-gateway-1  | {"event":"gateway_transport","timestamp":1791397068.1198375,"thread":131804099544768,"stage":"connected","status":"ok"}
model-gateway-1  | {"event":"gateway_transport","timestamp":1791397068.1201477,"thread":131804099544768,"stage":"request_sent","status":"ok"}
model-gateway-1  | {"event":"gateway_transport","timestamp":1791397071.2280445,"thread":131804099544768,"stage":"response_headers_received","status":"ok","http_status":200}
model-gateway-1  | {"event":"gateway_transport","timestamp":1791397072.6831462,"thread":131804099544768,"stage":"response_stream_completed","status":"ok","http_status":200}
model-gateway-1  | {"event":"gateway_transport","timestamp":1791397072.773273,"thread":131804099544768,"stage":"resolved","status":"ok"}
model-gateway-1  | {"event":"gateway_transport","timestamp":1791397073.4797099,"thread":131804099544768,"stage":"connected","status":"ok"}
model-gateway-1  | {"event":"gateway_transport","timestamp":1791397073.4801054,"thread":131804099544768,"stage":"request_sent","status":"ok"}
model-gateway-1  | {"event":"gateway_transport","timestamp":1791397076.7784715,"thread":131804099544768,"stage":"response_headers_received","status":"ok","http_status":200}
model-gateway-1  | {"event":"gateway_transport","timestamp":1791397083.7026591,"thread":131804099544768,"stage":"response_stream_completed","status":"ok","http_status":200}
model-gateway-1  | {"event":"gateway_transport","timestamp":1791397083.9264138,"thread":131804099544768,"stage":"resolved","status":"ok"}
model-gateway-1  | {"event":"gateway_transport","timestamp":1791397084.6292477,"thread":131804099544768,"stage":"connected","status":"ok"}
model-gateway-1  | {"event":"gateway_transport","timestamp":1791397084.6295729,"thread":131804099544768,"stage":"request_sent","status":"ok"}
model-gateway-1  | {"event":"gateway_transport","timestamp":1791397087.2067428,"thread":131804099544768,"stage":"response_headers_received","status":"ok","http_status":200}
model-gateway-1  | {"event":"gateway_transport","timestamp":1791397089.0403218,"thread":131804099544768,"stage":"response_stream_completed","status":"ok","http_status":200}
model-gateway-1  | {"event":"gateway_transport","timestamp":1791397089.1291885,"thread":131804099544768,"stage":"resolved","status":"ok"}
model-gateway-1  | {"event":"gateway_transport","timestamp":1791397089.8120403,"thread":131804099544768,"stage":"connected","status":"ok"}
model-gateway-1  | {"event":"gateway_transport","timestamp":1791397089.8127952,"thread":131804099544768,"stage":"request_sent","status":"ok"}
model-gateway-1  | {"event":"gateway_transport","timestamp":1791397092.8401182,"thread":131804099544768,"stage":"response_headers_received","status":"ok","http_status":200}
model-gateway-1  | {"event":"gateway_transport","timestamp":1791397097.0441725,"thread":131804099544768,"stage":"response_stream_completed","status":"ok","http_status":200}
model-gateway-1  | {"event":"gateway_transport","timestamp":1791397097.125302,"thread":131804099544768,"stage":"resolved","status":"ok"}
model-gateway-1  | {"event":"gateway_transport","timestamp":1791397097.8038144,"thread":131804099544768,"stage":"connected","status":"ok"}
model-gateway-1  | {"event":"gateway_transport","timestamp":1791397097.8042,"thread":131804099544768,"stage":"request_sent","status":"ok"}
model-gateway-1  | {"event":"gateway_transport","timestamp":1791397101.1723008,"thread":131804099544768,"stage":"response_headers_received","status":"ok","http_status":200}
model-gateway-1  | {"event":"gateway_transport","timestamp":1791397105.2081308,"thread":131804099544768,"stage":"response_stream_completed","status":"ok","http_status":200}
model-gateway-1  | {"event":"gateway_transport","timestamp":1791397105.2942727,"thread":131804099544768,"stage":"resolved","status":"ok"}
model-gateway-1  | {"event":"gateway_transport","timestamp":1791397105.982546,"thread":131804099544768,"stage":"connected","status":"ok"}
model-gateway-1  | {"event":"gateway_transport","timestamp":1791397105.9830067,"thread":131804099544768,"stage":"request_sent","status":"ok"}
model-gateway-1  | {"event":"gateway_transport","timestamp":1791397109.3340757,"thread":131804099544768,"stage":"response_headers_received","status":"ok","http_status":200}
model-gateway-1  | {"event":"gateway_transport","timestamp":1791397111.8858576,"thread":131804099544768,"stage":"response_stream_completed","status":"ok","http_status":200}
model-gateway-1  | {"event":"gateway_transport","timestamp":1791397112.9661627,"thread":131804099544768,"stage":"resolved","status":"ok"}
model-gateway-1  | {"event":"gateway_transport","timestamp":1791397113.6357002,"thread":131804099544768,"stage":"connected","status":"ok"}
model-gateway-1  | {"event":"gateway_transport","timestamp":1791397113.6361628,"thread":131804099544768,"stage":"request_sent","status":"ok"}
model-gateway-1  | {"event":"gateway_transport","timestamp":1791397116.4731898,"thread":131804099544768,"stage":"response_headers_received","status":"ok","http_status":200}
model-gateway-1  | {"event":"gateway_transport","timestamp":1791397117.9407964,"thread":131804099544768,"stage":"response_stream_completed","status":"ok","http_status":200}
model-gateway-1  | {"event":"gateway_transport","timestamp":1791397119.025509,"thread":131804099544768,"stage":"resolved","status":"ok"}
model-gateway-1  | {"event":"gateway_transport","timestamp":1791397119.681244,"thread":131804099544768,"stage":"connected","status":"ok"}
model-gateway-1  | {"event":"gateway_transport","timestamp":1791397119.6816368,"thread":131804099544768,"stage":"request_sent","status":"ok"}
model-gateway-1  | {"event":"gateway_transport","timestamp":1791397122.8836772,"thread":131804099544768,"stage":"response_headers_received","status":"ok","http_status":200}
model-gateway-1  | {"event":"gateway_transport","timestamp":1791397127.7373824,"thread":131804099544768,"stage":"response_stream_completed","status":"ok","http_status":200}
model-gateway-1  | {"event":"gateway_transport","timestamp":1791397127.8265817,"thread":131804099544768,"stage":"resolved","status":"ok"}
model-gateway-1  | {"event":"gateway_transport","timestamp":1791397128.4869215,"thread":131804099544768,"stage":"connected","status":"ok"}
model-gateway-1  | {"event":"gateway_transport","timestamp":1791397128.4872272,"thread":131804099544768,"stage":"request_sent","status":"ok"}
model-gateway-1  | {"event":"gateway_transport","timestamp":1791397131.9355142,"thread":131804099544768,"stage":"response_headers_received","status":"ok","http_status":200}
model-gateway-1  | {"event":"gateway_transport","timestamp":1791397162.7937362,"thread":131804099544768,"stage":"response_stream_completed","status":"ok","http_status":200}
model-gateway-1  | {"event":"gateway_transport","timestamp":1791397162.8884034,"thread":131804099544768,"stage":"resolved","status":"ok"}
model-gateway-1  | {"event":"gateway_transport","timestamp":1791397163.5804584,"thread":131804099544768,"stage":"connected","status":"ok"}
model-gateway-1  | {"event":"gateway_transport","timestamp":1791397163.5807917,"thread":131804099544768,"stage":"request_sent","status":"ok"}
model-gateway-1  | {"event":"gateway_transport","timestamp":1791397166.8347135,"thread":131804099544768,"stage":"response_headers_received","status":"ok","http_status":200}
model-gateway-1  | {"event":"gateway_transport","timestamp":1791397170.5969152,"thread":131804099544768,"stage":"response_stream_completed","status":"ok","http_status":200}
model-gateway-1  | {"event":"gateway_transport","timestamp":1791397171.7232816,"thread":131804099544768,"stage":"resolved","status":"ok"}
model-gateway-1  | {"event":"gateway_transport","timestamp":1791397172.3611825,"thread":131804099544768,"stage":"connected","status":"ok"}
model-gateway-1  | {"event":"gateway_transport","timestamp":1791397172.3615654,"thread":131804099544768,"stage":"request_sent","status":"ok"}
model-gateway-1  | {"event":"gateway_transport","timestamp":1791397175.4496527,"thread":131804099544768,"stage":"response_headers_received","status":"ok","http_status":200}
model-gateway-1  | {"event":"gateway_transport","timestamp":1791397178.2679117,"thread":131804099544768,"stage":"response_stream_completed","status":"ok","http_status":200}
model-gateway-1  | {"event":"gateway_transport","timestamp":1791397184.3490012,"thread":131804099544768,"stage":"resolved","status":"ok"}
model-gateway-1  | {"event":"gateway_transport","timestamp":1791397185.047233,"thread":131804099544768,"stage":"connected","status":"ok"}
model-gateway-1  | {"event":"gateway_transport","timestamp":1791397185.0476203,"thread":131804099544768,"stage":"request_sent","status":"ok"}
model-gateway-1  | {"event":"gateway_transport","timestamp":1791397187.8712769,"thread":131804099544768,"stage":"response_headers_received","status":"ok","http_status":200}
model-gateway-1  | {"event":"gateway_transport","timestamp":1791397197.1851797,"thread":131804099544768,"stage":"response_stream_completed","status":"ok","http_status":200}
model-gateway-1  | {"event":"gateway_transport","timestamp":1791397197.2723854,"thread":131804099544768,"stage":"resolved","status":"ok"}
model-gateway-1  | {"event":"gateway_transport","timestamp":1791397197.9299095,"thread":131804099544768,"stage":"connected","status":"ok"}
model-gateway-1  | {"event":"gateway_transport","timestamp":1791397197.9301977,"thread":131804099544768,"stage":"request_sent","status":"ok"}
model-gateway-1  | {"event":"gateway_transport","timestamp":1791397201.6358461,"thread":131804099544768,"stage":"response_headers_received","status":"ok","http_status":200}
model-gateway-1  | {"event":"gateway_transport","timestamp":1791397230.9753914,"thread":131804099544768,"stage":"response_stream_completed","status":"ok","http_status":200}
model-gateway-1  | {"event":"gateway_transport","timestamp":1791397231.063074,"thread":131804099544768,"stage":"resolved","status":"ok"}
model-gateway-1  | {"event":"gateway_transport","timestamp":1791397231.7612188,"thread":131804099544768,"stage":"connected","status":"ok"}
model-gateway-1  | {"event":"gateway_transport","timestamp":1791397231.7615364,"thread":131804099544768,"stage":"request_sent","status":"ok"}
model-gateway-1  | {"event":"gateway_transport","timestamp":1791397235.0206964,"thread":131804099544768,"stage":"response_headers_received","status":"ok","http_status":200}
model-gateway-1  | {"event":"gateway_transport","timestamp":1791397242.0660634,"thread":131804099544768,"stage":"response_stream_completed","status":"ok","http_status":200}
 Compose Stopping Aborting on container exit...
 Container causal-turn30-treatment-1-live-20261008-run1-main-1 Stopping 
 Container causal-turn30-treatment-1-live-20261008-run1-main-1 Stopped 
 Container causal-turn30-treatment-1-live-20261008-run1-model-gateway-1 Stopping 
 Container causal-turn30-treatment-1-live-20261008-run1-model-gateway-1 Stopped 
