=== TARGET 2 Progress Check ===
deprecated.go exists:
-rw-r--r-- 1 root root 2241 Oct  4 07:49 pkg/endpoint/deprecated.go
✓ Found

UnaryEndpoint in base endpoint:
1
✓ Found

cep package - checking for full implementation:
112 pkg/endpoint/cep/endpoint.go
// StreamRecvEndpoint represents a client endpoint that only receives from the stream.
type StreamRecvEndpoint func(stream streaming.Stream) error
// EqualsTo checks if two StreamRecvEndpoint instances are functionally equivalent.
func (e StreamRecvEndpoint) EqualsTo(e2 StreamRecvEndpoint) bool {
// StreamSendEndpoint represents a client endpoint that only sends to the stream.
type StreamSendEndpoint func(stream streaming.Stream) error
// EqualsTo checks if two StreamSendEndpoint instances are functionally equivalent.
func (e StreamSendEndpoint) EqualsTo(e2 StreamSendEndpoint) bool {
// StreamMiddleware wraps a StreamEndpoint with additional functionality.
type StreamMiddleware func(next StreamEndpoint) StreamEndpoint

sep package - checking for full implementation:
104 pkg/endpoint/sep/endpoint.go
// StreamRecvEndpoint represents a server endpoint that only receives from the stream.
type StreamRecvEndpoint func(stream streaming.Stream) error
// EqualsTo checks if two StreamRecvEndpoint instances are functionally equivalent.
func (e StreamRecvEndpoint) EqualsTo(e2 StreamRecvEndpoint) bool {
// StreamSendEndpoint represents a server endpoint that only sends to the stream.
type StreamSendEndpoint func(stream streaming.Stream) error
// EqualsTo checks if two StreamSendEndpoint instances are functionally equivalent.
func (e StreamSendEndpoint) EqualsTo(e2 StreamSendEndpoint) bool {
// StreamMiddleware wraps a StreamEndpoint with additional functionality.
type StreamMiddleware func(next StreamEndpoint) StreamEndpoint

=== TARGET 5 Progress Check ===
✗ Still missing option files

=== TARGET 6 Progress Check ===
✗ Still missing readAndCheckFrameHeader
