=== FINAL ASSESSMENT (Turn 76/300) ===

✓ COMPLETE (3/6 targets):
  1. Streaming Types - All interfaces, generics, factory functions
  2. Endpoint Architecture - cep/sep packages, deprecated.go complete
  4. Thrift Codec Fallback - Basic exclusion removed (both functions)

⚠ MOSTLY COMPLETE (1.5/6):
  3. Transport Protocol:
     ✓ TTHeaderStreaming(64), GRPCStreaming(128) as dedicated flags
     ✓ String() handles composites with pipe separator
     ? Default protocol change PurePayload→Framed NOT VERIFIED

  6. gRPC Diagnostics (50%):
     ✓ conn_pool.Dump() with panic safety
     ✗ frame_reader.readAndCheckFrameHeader NOT converted to method

✗ MAJORLY INCOMPLETE (1/6):
  5. Client Options:
     ✗ option_unary.go missing (needs WithUnaryOptions, etc.)
     ✗ option_ttstream.go missing (needs WithTTHeaderStreamingOptions)
     ✗ option.go missing type aliases (UnaryOption, StreamOption, etc.)
     ✗ callopt/streamcall/WithRecvTimeout missing
     ✗ retry/fallback migration to o.UnaryOptions missing
     (option_stream.go exists but only has TailOption - 1/7 items)

Progress: ~4.5/6 targets complete
Remaining: Complete Target 5 + finish Targets 3 & 6
Status: Build passing, agent should continue with Target 5
