app/
  testdata/
canvas/
  testdata/
cmd/
  fyne/
  fyne_demo/
  fyne_settings/
  hello/
container/
  testdata/
data/
  binding/
  validation/
dialog/
  testdata/
driver/
  desktop/
  mobile/
  software/
img/
internal/
  animation/
  app/
  async/
  cache/
  color/
  driver/
  painter/
  repository/
  test/
  widget/
layout/
storage/
  repository/
  testdata/
test/
  testdata/
theme/
  font/
  icons/
  testdata/
tools/
  playground/
vendor/
  github.com/
  golang.org/
  gopkg.in/
widget/
  testdata/
