app.go:11:type AppMetadata struct {
app/settings.go:15:type SettingsSchema struct {
app/settings.go:30:type settings struct {
app/app.go:23:type fyneApp struct {
app/preferences.go:14:type preferences struct {
app/storage.go:11:type store struct {
theme/legacy.go:19:type legacyWrapper struct {
theme/themedtestapp.go:11:type themedApp struct {
app_test.go:10:type dummyApp struct{}
container/apptabs.go:19:type AppTabs struct {
container/apptabs.go:246:type appTabsRenderer struct {
container/apptabs_extend_test.go:15:type extendedAppTabs struct {
test/testapp.go:20:type testApp struct {
test/testapp.go:126:type testSettings struct {
vendor/github.com/urfave/cli/v2/app.go:25:type App struct {
vendor/github.com/urfave/cli/v2/app.go:510:type Author struct {
vendor/golang.org/x/sys/windows/types_windows.go:744:type Overlapped struct {
vendor/golang.org/x/sys/unix/syscall_zos_s390x.go:1471:type mmapper struct {
vendor/golang.org/x/sys/unix/syscall_unix.go:101:type mmapper struct {
vendor/golang.org/x/sys/unix/ztypes_linux.go:900:type PerfEventMmapPage struct {
vendor/golang.org/x/xerrors/wrap.go:24:type noWrapper struct {
internal/app/lifecycle.go:14:type Lifecycle struct {
internal/app/focus_manager_test.go:152:type focusable struct {
internal/app/focus_manager.go:11:type FocusManager struct {
internal/driver/mobile/canvas_test.go:348:type tappableLabel struct {
internal/driver/mobile/canvas_test.go:389:type doubleTappableButton struct {
internal/driver/mobile/canvas_test.go:418:type mobileApp struct {
internal/driver/mobile/app/android.go:199:type windowConfig struct {
internal/driver/mobile/app/app.go:65:type FileFilter struct {
internal/driver/mobile/app/app.go:71:type PublishResult struct {
