=== COMPLETE MISSION VERIFICATION ===

1. AppMetadata struct field names (exact match required):
	ID string
	Name string
	Version string
	Build int
	Icon Resource

2. All App implementations have Metadata():
  fyneApp:
108:func (a *fyneApp) Metadata() fyne.AppMetadata {
  testApp:
89:func (a *testApp) Metadata() fyne.AppMetadata {

3. Container.Add nil-safe behavior:
func (c *Container) Add(add CanvasObject) {
	if add == nil {
		return
	}
	c.Objects = append(c.Objects, add)

4. NewAllStrings validator combinator signature:
func NewAllStrings(validators ...fyne.StringValidator) fyne.StringValidator {

5. Build verification:
✓ Build successful - all imports resolve, all interfaces satisfied
