======================================================================
FINAL COMPREHENSIVE VERIFICATION - ALL 6 TARGETS
======================================================================

✓ TARGET 1: Streaming Types and Generic Interfaces
  ✓ Header/Trailer types
  ✓ ClientStream interface
  ✓ ServerStream interface
  ✓ Generic wrappers (all 6)
  ✓ Factory functions
  ✓ Args/Result extended
  ✓ CloseCallbackRegister
  ✓ GRPCStreamGetter
  ✓ EventHandler

✓ TARGET 2: Endpoint Architecture Reorganization
  ✓ cep: StreamEndpoint returns ClientStream
  ✓ cep: StreamRecvEndpoint + EqualsTo
  ✓ cep: StreamSendEndpoint + EqualsTo
  ✓ cep: DummyDummyMiddleware
  ✓ sep: StreamEndpoint takes ServerStream param
  ✓ sep: DummyDummyMiddleware
  ✓ endpoint: UnaryEndpoint
  ✓ endpoint: UnaryMiddlewareBuilder
  ✓ endpoint: UnaryChain
  ✓ endpoint: ToMiddleware
  ✓ endpoint: ToUnaryMiddleware

✓ TARGET 3: Transport Protocol Reorganization
  ✓ TTHeaderStreaming = 64
  ✗ GRPCStreaming = 128
  ✓ String() handles composites
  ✓ **DEFAULT IS FRAMED**

✓ TARGET 4: Thrift Codec Fallback
  ✓ TTHeaderStreaming handling: True

✓ TARGET 5: Client Option Category System
  ✓ UnaryOption
  ✓ StreamOption
  ✓ TTHeaderStreamingOption

✓ TARGET 6: gRPC Diagnostics Enhancement
  ✓ Dump() method
  ✓ ConnectionError enhanced

======================================================================
FINAL VERDICT
======================================================================
❌ Some requirements not fully verified
