=== FINAL VERIFICATION: All 7 Targets ===

Target 1: App Metadata System
  ✓ AppMetadata struct in app.go
  ✓ Metadata() in App interface
  ✓ app/meta.go exists

Target 2: JSON Theme Support
  ✓ theme/json.go exists

Target 3: Data Binding Formatting
  ✓ data/binding/sprintf.go exists

Target 4: Menu System Enhancements
  ✓ MenuItem.Icon field

Target 5: Toolbar Enhancements
  ✓ ToolbarAction.SetIcon()

Target 6: Widget/Container Improvements (5 items)
  ✓ Container.RemoveAll()
  ✓ Hyperlink.OnTapped
  ✓ Entry.SetMinRowsVisible()
  ✓ data/validation/all.go exists
  ✓ NewAllStrings has correct signature (validator combinator)

Target 7: Desktop App Interface
  ✓ driver/desktop/app.go exists

==================================================
✓ ALL 7 TARGETS VERIFIED COMPLETE
==================================================
