total 272
drwxrwxr-x 6 root root  4096 Apr 12 15:49 .
drwxr-xr-x 1 root root  4096 Oct  3 15:40 ..
drwxrwxr-x 3 root root  4096 Apr 12 15:49 callopt
-rw-rw-r-- 1 root root 24204 Apr 12 15:21 client.go
-rw-rw-r-- 1 root root  2979 Apr 12 15:21 client_streamx.go
-rw-rw-r-- 1 root root 36253 Apr 12 15:21 client_test.go
-rw-rw-r-- 1 root root  1537 Apr 12 15:21 context.go
-rw-rw-r-- 1 root root  1668 Apr 12 15:21 context_middleware.go
-rw-rw-r-- 1 root root  2490 Apr 12 15:21 context_middleware_test.go
-rw-rw-r-- 1 root root  1619 Apr 12 15:21 context_test.go
-rw-rw-r-- 1 root root  1485 Apr 12 15:21 deprecated.go
-rw-rw-r-- 1 root root   863 Apr 12 15:21 doc.go
drwxrwxr-x 2 root root  4096 Apr 12 15:49 genericclient
-rw-rw-r-- 1 root root  7376 Apr 12 15:21 middlewares.go
-rw-rw-r-- 1 root root  9646 Apr 12 15:21 middlewares_test.go
-rw-rw-r-- 1 root root   797 Apr 12 15:21 mocks_test.go
-rw-rw-r-- 1 root root 19919 Apr 12 15:21 option.go
-rw-rw-r-- 1 root root  7362 Apr 12 15:21 option_advanced.go
-rw-rw-r-- 1 root root 27408 Apr 12 15:21 option_test.go
-rw-rw-r-- 1 root root  5091 Apr 12 15:21 rpctimeout.go
-rw-rw-r-- 1 root root  7649 Apr 12 15:21 rpctimeout_pool.go
-rw-rw-r-- 1 root root  4016 Apr 12 15:21 rpctimeout_pool_test.go
-rw-rw-r-- 1 root root 10154 Apr 12 15:21 rpctimeout_test.go
-rw-rw-r-- 1 root root  6376 Apr 12 15:21 service_inline.go
-rw-rw-r-- 1 root root  9842 Apr 12 15:21 service_inline_test.go
-rw-rw-r-- 1 root root  7036 Apr 12 15:21 stream.go
-rw-rw-r-- 1 root root 17117 Apr 12 15:21 stream_test.go
drwxrwxr-x 2 root root  4096 Apr 12 15:49 streamclient
drwxrwxr-x 3 root root  4096 Apr 12 15:21 streamxclient
