total 272
drwxrwxr-x 6 root root  4096 Apr 12 15:49 .
drwxr-xr-x 1 root root  4096 Oct  4 07:38 ..
drwxrwxr-x 3 root root  4096 Apr 12 15:49 callopt
-rw-rw-r-- 1 root root 24204 Apr 12 15:21 client.go
-rw-rw-r-- 1 root root  2979 Apr 12 15:21 client_streamx.go
-rw-rw-r-- 1 root root 36253 Apr 12 15:21 client_test.go
-rw-rw-r-- 1 root root  1537 Apr 12 15:21 context.go
-rw-rw-r-- 1 root root  1668 Apr 12 15:21 context_middleware.go
-rw-rw-r-- 1 root root  2490 Apr 12 15:21 context_middleware_test.go
-rw-rw-r-- 1 root root  1619 Apr 12 15:21 context_test.go
-rw-rw-r-- 1 root root  1485 Apr 12 15:21 deprecated.go
-rw-rw-r-- 1 root root   863 Apr 12 15:21 doc.go
drwxrwxr-x 2 root root  4096 Apr 12 15:49 genericclient
-rw-rw-r-- 1 root root  7376 Apr 12 15:21 middlewares.go
-rw-rw-r-- 1 root root  9646 Apr 12 15:21 middlewares_test.go
-rw-rw-r-- 1 root root   797 Apr 12 15:21 mocks_test.go
-rw-rw-r-- 1 root root 19919 Apr 12 15:21 option.go
-rw-rw-r-- 1 root root  7362 Apr 12 15:21 option_advanced.go
-rw-rw-r-- 1 root root 27408 Apr 12 15:21 option_test.go
client/callopt/options.go
client/callopt/options_test.go
client/option_test.go
client/option.go
client/streamclient/option.go
client/option_advanced.go
