=== TARGET 5 option_stream.go VERIFICATION ===

Required 8 functions per spec:
1. WithStreamOptions
2. WithStreamRecvTimeout
3. WithStreamMiddleware
4. WithStreamMiddlewareBuilder
5. WithStreamRecvMiddleware
6. WithStreamRecvMiddlewareBuilder
7. WithStreamSendMiddleware
8. WithStreamSendMiddlewareBuilder

Current function count:
9

Current functions:
func WithStreamOptions(opts ...StreamOption) Option {
func WithStreamRecvTimeout(d time.Duration) Option {
func WithStreamMiddleware(mw cep.StreamMiddleware) Option {
func WithStreamMiddlewareBuilder(mwb cep.StreamMiddlewareBuilder) Option {
func WithStreamRecvMiddleware(mw cep.StreamRecvMiddleware) Option {
func WithStreamRecvMiddlewareBuilder(mwb cep.StreamRecvMiddlewareBuilder) Option {
func WithStreamSendMiddleware(mw cep.StreamSendMiddleware) Option {
func WithStreamSendMiddlewareBuilder(mwb cep.StreamSendMiddlewareBuilder) Option {
func WithTailOption(opts ...TailOption) Option {
