=== Key Packages Status ===
pkg/streaming: EXISTS
pkg/endpoint: EXISTS
pkg/endpoint/cep: MISSING
pkg/endpoint/sep: MISSING
transport: EXISTS
pkg/remote/codec/thrift: MISSING
pkg/remote/trans/nphttp2: MISSING
client: EXISTS
client/callopt: EXISTS

=== Existing Structure (pkg/) ===
pkg/acl: 1 go files, 1 tests
pkg/circuitbreak: 6 go files, 4 tests
pkg/connpool: 1 go files, 1 tests
pkg/consts: 1 go files, 0 tests
pkg/diagnosis: 1 go files, 1 tests
pkg/discovery: 2 go files, 1 tests
pkg/endpoint: 3 go files, 1 tests
pkg/event: 3 go files, 2 tests
pkg/exception: 1 go files, 1 tests
pkg/fallback: 1 go files, 1 tests
pkg/generic: 15 go files, 11 tests
  subdirs: binary_test, descriptor, grpcjson_test, grpcjsonpb_test, http_test
pkg/generic/binary_test: 1 go files, 1 tests
pkg/generic/descriptor: 12 go files, 5 tests
pkg/generic/grpcjson_test: 1 go files, 1 tests
  subdirs: idl
pkg/generic/grpcjsonpb_test: 1 go files, 1 tests
  subdirs: idl
pkg/generic/http_test: 1 go files, 1 tests
  subdirs: conf, idl
pkg/generic/httppb_test: 1 go files, 1 tests
  subdirs: conf, idl
pkg/generic/json_test: 1 go files, 1 tests
  subdirs: conf, idl
pkg/generic/jsonpb_test: 1 go files, 1 tests
  subdirs: data, idl
pkg/generic/map_test: 1 go files, 1 tests
  subdirs: conf, idl
pkg/generic/proto: 3 go files, 1 tests
pkg/generic/reflect_test: 0 go files, 2 tests
  subdirs: idl
pkg/generic/thrift: 12 go files, 4 tests
pkg/gofunc: 1 go files, 1 tests
pkg/http: 1 go files, 1 tests
pkg/kerrors: 3 go files, 2 tests
pkg/klog: 2 go files, 1 tests
pkg/limit: 1 go files, 1 tests
pkg/limiter: 5 go files, 3 tests
pkg/loadbalance: 9 go files, 3 tests
  subdirs: lbcache
pkg/loadbalance/lbcache: 3 go files, 2 tests
pkg/logid: 2 go files, 1 tests
pkg/mem: 1 go files, 1 tests
pkg/profiler: 1 go files, 1 tests
pkg/protocol/bthrift: 3 go files, 2 tests
  subdirs: apache, internal
pkg/proxy: 1 go files, 0 tests
pkg/registry: 1 go files, 0 tests
pkg/remote: 19 go files, 3 tests
  subdirs: bound, codec, connpool, remotecli, remotesvr
pkg/remote/bound: 2 go files, 2 tests
pkg/remote/codec: 5 go files, 4 tests
  subdirs: grpc, perrors, protobuf, thrift
pkg/remote/connpool: 5 go files, 2 tests
pkg/remote/remotecli: 3 go files, 3 tests
pkg/remote/remotesvr: 1 go files, 1 tests
pkg/remote/trans: 5 go files, 3 tests
  subdirs: detection, gonet, invoke, netpoll, netpollmux
pkg/remote/transmeta: 2 go files, 0 tests
pkg/retry: 11 go files, 6 tests
pkg/rpcinfo: 13 go files, 11 tests
  subdirs: remoteinfo
pkg/rpcinfo/remoteinfo: 1 go files, 1 tests
pkg/rpctimeout: 2 go files, 0 tests
pkg/serviceinfo: 1 go files, 1 tests
pkg/stats: 3 go files, 1 tests
pkg/streaming: 4 go files, 2 tests
pkg/streamx: 9 go files, 5 tests
  subdirs: provider
pkg/transmeta: 3 go files, 3 tests
pkg/utils: 21 go files, 19 tests
  subdirs: contextmap, fastthrift, kitexutil
pkg/utils/contextmap: 1 go files, 1 tests
pkg/utils/fastthrift: 1 go files, 1 tests
pkg/utils/kitexutil: 1 go files, 1 tests
pkg/warmup: 2 go files, 1 tests
pkg/xds: 1 go files, 0 tests
root: 1 go files, 0 tests
  subdirs: .github, client, images, internal, licenses
tool/internal_pkg/generator: 6 go files, 3 tests
tool/internal_pkg/log: 1 go files, 0 tests
tool/internal_pkg/tpl: 10 go files, 1 tests
tool/internal_pkg/util: 2 go files, 1 tests
