=== FINAL COMPREHENSIVE VERIFICATION OF ALL 6 TARGETS ===

TARGET 1: Streaming Types
  ✓ ClientStream
  ✓ ServerStream
  ✓ Header/Trailer
  ✓ BidiStreamingClient
  ✓ EventHandler

TARGET 2: Endpoint Architecture
  ✓ cep package exists
  ✓ sep package exists
  ✓ UnaryEndpoint in base package
  ✓ Conversion methods
  ⚠ deprecated.go not created (agent says not needed)

TARGET 3: Transport Protocols
  ✓ TTHeaderStreaming = 64
  ✓ GRPCStreaming = 128

TARGET 4: Thrift Codec Fallback
  ✓ Blocking condition removed
  ✓ FastCodec fallback present

TARGET 5: Client Options
  ✓ option_unary.go
  ✓ option_stream.go
  ✓ option_ttstream.go
  ✓ WithRecvTimeout
  ✓ Retry migration

TARGET 6: gRPC Diagnostics
  ✓ Dump() method
  ✓ readAndCheckFrameHeader

============================================================
COMPILATION CHECK
============================================================
✓ Full project compiles successfully

============================================================
✅ ALL 6 TARGETS VERIFIED - READY FOR COMPLETION
============================================================
