total 6288
drwxrwxr-x 5 root root    4096 Apr 16 13:12 .
drwxr-xr-x 1 root root    4096 Oct  4 23:49 ..
-rw-rw-r-- 1 root root 6234899 Apr 16 11:10 bundled-fonts.go
-rw-rw-r-- 1 root root   47231 Apr 16 11:10 bundled-icons.go
drwxrwxr-x 2 root root    4096 Apr 16 13:12 font
-rw-rw-r-- 1 root root    5376 Apr 16 11:10 gen.go
drwxrwxr-x 2 root root    4096 Apr 16 13:12 icons
-rw-rw-r-- 1 root root   40897 Apr 16 11:10 icons.go
-rw-rw-r-- 1 root root   18220 Apr 16 11:10 icons_test.go
-rw-rw-r-- 1 root root    2031 Apr 16 11:10 legacy.go
-rw-rw-r-- 1 root root    3120 Apr 16 11:10 legacy_test.go
-rw-rw-r-- 1 root root    7112 Apr 16 11:10 svg.go
-rw-rw-r-- 1 root root    1165 Apr 16 11:10 svg_test.go
drwxrwxr-x 3 root root    4096 Apr 16 13:12 testdata
-rw-rw-r-- 1 root root   20276 Apr 16 11:10 theme.go
-rw-rw-r-- 1 root root     122 Apr 16 11:10 theme_hints.go
-rw-rw-r-- 1 root root     163 Apr 16 11:10 theme_other.go
-rw-rw-r-- 1 root root    6564 Apr 16 11:10 theme_test.go
-rw-rw-r-- 1 root root    1331 Apr 16 11:10 themedtestapp.go
