=== FINAL REQUIREMENT CHECK ===

Target 1: App Metadata System
11:type AppMetadata struct {
83:	Metadata() AppMetadata
✅ app/meta.go exists

Target 2: JSON Theme Support
✅ theme/json.go exists
19:func FromJSON(data string) (fyne.Theme, error) {

Target 3: Data Binding Formatting
✅ sprintf.go exists
35:func NewSprintf(format string, sources ...DataItem) StringFormat {

Target 4: Menu System Enhancements
21:func (m *Menu) Refresh() {
55:func (mi *MenuItem) Refresh() {

Target 5: Toolbar Enhancements
33:func (t *ToolbarAction) SetIcon(icon fyne.Resource) {
38:func NewToolbarAction(icon fyne.Resource, onActivated func()) *ToolbarAction {

Target 6: Widget/Container Improvements
170:func (c *Container) RemoveAll() {
	if add == nil {
30:	OnTapped func() `json:"-"`
469:func (e *Entry) SetMinRowsVisible(rows int) {
✅ validation/all.go exists
14:func NewAllStrings(validators ...fyne.StringValidator) fyne.StringValidator {

Target 7: Desktop App Interface
✅ driver/desktop/app.go exists
11:	// SetSystemTrayMenu sets the system tray menu for this application.
18:	// SetSystemTrayIcon sets the system tray icon for this application.
