total 32
drwxrwxr-x  2 root root 4096 Apr 12 15:49 .
drwxrwxr-x 38 root root 4096 Apr 12 15:49 ..
-rw-rw-r--  1 root root  919 Apr 12 15:21 context.go
-rw-rw-r--  1 root root 2610 Apr 12 15:21 streaming.go
-rw-rw-r--  1 root root 2477 Apr 12 15:21 timeout.go
-rw-rw-r--  1 root root 3341 Apr 12 15:21 timeout_test.go
-rw-rw-r--  1 root root 1861 Apr 12 15:21 util.go
-rw-rw-r--  1 root root 1929 Apr 12 15:21 util_test.go
---
total 24
drwxrwxr-x  2 root root 4096 Apr 12 15:49 .
drwxrwxr-x 38 root root 4096 Apr 12 15:49 ..
-rw-rw-r--  1 root root 1858 Apr 12 15:21 endpoint.go
-rw-rw-r--  1 root root 2148 Apr 12 15:21 endpoint_test.go
-rw-rw-r--  1 root root 1320 Apr 12 15:21 recv_endpoint.go
-rw-rw-r--  1 root root 1320 Apr 12 15:21 send_endpoint.go
---
total 160
drwxrwxr-x  9 root root 4096 Apr 12 15:49 .
drwxrwxr-x 38 root root 4096 Apr 12 15:49 ..
drwxrwxr-x  2 root root 4096 Apr 12 15:49 bound
-rw-rw-r--  1 root root 1481 Apr 12 15:21 bufiox2buffer.go
-rw-rw-r--  1 root root 4379 Apr 12 15:21 bytebuf.go
drwxrwxr-x  6 root root 4096 Apr 12 15:49 codec
-rw-rw-r--  1 root root 1620 Apr 12 15:21 codec.go
-rw-rw-r--  1 root root 1748 Apr 12 15:21 compression.go
drwxrwxr-x  2 root root 4096 Apr 12 15:49 connpool
-rw-rw-r--  1 root root 1837 Apr 12 15:21 connpool.go
-rw-rw-r--  1 root root 3816 Apr 12 15:21 custom_meta_handler.go
-rw-rw-r--  1 root root 3104 Apr 12 15:21 custom_meta_handler_test.go
-rw-rw-r--  1 root root 8539 Apr 12 15:21 default_bytebuf.go
-rw-rw-r--  1 root root 4168 Apr 12 15:21 default_bytebuf_test.go
-rw-rw-r--  1 root root 1349 Apr 12 15:21 dialer.go
-rw-rw-r--  1 root root  754 Apr 12 15:21 doc.go
-rw-rw-r--  1 root root 9372 Apr 12 15:21 message.go
-rw-rw-r--  1 root root 4254 Apr 12 15:21 option.go
-rw-rw-r--  1 root root 1541 Apr 12 15:21 payload_codec.go
---
total 24
drwxrwxr-x  2 root root 4096 Apr 12 15:49 .
drwxrwxr-x 38 root root 4096 Apr 12 15:49 ..
-rw-rw-r--  1 root root 4079 Apr 12 15:21 event.go
-rw-rw-r--  1 root root 1411 Apr 12 15:21 event_test.go
-rw-rw-r--  1 root root  793 Apr 12 15:21 status.go
-rw-rw-r--  1 root root  796 Apr 12 15:21 tracer.go
