/logs/agent/monitor/monitor_private/audit/commands/4f9f9c4c03564f62ad6cf5399ceb4fc2/script.py:15: SyntaxWarning: invalid escape sequence '\*'
  result = subprocess.run(['grep', '-A', '3', 'func (c \*Container) Add', '/app/container.go'], 
=== Target 6: Widget/Container Improvements (5 items) ===

1. Container.RemoveAll(): ✓ FOUND
64:// RemoveAll removes all objects from the container.
67:func (c *Container) RemoveAll() {


2. Container.Add() nil-safe: needs inspection
func (c *Container) Add(add CanvasObject) {
	if add == nil {
		return
	}
--
func (c *Container) AddObject(o CanvasObject) {
	c.Add(o)
}



3. Hyperlink.OnTapped: ✓ FOUND
26:	// OnTapped is an optional callback that is invoked when the hyperlink is tapped.
28:	OnTapped func()
159:	if hl.OnTapped != nil {
160:		hl.OnTapped()


4. Entry.SetMinRowsVisible(): ✗ MISSING

5. validation.NewAllStrings(): ✗ MISSING
