=== TARGET 5 VERIFICATION AGAINST SPEC (Turn 100) ===

SPEC REQUIREMENT 1: Type aliases in client/option.go
  Found: 6
  Required: 6 (UnaryOption, UnaryOptions, StreamOption, StreamOptions, TTHeaderStreamingOption, TTHeaderStreamingOptions)

SPEC REQUIREMENT 2: client/option_unary.go with 4 functions
  ✓ File exists
  Functions: 4

SPEC REQUIREMENT 3: client/option_stream.go with 8 functions
  ✓ File exists
  Required: WithStreamOptions, WithStreamRecvTimeout, WithStreamMiddleware,
            WithStreamMiddlewareBuilder, WithStreamRecvMiddleware,
            WithStreamRecvMiddlewareBuilder, WithStreamSendMiddleware,
            WithStreamSendMiddlewareBuilder
  Actual functions:
func WithTailOption(opts ...TailOption) Option {

SPEC REQUIREMENT 4: client/option_ttstream.go with 2 functions
  ✓ File exists
  Functions: 2

SPEC REQUIREMENT 5: TailOption function in client/option.go
  Found: 0

SPEC REQUIREMENT 6: WithRecvTimeout in client/callopt/streamcall
  Found: /app/client/callopt/streamcall/call_options.go:1 /app/client/callopt/streamcall/definition.go:0 /app/client/callopt/streamcall/grpc_options.go:0

SPEC REQUIREMENT 7: Retry/fallback migration to o.UnaryOptions
  Checking WithFailureRetry uses UnaryOptions.RetryMethodPolicies:
  ✗ NOT migrated (still uses o.RetryMethodPolicies)
