{"event":"gateway_transport","timestamp":1790167518.5843668,"thread":138303312451264,"stage":"resolved","status":"ok"}
{"event":"gateway_transport","timestamp":1790167519.4694219,"thread":138303312451264,"stage":"connected","status":"ok"}
{"event":"gateway_transport","timestamp":1790167519.4696608,"thread":138303312451264,"stage":"request_sent","status":"ok"}
{"event":"gateway_transport","timestamp":1790167521.4710243,"thread":138303312451264,"stage":"response_headers_received","status":"ok","http_status":200}
{"event":"gateway_transport","timestamp":1790167524.7717552,"thread":138303312451264,"stage":"response_stream_completed","status":"ok","http_status":200}
{"event":"gateway_transport","timestamp":1790167524.8923025,"thread":138303312451264,"stage":"resolved","status":"ok"}
{"event":"gateway_transport","timestamp":1790167525.5813289,"thread":138303312451264,"stage":"connected","status":"ok"}
{"event":"gateway_transport","timestamp":1790167525.5816011,"thread":138303312451264,"stage":"request_sent","status":"ok"}
{"event":"gateway_transport","timestamp":1790167527.833351,"thread":138303312451264,"stage":"response_headers_received","status":"ok","http_status":200}
{"event":"gateway_transport","timestamp":1790167529.159218,"thread":138303312451264,"stage":"response_stream_completed","status":"ok","http_status":200}
{"event":"gateway_transport","timestamp":1790167529.26752,"thread":138303312451264,"stage":"resolved","status":"ok"}
{"event":"gateway_transport","timestamp":1790167531.2017062,"thread":138303312451264,"stage":"connected","status":"ok"}
{"event":"gateway_transport","timestamp":1790167531.202433,"thread":138303312451264,"stage":"request_sent","status":"ok"}
{"event":"gateway_transport","timestamp":1790167533.2438948,"thread":138303312451264,"stage":"response_headers_received","status":"ok","http_status":200}
{"event":"gateway_transport","timestamp":1790167534.294175,"thread":138303312451264,"stage":"response_stream_completed","status":"ok","http_status":200}
{"event":"gateway_transport","timestamp":1790167534.392707,"thread":138303312451264,"stage":"resolved","status":"ok"}
{"event":"gateway_transport","timestamp":1790167536.7991264,"thread":138303312451264,"stage":"connected","status":"ok"}
{"event":"gateway_transport","timestamp":1790167536.7994397,"thread":138303312451264,"stage":"request_sent","status":"ok"}
{"event":"gateway_transport","timestamp":1790167539.5649676,"thread":138303312451264,"stage":"response_headers_received","status":"ok","http_status":200}
{"event":"gateway_transport","timestamp":1790167540.8270607,"thread":138303312451264,"stage":"response_stream_completed","status":"ok","http_status":200}
{"event":"gateway_transport","timestamp":1790167540.929157,"thread":138303312451264,"stage":"resolved","status":"ok"}
{"event":"gateway_transport","timestamp":1790167541.7088833,"thread":138303312451264,"stage":"connected","status":"ok"}
{"event":"gateway_transport","timestamp":1790167541.7095525,"thread":138303312451264,"stage":"request_sent","status":"ok"}
{"event":"gateway_transport","timestamp":1790167544.7871485,"thread":138303312451264,"stage":"response_headers_received","status":"ok","http_status":200}
{"event":"gateway_transport","timestamp":1790167546.6593976,"thread":138303312451264,"stage":"response_stream_completed","status":"ok","http_status":200}
{"event":"gateway_transport","timestamp":1790167546.7937741,"thread":138303312451264,"stage":"resolved","status":"ok"}
{"event":"gateway_transport","timestamp":1790167547.8357713,"thread":138303312451264,"stage":"connected","status":"ok"}
{"event":"gateway_transport","timestamp":1790167547.8362465,"thread":138303312451264,"stage":"request_sent","status":"ok"}
{"event":"gateway_transport","timestamp":1790167550.0829573,"thread":138303312451264,"stage":"response_headers_received","status":"ok","http_status":200}
{"event":"gateway_transport","timestamp":1790167568.5018814,"thread":138303312451264,"stage":"response_stream_completed","status":"ok","http_status":200}
{"event":"gateway_transport","timestamp":1790167568.6318674,"thread":138303312451264,"stage":"resolved","status":"ok"}
{"event":"gateway_transport","timestamp":1790167569.3320012,"thread":138303312451264,"stage":"connected","status":"ok"}
{"event":"gateway_transport","timestamp":1790167569.3322418,"thread":138303312451264,"stage":"request_sent","status":"ok"}
{"event":"gateway_transport","timestamp":1790167571.575648,"thread":138303312451264,"stage":"response_headers_received","status":"ok","http_status":200}
{"event":"gateway_transport","timestamp":1790167573.932694,"thread":138303312451264,"stage":"response_stream_completed","status":"ok","http_status":200}
{"event":"gateway_transport","timestamp":1790167574.0800862,"thread":138303312451264,"stage":"resolved","status":"ok"}
{"event":"gateway_transport","timestamp":1790167574.818687,"thread":138303312451264,"stage":"connected","status":"ok"}
{"event":"gateway_transport","timestamp":1790167574.8189611,"thread":138303312451264,"stage":"request_sent","status":"ok"}
{"event":"gateway_transport","timestamp":1790167577.1116967,"thread":138303312451264,"stage":"response_headers_received","status":"ok","http_status":200}
{"event":"gateway_transport","timestamp":1790167584.777076,"thread":138303312451264,"stage":"response_stream_completed","status":"ok","http_status":200}
{"event":"gateway_transport","timestamp":1790167585.3076053,"thread":138303312451264,"stage":"resolved","status":"ok"}
{"event":"gateway_transport","timestamp":1790167586.0405595,"thread":138303312451264,"stage":"connected","status":"ok"}
{"event":"gateway_transport","timestamp":1790167586.0408723,"thread":138303312451264,"stage":"request_sent","status":"ok"}
{"event":"gateway_transport","timestamp":1790167588.2902038,"thread":138303312451264,"stage":"response_headers_received","status":"ok","http_status":200}
{"event":"gateway_transport","timestamp":1790167599.8688638,"thread":138303312451264,"stage":"response_stream_completed","status":"ok","http_status":200}
{"event":"gateway_transport","timestamp":1790167599.990095,"thread":138303312451264,"stage":"resolved","status":"ok"}
{"event":"gateway_transport","timestamp":1790167599.9947786,"thread":138303312451264,"stage":"connected","status":"ok"}
{"event":"gateway_transport","timestamp":1790167599.9949858,"thread":138303312451264,"stage":"request_sent","status":"ok"}
{"event":"gateway_transport","timestamp":1790167599.9986901,"thread":138303312451264,"stage":"response_headers_received","status":"ok","http_status":200}
{"event":"gateway_transport","timestamp":1790167599.9988344,"thread":138303312451264,"stage":"response_stream_completed","status":"ok","http_status":200}
{"event":"gateway_transport","timestamp":1790167600.9607346,"thread":138303312451264,"stage":"resolved","status":"ok"}
{"event":"gateway_transport","timestamp":1790167601.0043812,"thread":138303304058560,"stage":"resolved","status":"ok"}
{"event":"gateway_transport","timestamp":1790167601.006722,"thread":138303304058560,"stage":"connected","status":"ok"}
{"event":"gateway_transport","timestamp":1790167601.006926,"thread":138303304058560,"stage":"request_sent","status":"ok"}
{"event":"gateway_transport","timestamp":1790167601.0090473,"thread":138303304058560,"stage":"response_headers_received","status":"ok","http_status":200}
{"event":"gateway_transport","timestamp":1790167601.0092185,"thread":138303304058560,"stage":"response_stream_completed","status":"ok","http_status":200}
{"event":"gateway_transport","timestamp":1790167601.680629,"thread":138303312451264,"stage":"connected","status":"ok"}
{"event":"gateway_transport","timestamp":1790167601.6809814,"thread":138303312451264,"stage":"request_sent","status":"ok"}
{"event":"gateway_transport","timestamp":1790167603.866396,"thread":138303312451264,"stage":"response_headers_received","status":"ok","http_status":200}
{"event":"gateway_transport","timestamp":1790167605.1692739,"thread":138303312451264,"stage":"response_stream_completed","status":"ok","http_status":200}
{"event":"gateway_transport","timestamp":1790167605.2161956,"thread":138303312451264,"stage":"resolved","status":"ok"}
{"event":"gateway_transport","timestamp":1790167605.2179847,"thread":138303312451264,"stage":"connected","status":"ok"}
{"event":"gateway_transport","timestamp":1790167605.2181509,"thread":138303312451264,"stage":"request_sent","status":"ok"}
{"event":"gateway_transport","timestamp":1790167605.2209089,"thread":138303312451264,"stage":"response_headers_received","status":"ok","http_status":200}
{"event":"gateway_transport","timestamp":1790167605.2210338,"thread":138303312451264,"stage":"response_stream_completed","status":"ok","http_status":200}
{"event":"gateway_transport","timestamp":1790167606.224885,"thread":138303312451264,"stage":"resolved","status":"ok"}
{"event":"gateway_transport","timestamp":1790167606.2266839,"thread":138303312451264,"stage":"connected","status":"ok"}
{"event":"gateway_transport","timestamp":1790167606.226875,"thread":138303312451264,"stage":"request_sent","status":"ok"}
{"event":"gateway_transport","timestamp":1790167606.2285187,"thread":138303312451264,"stage":"response_headers_received","status":"ok","http_status":200}
{"event":"gateway_transport","timestamp":1790167606.2286434,"thread":138303312451264,"stage":"response_stream_completed","status":"ok","http_status":200}
{"event":"gateway_transport","timestamp":1790167606.2506998,"thread":138303312451264,"stage":"resolved","status":"ok"}
{"event":"gateway_transport","timestamp":1790167607.3053768,"thread":138303312451264,"stage":"connected","status":"ok"}
{"event":"gateway_transport","timestamp":1790167607.3055673,"thread":138303312451264,"stage":"request_sent","status":"ok"}
{"event":"gateway_transport","timestamp":1790167609.5024815,"thread":138303312451264,"stage":"response_headers_received","status":"ok","http_status":200}
{"event":"gateway_transport","timestamp":1790167610.3787034,"thread":138303312451264,"stage":"response_stream_completed","status":"ok","http_status":200}
{"event":"gateway_transport","timestamp":1790167610.4367747,"thread":138303312451264,"stage":"resolved","status":"ok"}
{"event":"gateway_transport","timestamp":1790167610.4382188,"thread":138303312451264,"stage":"connected","status":"ok"}
{"event":"gateway_transport","timestamp":1790167610.4384155,"thread":138303312451264,"stage":"request_sent","status":"ok"}
{"event":"gateway_transport","timestamp":1790167610.440974,"thread":138303312451264,"stage":"response_headers_received","status":"ok","http_status":200}
{"event":"gateway_transport","timestamp":1790167610.4411438,"thread":138303312451264,"stage":"response_stream_completed","status":"ok","http_status":200}
{"event":"gateway_transport","timestamp":1790167610.4714494,"thread":138303312451264,"stage":"resolved","status":"ok"}
{"event":"gateway_transport","timestamp":1790167611.203954,"thread":138303312451264,"stage":"connected","status":"ok"}
{"event":"gateway_transport","timestamp":1790167611.2041674,"thread":138303312451264,"stage":"request_sent","status":"ok"}
{"event":"gateway_transport","timestamp":1790167611.4447644,"thread":138303304058560,"stage":"resolved","status":"ok"}
{"event":"gateway_transport","timestamp":1790167611.447568,"thread":138303304058560,"stage":"connected","status":"ok"}
{"event":"gateway_transport","timestamp":1790167611.4478304,"thread":138303304058560,"stage":"request_sent","status":"ok"}
{"event":"gateway_transport","timestamp":1790167611.449932,"thread":138303304058560,"stage":"response_headers_received","status":"ok","http_status":200}
{"event":"gateway_transport","timestamp":1790167611.4500818,"thread":138303304058560,"stage":"response_stream_completed","status":"ok","http_status":200}
{"event":"gateway_transport","timestamp":1790167611.474405,"thread":138303304058560,"stage":"resolved","status":"ok"}
{"event":"gateway_transport","timestamp":1790167612.215037,"thread":138303304058560,"stage":"connected","status":"ok"}
{"event":"gateway_transport","timestamp":1790167612.2152686,"thread":138303304058560,"stage":"request_sent","status":"ok"}
{"event":"gateway_transport","timestamp":1790167613.5068426,"thread":138303312451264,"stage":"response_headers_received","status":"ok","http_status":200}
{"event":"gateway_transport","timestamp":1790167614.3628595,"thread":138303304058560,"stage":"response_headers_received","status":"ok","http_status":200}
{"event":"gateway_transport","timestamp":1790167615.59357,"thread":138303312451264,"stage":"response_stream_completed","status":"ok","http_status":200}
{"event":"gateway_transport","timestamp":1790167615.7019002,"thread":138303312451264,"stage":"resolved","status":"ok"}
{"event":"gateway_transport","timestamp":1790167616.9992461,"thread":138303304058560,"stage":"response_stream_completed","status":"ok","http_status":200}
{"event":"gateway_transport","timestamp":1790167617.059484,"thread":138303304058560,"stage":"resolved","status":"ok"}
{"event":"gateway_transport","timestamp":1790167617.061142,"thread":138303304058560,"stage":"connected","status":"ok"}
{"event":"gateway_transport","timestamp":1790167617.0613613,"thread":138303304058560,"stage":"request_sent","status":"ok"}
{"event":"gateway_transport","timestamp":1790167617.0639465,"thread":138303304058560,"stage":"response_headers_received","status":"ok","http_status":200}
{"event":"gateway_transport","timestamp":1790167617.0640738,"thread":138303304058560,"stage":"response_stream_completed","status":"ok","http_status":200}
{"event":"gateway_transport","timestamp":1790167617.0923586,"thread":138303304058560,"stage":"resolved","status":"ok"}
{"event":"gateway_transport","timestamp":1790167617.7980044,"thread":138303304058560,"stage":"connected","status":"ok"}
{"event":"gateway_transport","timestamp":1790167617.7982717,"thread":138303304058560,"stage":"request_sent","status":"ok"}
{"event":"gateway_transport","timestamp":1790167618.0671833,"thread":138303312451264,"stage":"connected","status":"ok"}
{"event":"gateway_transport","timestamp":1790167618.067456,"thread":138303312451264,"stage":"request_sent","status":"ok"}
{"event":"gateway_transport","timestamp":1790167620.1865256,"thread":138303304058560,"stage":"response_headers_received","status":"ok","http_status":200}
{"event":"gateway_transport","timestamp":1790167620.7034013,"thread":138303312451264,"stage":"response_headers_received","status":"ok","http_status":200}
{"event":"gateway_transport","timestamp":1790167621.182118,"thread":138303304058560,"stage":"response_stream_completed","status":"ok","http_status":200}
{"event":"gateway_transport","timestamp":1790167621.2718458,"thread":138303304058560,"stage":"resolved","status":"ok"}
{"event":"gateway_transport","timestamp":1790167621.274497,"thread":138303304058560,"stage":"connected","status":"ok"}
{"event":"gateway_transport","timestamp":1790167621.2747147,"thread":138303304058560,"stage":"request_sent","status":"ok"}
{"event":"gateway_transport","timestamp":1790167621.277664,"thread":138303304058560,"stage":"response_headers_received","status":"ok","http_status":200}
{"event":"gateway_transport","timestamp":1790167621.2777834,"thread":138303304058560,"stage":"response_stream_completed","status":"ok","http_status":200}
{"event":"gateway_transport","timestamp":1790167622.2678497,"thread":138303304058560,"stage":"resolved","status":"ok"}
{"event":"gateway_transport","timestamp":1790167622.2815778,"thread":138303295665856,"stage":"resolved","status":"ok"}
{"event":"gateway_transport","timestamp":1790167622.2830117,"thread":138303295665856,"stage":"connected","status":"ok"}
{"event":"gateway_transport","timestamp":1790167622.2831488,"thread":138303295665856,"stage":"request_sent","status":"ok"}
{"event":"gateway_transport","timestamp":1790167622.2848785,"thread":138303295665856,"stage":"response_headers_received","status":"ok","http_status":200}
{"event":"gateway_transport","timestamp":1790167622.284999,"thread":138303295665856,"stage":"response_stream_completed","status":"ok","http_status":200}
{"event":"gateway_transport","timestamp":1790167622.9949167,"thread":138303304058560,"stage":"connected","status":"ok"}
{"event":"gateway_transport","timestamp":1790167622.9951503,"thread":138303304058560,"stage":"request_sent","status":"ok"}
{"event":"gateway_transport","timestamp":1790167623.5790167,"thread":138303312451264,"stage":"response_stream_completed","status":"ok","http_status":200}
{"event":"gateway_transport","timestamp":1790167623.6853771,"thread":138303312451264,"stage":"resolved","status":"ok"}
{"event":"gateway_transport","timestamp":1790167624.349544,"thread":138303312451264,"stage":"connected","status":"ok"}
{"event":"gateway_transport","timestamp":1790167624.3507268,"thread":138303312451264,"stage":"request_sent","status":"ok"}
{"event":"gateway_transport","timestamp":1790167625.1149573,"thread":138303304058560,"stage":"response_headers_received","status":"ok","http_status":200}
{"event":"gateway_transport","timestamp":1790167626.9683118,"thread":138303304058560,"stage":"response_stream_completed","status":"ok","http_status":200}
{"event":"gateway_transport","timestamp":1790167627.033751,"thread":138303312451264,"stage":"response_headers_received","status":"ok","http_status":200}
{"event":"gateway_transport","timestamp":1790167627.0541503,"thread":138303304058560,"stage":"resolved","status":"ok"}
{"event":"gateway_transport","timestamp":1790167627.093664,"thread":138303295665856,"stage":"resolved","status":"ok"}
{"event":"gateway_transport","timestamp":1790167627.0953352,"thread":138303295665856,"stage":"connected","status":"ok"}
{"event":"gateway_transport","timestamp":1790167627.0955296,"thread":138303295665856,"stage":"request_sent","status":"ok"}
{"event":"gateway_transport","timestamp":1790167627.098497,"thread":138303295665856,"stage":"response_headers_received","status":"ok","http_status":200}
{"event":"gateway_transport","timestamp":1790167627.0986376,"thread":138303295665856,"stage":"response_stream_completed","status":"ok","http_status":200}
{"event":"gateway_transport","timestamp":1790167629.2054746,"thread":138303304058560,"stage":"connected","status":"ok"}
{"event":"gateway_transport","timestamp":1790167629.2057316,"thread":138303304058560,"stage":"request_sent","status":"ok"}
{"event":"gateway_transport","timestamp":1790167631.8358872,"thread":138303304058560,"stage":"response_headers_received","status":"ok","http_status":200}
{"event":"gateway_transport","timestamp":1790167634.7762778,"thread":138303304058560,"stage":"response_stream_completed","status":"ok","http_status":200}
{"event":"gateway_transport","timestamp":1790167634.911491,"thread":138303304058560,"stage":"resolved","status":"ok"}
{"event":"gateway_transport","timestamp":1790167634.913337,"thread":138303304058560,"stage":"connected","status":"ok"}
{"event":"gateway_transport","timestamp":1790167634.9134717,"thread":138303304058560,"stage":"request_sent","status":"ok"}
{"event":"gateway_transport","timestamp":1790167634.916027,"thread":138303304058560,"stage":"response_headers_received","status":"ok","http_status":200}
{"event":"gateway_transport","timestamp":1790167634.9161413,"thread":138303304058560,"stage":"response_stream_completed","status":"ok","http_status":200}
{"event":"gateway_transport","timestamp":1790167635.5768235,"thread":138303312451264,"stage":"response_stream_completed","status":"ok","http_status":200}
{"event":"gateway_transport","timestamp":1790167635.8669176,"thread":138303312451264,"stage":"resolved","status":"ok"}
{"event":"gateway_transport","timestamp":1790167635.920235,"thread":138303304058560,"stage":"resolved","status":"ok"}
{"event":"gateway_transport","timestamp":1790167635.9220803,"thread":138303304058560,"stage":"connected","status":"ok"}
{"event":"gateway_transport","timestamp":1790167635.9222496,"thread":138303304058560,"stage":"request_sent","status":"ok"}
{"event":"gateway_transport","timestamp":1790167635.924036,"thread":138303304058560,"stage":"response_headers_received","status":"ok","http_status":200}
{"event":"gateway_transport","timestamp":1790167635.924165,"thread":138303304058560,"stage":"response_stream_completed","status":"ok","http_status":200}
{"event":"gateway_transport","timestamp":1790167636.9653065,"thread":138303312451264,"stage":"connected","status":"ok"}
{"event":"gateway_transport","timestamp":1790167636.9656997,"thread":138303312451264,"stage":"request_sent","status":"ok"}
{"event":"gateway_transport","timestamp":1790167639.3281794,"thread":138303312451264,"stage":"response_headers_received","status":"ok","http_status":200}
{"event":"gateway_transport","timestamp":1790167641.1235685,"thread":138303312451264,"stage":"response_stream_completed","status":"ok","http_status":200}
{"event":"gateway_transport","timestamp":1790167641.2122095,"thread":138303312451264,"stage":"resolved","status":"ok"}
{"event":"gateway_transport","timestamp":1790167641.332453,"thread":138303304058560,"stage":"resolved","status":"ok"}
{"event":"gateway_transport","timestamp":1790167641.3346825,"thread":138303304058560,"stage":"connected","status":"ok"}
{"event":"gateway_transport","timestamp":1790167641.3349745,"thread":138303304058560,"stage":"request_sent","status":"ok"}
{"event":"gateway_transport","timestamp":1790167641.3377812,"thread":138303304058560,"stage":"response_headers_received","status":"ok","http_status":200}
{"event":"gateway_transport","timestamp":1790167641.337902,"thread":138303304058560,"stage":"response_stream_completed","status":"ok","http_status":200}
{"event":"gateway_transport","timestamp":1790167643.6205268,"thread":138303312451264,"stage":"connected","status":"ok"}
{"event":"gateway_transport","timestamp":1790167643.6208143,"thread":138303312451264,"stage":"request_sent","status":"ok"}
{"event":"gateway_transport","timestamp":1790167645.9110131,"thread":138303312451264,"stage":"response_headers_received","status":"ok","http_status":200}
{"event":"gateway_transport","timestamp":1790167656.531633,"thread":138303312451264,"stage":"response_stream","status":"error","exception_type":"IncompleteRead"}
{"event":"gateway_transport","timestamp":1790167656.5811286,"thread":138303312451264,"stage":"resolved","status":"ok"}
{"event":"gateway_transport","timestamp":1790167656.5828245,"thread":138303312451264,"stage":"connected","status":"ok"}
{"event":"gateway_transport","timestamp":1790167656.5830495,"thread":138303312451264,"stage":"request_sent","status":"ok"}
{"event":"gateway_transport","timestamp":1790167656.587389,"thread":138303312451264,"stage":"response_headers_received","status":"ok","http_status":200}
{"event":"gateway_transport","timestamp":1790167656.587521,"thread":138303312451264,"stage":"response_stream_completed","status":"ok","http_status":200}
