
=== /app/pkg/streaming ===
  context.go
  streaming.go
  timeout.go
  timeout_test.go
  util.go
  util_test.go

=== /app/pkg/endpoint ===
  endpoint.go
  endpoint_test.go
  recv_endpoint.go
  send_endpoint.go

=== /app/pkg/remote/codec/thrift ===
  codec.go
  codec_apache.go
  codec_apache_test.go
  codec_fast.go
  codec_frugal.go
  codec_frugal_test.go
  thrift.go
  thrift_data.go
  thrift_data_test.go
  thrift_test.go

=== /app/pkg/remote/trans/nphttp2 ===
  buffer.go
  buffer_test.go
  client_conn.go
  client_conn_test.go
  client_handler.go
  client_handler_test.go
  codes.go
  codes_test.go
  conn_pool.go
  conn_pool_test.go
  doc.go
  meta_api.go
  meta_api_test.go
  mocks_test.go
  server_conn.go
  server_conn_test.go
  server_handler.go
  server_handler_test.go
  stream.go
  stream_middleware.go
  stream_test.go

=== /app/transport ===
  keys.go

=== /app/client ===
  client.go
  client_streamx.go
  client_test.go
  context.go
  context_middleware.go
  context_middleware_test.go
  context_test.go
  deprecated.go
  doc.go
  middlewares.go
  middlewares_test.go
  mocks_test.go
  option.go
  option_advanced.go
  option_test.go
  rpctimeout.go
  rpctimeout_pool.go
  rpctimeout_pool_test.go
  rpctimeout_test.go
  service_inline.go
  service_inline_test.go
  stream.go
  stream_test.go
