=== TARGET 2: Endpoint Architecture - Checking Required Types ===

cep package types:
type UnaryEndpoint = endpoint.Endpoint
type StreamEndpoint func(ctx context.Context, req interface{}) (stream interface{}, err error)
type Middleware = endpoint.Middleware
type MiddlewareBuilder = endpoint.MiddlewareBuilder

sep package types:
type UnaryEndpoint = endpoint.Endpoint
type StreamEndpoint func(ctx context.Context, stream interface{}) (err error)
type Middleware = endpoint.Middleware
type MiddlewareBuilder = endpoint.MiddlewareBuilder

Base endpoint package - UnaryEndpoint types:
MISSING: UnaryEndpoint types

deprecated.go:
MISSING: pkg/endpoint/deprecated.go

=== TARGET 5: Client Options - Checking Required Files ===
MISSING: client/option_unary.go
MISSING: client/option_stream.go
MISSING: client/option_ttstream.go
total 20
drwxrwxr-x 2 root root 4096 Apr 12 15:49 .
drwxrwxr-x 3 root root 4096 Apr 12 15:49 ..
-rw-rw-r-- 1 root root 1617 Apr 12 15:21 call_options.go
-rw-rw-r-- 1 root root 1825 Apr 12 15:21 definition.go
-rw-rw-r-- 1 root root  877 Apr 12 15:21 grpc_options.go

=== TARGET 6: gRPC Diagnostics - Checking readAndCheckFrameHeader ===
MISSING: readAndCheckFrameHeader method
376:func readFrameHeader(r netpoll.Reader) (http2.FrameHeader, error) {
ISSUE: standalone readFrameHeader still exists (should be replaced)
