/app/container/doctabs_desktop_test.go
/app/container/apptabs_desktop_test.go
/app/test/testtheme.go
/app/test/theme.go
/app/app/settings_desktop_test.go
/app/app/app_desktop_darwin.go
/app/app/settings_desktop.go
/app/driver/desktop/shortcut_test.go
/app/driver/desktop/cursor.go
/app/driver/desktop/driver.go
/app/driver/desktop/canvas.go
/app/driver/desktop/mouse_test.go
/app/driver/desktop/mouse.go
/app/driver/desktop/key.go
/app/driver/desktop/shortcut.go
/app/widget/menu_desktop_test.go
/app/widget/table_desktop_test.go
/app/widget/menu_internal_desktop_test.go
/app/widget/entry_validation_test.go
/app/widget/popup_menu_desktop_test.go
