=== TARGET 1: App.Metadata() in interface ===
	Metadata() AppMetadata
}


=== TARGET 1: testApp has Metadata() ===
func (a *testApp) Metadata() fyne.AppMetadata {

=== TARGET 2: FromJSON signature (must be string) ===
func FromJSON(data string) (fyne.Theme, error) {
func FromJSONReader(r io.Reader) (fyne.Theme, error) {

=== TARGET 2: Hex parsing supports 3,4,6,8 digits ===
	case 3: // RGB - each digit doubled
	case 4: // RGBA - each digit doubled
	case 6: // RRGGBB
	case 8: // RRGGBBAA

=== TARGET 3: Set() with Sscanf ===
func (b *sprintfBinding) Set(str string) error {
	b.lock.Lock()
	defer b.lock.Unlock()

=== TARGET 3: StringToStringWithFormat exists ===
func StringToStringWithFormat(str String, format string) String {

=== TARGET 4: MenuItem.Icon and MenuItem.Shortcut ===
	Icon Resource
	Shortcut Shortcut

=== TARGET 5: Toolbar constructors return concrete types ===
func NewToolbarAction(icon fyne.Resource, onActivated func()) *ToolbarAction {
func NewToolbarSpacer() *ToolbarSpacer {
func NewToolbarSeparator() *ToolbarSeparator {

=== TARGET 6: Container.RemoveAll exists ===
func (c *Container) RemoveAll() {

=== TARGET 6: Hyperlink.OnTapped field ===
	OnTapped func() `json:"-"`

=== TARGET 6: Entry.SetMinRowsVisible ===
func (e *Entry) SetMinRowsVisible(count int) {

=== TARGET 6: NewAllStrings in data/validation ===
func NewAllStrings(validators ...fyne.StringValidator) fyne.StringValidator {

=== TARGET 7: desktop.App has BOTH methods ===
	// SetSystemTrayMenu sets the system tray menu for the application.
	SetSystemTrayMenu(menu *fyne.Menu)
	// SetSystemTrayIcon sets the system tray icon for the application.
	SetSystemTrayIcon(icon fyne.Resource)
