=== Target 1: AppMetadata ===
ls: cannot access '/app/app/meta.go': No such file or directory

=== Target 2: JSON Theme ===
/app/theme/icons.go
/app/theme/legacy.go
/app/theme/svg.go
/app/theme/icons_test.go
/app/theme/bundled-icons.go

=== Target 3: Data Binding Sprintf ===
ls: cannot access '/app/data/binding/sprintf.go': No such file or directory

=== Target 4: Menu ===
16:type MenuItem struct {

=== Target 5: Toolbar ===
-rw-rw-r-- 1 root root 3808 Apr 16 11:10 /app/widget/toolbar.go

=== Target 6: Container/Widget improvements ===
-rw-rw-r-- 1 root root 4325 Apr 16 11:10 /app/container.go
-rw-rw-r-- 1 root root 6009 Apr 16 11:10 /app/widget/hyperlink.go
-rw-rw-r-- 1 root root 46442 Apr 16 11:10 /app/widget/entry.go
ls: cannot access '/app/data/validation/all.go': No such file or directory

=== Target 7: Desktop App ===
ls: cannot access '/app/driver/desktop/app.go': No such file or directory
