=== COMPREHENSIVE TARGET STATUS CHECK ===

Target 1 (Streaming Types): ✓ COMPLETE
  - Header/Trailer types, ClientStream/ServerStream interfaces
  - 8 generic wrappers, Args/Result extended
  - Helper interfaces present

Target 2 (Endpoint Architecture):
  - cep/sep packages: ✓ Created with correct signatures
  - StreamRecvEndpoint/StreamSendEndpoint with EqualsTo: ✓ Present
  - DummyDummyMiddleware in cep: ✓ Present
  - deprecated.go with middleware/builders/chains: ✓ COMPLETE

Target 3 (Transport Protocol):
  - TTHeaderStreaming as dedicated flag (64): ✓ Done
  - GRPCStreaming flag (128): ✓ Done
  - String() handles composites with pipes: ✓ VERIFIED (GRPC|Framed works)
  - Default protocol change: ❓ NEEDS VERIFICATION

Target 4 (Thrift Codec Fallback):
  - Basic codec exclusion removed: ✓ COMPLETE (verified both functions)

Target 5 (Client Options): ⚠️ INCOMPLETE
/app/client/option_advanced.go
/app/client/option_stream.go
  Missing: option_unary.go, option_ttstream.go
  Missing: Type aliases in option.go

Target 6 (gRPC Diagnostics):
  - conn_pool Dump() method: ✓ Present
  - frame_reader readAndCheckFrameHeader: ❌ NOT DONE (still standalone function)
