=== TARGET 1: Streaming Types ===
1
✓ ClientStream exists
1
✓ ServerStream exists
2
✓ Args/Result extended

=== TARGET 2: Endpoint Architecture ===
3
2
✓ DummyDummyMiddleware exists
1
✓ UnaryEndpoint exists

=== TARGET 3: Transport Protocol ===
	TTHeaderStreaming Protocol = 64
✓ TTHeaderStreaming = 64
	GRPCStreaming Protocol = 128
✓ GRPCStreaming = 128
String() method - checking for composite handling:
⚠ Only handles individual flags

=== TARGET 4: Thrift Codec ===
9
✓ Fallback logic exists

=== TARGET 5: Client Options ===
4
1
✓ TailOption exists
Retry migration check:
⚠ Still using old location

=== TARGET 6: gRPC Diagnostics ===
1
✓ Dump() exists
1
✓ readAndCheckFrameHeader exists
0
✓ Standalone removed
