./animation.go
./clipboard.go
./shortcut_test.go
./app_test.go
./serialise.go
./settings.go
./app.go
./container/doctabs_internal_test.go
./container/apptabs_mobile_test.go
./container/doctabs_desktop_test.go
./container/doctabs_extend_test.go
./container/doctabs.go
./container/doctabs_mobile_test.go
./container/apptabs_desktop_test.go
./container/container.go
./container/doctabs_test.go
./container/split.go
./container/apptabs_internal_test.go
./container/apptabs.go
./container/split_test.go
./container/apptabs_extend_test.go
./container/scroll.go
./container/apptabs_test.go
./container/tabs.go
./container/layouts.go
./driver.go
./geometry_test.go
./animation_test.go
./test/testapp.go
./test/markup_renderer_test.go
