=== Full dummyApp implementation in app_test.go ===
type dummyApp struct{}

func (dummyApp) NewWindow(title string) Window {
	return nil
}

func (dummyApp) OpenURL(url *url.URL) error {
	return nil
}

func (dummyApp) Icon() Resource {
	return nil
}

func (dummyApp) SetIcon(Resource) {
}

func (dummyApp) Run() {
}

func (dummyApp) Quit() {
}

func (dummyApp) Driver() Driver {
	return nil
}

func (dummyApp) UniqueID() string {
	return "dummy"
}

func (dummyApp) SendNotification(*Notification) {
}

func (dummyApp) Settings() Settings {
	return nil
}

func (dummyApp) Storage() Storage {
	return nil
}

func (dummyApp) Preferences() Preferences {
	return nil
}

func (dummyApp) Lifecycle() Lifecycle {
	return nil
}

func (dummyApp) Metadata() AppMetadata {

=== Verify dummyApp has Metadata() method ===
60:func (dummyApp) Metadata() AppMetadata {
61:	return AppMetadata{}

=== Check if app_test.go compiles ===
# command-line-arguments [command-line-arguments.test]
./app_test.go:12:41: undefined: Window
./app_test.go:20:24: undefined: Resource
./app_test.go:24:25: undefined: Resource
./app_test.go:33:26: undefined: Driver
./app_test.go:41:35: undefined: Notification
./app_test.go:44:28: undefined: Settings
./app_test.go:48:27: undefined: Storage
./app_test.go:52:31: undefined: Preferences
./app_test.go:56:29: undefined: Lifecycle
./app_test.go:60:28: undefined: AppMetadata
./app_test.go:60:28: too many errors
