=== TARGET 4 FINAL VERIFICATION ===
Checking if Basic codec gets fallback (the one != Basic occurrence):
		return fastUnmarshal(trans, data, dataLen)
	}
	if typecodec.Apache {
		return apacheUnmarshal(trans, data)
	}
	if dataLenOK && c.CodecType != Basic {
		// try fallback to frugal or fastcodec
		// case: typecodec.Frugal=false but typecodec.FastCodec=true
		if typecodec.FastCodec {
			return fastUnmarshal(trans, data, dataLen)
		}
		// case: typecodec.FastCodec=false but typecodec.Frugal=true
		if typecodec.Frugal {
			return frugalUnmarshal(trans, data, dataLen)
		}
	}
	return errDecodeMismatchMsgType
}
