total 32
drwxrwxr-x  2 root root 4096 Apr 12 15:49 .
drwxrwxr-x 38 root root 4096 Apr 12 15:49 ..
-rw-rw-r--  1 root root  919 Apr 12 15:21 context.go
-rw-rw-r--  1 root root 2610 Apr 12 15:21 streaming.go
-rw-rw-r--  1 root root 2477 Apr 12 15:21 timeout.go
-rw-rw-r--  1 root root 3341 Apr 12 15:21 timeout_test.go
-rw-rw-r--  1 root root 1861 Apr 12 15:21 util.go
-rw-rw-r--  1 root root 1929 Apr 12 15:21 util_test.go
---
total 24
drwxrwxr-x  2 root root 4096 Apr 12 15:49 .
drwxrwxr-x 38 root root 4096 Apr 12 15:49 ..
-rw-rw-r--  1 root root 1858 Apr 12 15:21 endpoint.go
-rw-rw-r--  1 root root 2148 Apr 12 15:21 endpoint_test.go
-rw-rw-r--  1 root root 1320 Apr 12 15:21 recv_endpoint.go
-rw-rw-r--  1 root root 1320 Apr 12 15:21 send_endpoint.go
---
total 12
drwxrwxr-x 2 root root 4096 Apr 12 15:49 .
drwxr-xr-x 1 root root 4096 Oct  4 18:45 ..
-rw-rw-r-- 1 root root 1467 Apr 12 15:21 keys.go
-rw-rw-r-- 1 root root 4194 Apr 12 15:21 /app/pkg/remote/trans_errors.go
-rw-rw-r-- 1 root root 1058 Apr 12 15:21 /app/pkg/remote/trans_errors_test.go
-rw-rw-r-- 1 root root 2333 Apr 12 15:21 /app/pkg/remote/trans_handler.go
-rw-rw-r-- 1 root root 1229 Apr 12 15:21 /app/pkg/remote/trans_meta.go
-rw-rw-r-- 1 root root 4796 Apr 12 15:21 /app/pkg/remote/trans_pipeline.go
-rw-rw-r-- 1 root root 1079 Apr 12 15:21 /app/pkg/remote/trans_server.go

/app/pkg/remote/trans:
total 92
drwxrwxr-x 9 root root  4096 Apr 12 15:49 .
drwxrwxr-x 9 root root  4096 Apr 12 15:49 ..
-rw-rw-r-- 1 root root  2972 Apr 12 15:21 common.go
-rw-rw-r-- 1 root root  3716 Apr 12 15:21 default_client_handler.go
-rw-rw-r-- 1 root root  2322 Apr 12 15:21 default_client_handler_test.go
-rw-rw-r-- 1 root root 13316 Apr 12 15:21 default_server_handler.go
-rw-rw-r-- 1 root root 10940 Apr 12 15:21 default_server_handler_test.go
drwxrwxr-x 2 root root  4096 Apr 12 15:49 detection
drwxrwxr-x 2 root root  4096 Apr 12 15:49 gonet
drwxrwxr-x 2 root root  4096 Apr 12 15:49 invoke
-rw-rw-r-- 1 root root  2814 Apr 12 15:21 listen_config.go
