./driver/mobile/device.go
./driver/mobile/touch.go
./driver/mobile/keyboard.go
./internal/driver/mobile/animation.go
./internal/driver/mobile/clipboard.go
./internal/driver/mobile/repository.go
./internal/driver/mobile/device_android.go
./internal/driver/mobile/file_test.go
./internal/driver/mobile/driver.go
./internal/driver/mobile/folder.go
./internal/driver/mobile/canvas.go
./internal/driver/mobile/folder_ios.go
./internal/driver/mobile/menubutton.go
./internal/driver/mobile/canvas_test.go
./internal/driver/mobile/device_wayland.go
./internal/driver/mobile/window.go
./internal/driver/mobile/keyboard_test.go
./internal/driver/mobile/file_ios.go
./internal/driver/mobile/clipboard_ios.go
./internal/driver/mobile/folder_desktop.go
