=== FINAL REQUIREMENTS VERIFICATION ===

TARGET 1: Streaming Types and Generic Interfaces
✓ Header/Trailer as map[string]string: 1
✓ ClientStream interface with 6 methods: 1
✓ ServerStream interface with 5 methods: 1
✓ 6 generic streaming types (12 = 6 client + 6 server): 12
✓ Args/Result extended with ClientStream/ServerStream: 38
✓ CloseCallbackRegister interface: 1
✓ GRPCStreamGetter interface: 1
✓ EventHandler function type: 1

TARGET 2: Endpoint Architecture Reorganization
✓ CEP package exists: 1
✓ SEP package exists: 1
✓ CEP StreamEndpoint returns ClientStream: 3
✓ CEP StreamRecvEndpoint with stream param: 1
✓ CEP DummyDummyMiddleware: 2
✓ UnaryEndpoint type: 1
✓ UnaryChain function: 1
✓ deprecated.go exists: 1

TARGET 3: Transport Protocol Reorganization  
✓ TTHeaderStreaming = 64: 1
✓ GRPCStreaming = 128: 1

TARGET 4: Thrift Codec Fallback Enhancement
✓ Basic codec fallback FIXED (no != Basic exclusion): 1

TARGET 6: gRPC Diagnostics Enhancement
✓ conn_pool Dump() returns interface{}: 1
✓ readAndCheckFrameHeader method: 1
