=== Potential App implementations (struct definitions) ===
/app/app.go:11:type AppMetadata struct {
/app/app/settings.go:15:type SettingsSchema struct {
/app/app/settings.go:30:type settings struct {
/app/app/app.go:23:type fyneApp struct {
/app/app/preferences.go:14:type preferences struct {
/app/app/settings_test.go:93:	type customTheme struct {
/app/app/storage.go:11:type store struct {
/app/data/binding/binding.go:50:type listener struct {
/app/data/binding/binding.go:58:type base struct {
/app/data/binding/binding.go:114:type boundUntyped struct {
/app/data/binding/binding.go:170:type boundExternalUntyped struct {
/app/data/binding/convert.go:12:type stringFromBool struct {
/app/data/binding/convert.go:99:type stringFromFloat struct {
/app/data/binding/convert.go:186:type stringFromInt struct {
/app/data/binding/convert.go:273:type stringFromURI struct {
/app/data/binding/convert.go:326:type stringToBool struct {
/app/data/binding/convert.go:414:type stringToFloat struct {
/app/data/binding/convert.go:502:type stringToInt struct {
/app/data/binding/convert.go:590:type stringToURI struct {
/app/data/binding/mapbinding.go:85:		fyne.LogError("Invalid type passed to BindStruct, must be pointer to struct", nil)
/app/data/binding/mapbinding.go:116:type mapBase struct {
/app/data/binding/mapbinding.go:272:type boundStruct struct {
/app/data/binding/mapbinding.go:331:type boundMapValue struct {
/app/data/binding/mapbinding.go:353:type boundExternalMapValue struct {
/app/data/binding/mapbinding.go:368:type boundReflect struct {
/app/data/binding/mapbinding.go:390:type reflectBool struct {
/app/data/binding/mapbinding.go:423:type reflectFloat struct {
/app/data/binding/mapbinding.go:456:type reflectInt struct {
/app/data/binding/mapbinding.go:489:type reflectString struct {
/app/data/binding/binding_test.go:9:type simpleItem struct {
/app/data/binding/listbinding_test.go:9:type simpleList struct {
/app/data/binding/listbinding.go:12:type listBase struct {
/app/data/binding/bindlists.go:56:type boundBoolList struct {
/app/data/binding/bindlists.go:181:type boundBoolListItem struct {
/app/data/binding/bindlists.go:213:type boundExternalBoolListItem struct {
/app/data/binding/bindlists.go:278:type boundFloatList struct {
/app/data/binding/bindlists.go:403:type boundFloatListItem struct {
/app/data/binding/bindlists.go:435:type boundExternalFloatListItem struct {
/app/data/binding/bindlists.go:500:type boundIntList struct {
/app/data/binding/bindlists.go:625:type boundIntListItem struct {
/app/data/binding/bindlists.go:657:type boundExternalIntListItem struct {
/app/data/binding/bindlists.go:722:type boundRuneList struct {
/app/data/binding/bindlists.go:847:type boundRuneListItem struct {
/app/data/binding/bindlists.go:879:type boundExternalRuneListItem struct {
/app/data/binding/bindlists.go:944:type boundStringList struct {
/app/data/binding/bindlists.go:1069:type boundStringListItem struct {
/app/data/binding/bindlists.go:1101:type boundExternalStringListItem struct {
/app/data/binding/bindlists.go:1166:type boundUntypedList struct {
/app/data/binding/bindlists.go:1291:type boundUntypedListItem struct {
/app/data/binding/bindlists.go:1323:type boundExternalUntypedListItem struct {

=== Interface conformance declarations ===
/app/app/app.go:21:var _ fyne.App = (*fyneApp)(nil)


=== Test/Mock App implementations ===
/app/app_test.go:10:type dummyApp struct{}
/app/app_test.go:12:func (dummyApp) NewWindow(title string) Window {
/app/app_test.go:16:func (dummyApp) OpenURL(url *url.URL) error {
/app/app_test.go:20:func (dummyApp) Icon() Resource {
/app/app_test.go:24:func (dummyApp) SetIcon(Resource) {
/app/app_test.go:27:func (dummyApp) Run() {
/app/app_test.go:30:func (dummyApp) Quit() {
/app/app_test.go:33:func (dummyApp) Driver() Driver {
/app/app_test.go:37:func (dummyApp) UniqueID() string {
/app/app_test.go:41:func (dummyApp) SendNotification(*Notification) {
/app/app_test.go:44:func (dummyApp) Settings() Settings {
/app/app_test.go:48:func (dummyApp) Storage() Storage {
/app/app_test.go:52:func (dummyApp) Preferences() Preferences {
/app/app_test.go:56:func (dummyApp) Lifecycle() Lifecycle {
/app/app_test.go:61:	a := &dummyApp{}
/app/test/testapp.go:20:type testApp struct {
/app/test/testapp.go:33:func (a *testApp) Icon() fyne.Resource {
/app/test/testapp.go:37:func (a *testApp) SetIcon(fyne.Resource) {
/app/test/testapp.go:41:func (a *testApp) NewWindow(title string) fyne.Window {
/app/test/testapp.go:45:func (a *testApp) OpenURL(url *url.URL) error {
/app/test/testapp.go:50:func (a *testApp) Run() {
/app/test/testapp.go:54:func (a *testApp) Quit() {
/app/test/testapp.go:58:func (a *testApp) UniqueID() string {
/app/test/testapp.go:59:	return "testApp" // TODO should this be randomised?
/app/test/testapp.go:62:func (a *testApp) Driver() fyne.Driver {
/app/test/testapp.go:66:func (a *testApp) SendNotification(notify *fyne.Notification) {
/app/test/testapp.go:73:func (a *testApp) Settings() fyne.Settings {
/app/test/testapp.go:77:func (a *testApp) Preferences() fyne.Preferences {
/app/test/testapp.go:81:func (a *testApp) Storage() fyne.Storage {
/app/test/testapp.go:85:func (a *testApp) Lifecycle() fyne.Lifecycle {
/app/test/testapp.go:89:func (a *testApp) lastAppliedTheme() fyne.Theme {
/app/test/testapp.go:102:	test := &testApp{settings: settings, prefs: prefs, storage: st
