total 360
drwxr-xr-x  1 root root  4096 Oct  5 04:12 .
drwxr-xr-x  1 root root  4096 Oct  5 04:12 ..
drwxrwxr-x  1 root root  4096 Apr 16 13:28 .git
drwxrwxr-x  4 root root  4096 Apr 16 13:12 .github
-rw-rw-r--  1 root root   738 Apr 16 11:10 .gitignore
-rw-rw-r--  1 root root    16 Apr 16 11:10 .godocdown.import
-rw-r--r--  1 root root 14567 Oct  5 04:12 .monitor_original_task_f55390be576242c793b8f8b81eb4e031.txt
-rw-rw-r--  1 root root   445 Apr 16 11:10 AUTHORS
-rw-rw-r--  1 root root 37363 Apr 16 11:10 CHANGELOG.md
-rw-rw-r--  1 root root  3344 Apr 16 11:10 CODE_OF_CONDUCT.md
-rw-rw-r--  1 root root  3353 Apr 16 11:10 CONTRIBUTING.md
-rw-rw-r--  1 root root  1533 Apr 16 11:10 LICENSE
-rw-rw-r--  1 root root  7107 Apr 16 11:10 README.md
-rw-rw-r--  1 root root  2459 Apr 16 11:10 animation.go
-rw-rw-r--  1 root root   823 Apr 16 11:10 animation_test.go
drwxrwxr-x  3 root root  4096 Apr 16 13:12 app
-rw-rw-r--  1 root root  3343 Apr 16 11:10 app.go
-rw-rw-r--  1 root root   866 Apr 16 11:10 app_test.go
drwxrwxr-x  3 root root  4096 Apr 16 13:12 canvas
-rw-rw-r--  1 root root  2038 Apr 16 11:10 canvas.go
-rw-rw-r--  1 root root    13 Apr 16 11:10 canvas_test.go
-rw-rw-r--  1 root root  3835 Apr 16 11:10 canvasobject.go
-rw-rw-r--  1 root root   228 Apr 16 11:10 clipboard.go
drwxrwxr-x  6 root root  4096 Apr 16 11:17 cmd
drwxrwxr-x  3 root root  4096 Apr 16 13:12 container
-rw-rw-r--  1 root root  4325 Apr 16 11:10 container.go
-rw-rw-r--  1 root root  4073 Apr 16 11:10 container_test.go
drwxrwxr-x  4 root root  4096 Apr 16 11:17 data
-rw-rw-r--  1 root root  1367 Apr 16 11:10 device.go
