-rw-rw-r-- 1 root root 2459 Apr 16 11:10 /app/animation.go
-rw-rw-r-- 1 root root  823 Apr 16 11:10 /app/animation_test.go
-rw-rw-r-- 1 root root 3343 Apr 16 11:10 /app/app.go
-rw-rw-r-- 1 root root  866 Apr 16 11:10 /app/app_test.go
-rw-rw-r-- 1 root root 2038 Apr 16 11:10 /app/canvas.go
-rw-rw-r-- 1 root root   13 Apr 16 11:10 /app/canvas_test.go
-rw-rw-r-- 1 root root 3835 Apr 16 11:10 /app/canvasobject.go
-rw-rw-r-- 1 root root  228 Apr 16 11:10 /app/clipboard.go
-rw-rw-r-- 1 root root 4325 Apr 16 11:10 /app/container.go
-rw-rw-r-- 1 root root 4073 Apr 16 11:10 /app/container_test.go
-rw-rw-r-- 1 root root 1367 Apr 16 11:10 /app/device.go
-rw-rw-r-- 1 root root 1410 Apr 16 11:10 /app/driver.go
-rw-rw-r-- 1 root root 1289 Apr 16 11:10 /app/event.go
-rw-rw-r-- 1 root root  813 Apr 16 11:10 /app/fyne.go
-rw-rw-r-- 1 root root 3335 Apr 16 11:10 /app/geometry.go
-rw-rw-r-- 1 root root 3074 Apr 16 11:10 /app/geometry_test.go
-rw-rw-r-- 1 root root 4660 Apr 16 11:10 /app/key.go
-rw-rw-r-- 1 root root  402 Apr 16 11:10 /app/layout.go
-rw-rw-r-- 1 root root  435 Apr 16 11:10 /app/log.go
-rw-rw-r-- 1 root root 1080 Apr 16 11:10 /app/log_test.go
---
/app/app/
/app/canvas/
/app/cmd/
/app/container/
/app/data/
/app/dialog/
/app/driver/
/app/img/
/app/internal/
/app/layout/
/app/storage/
/app/test/
/app/theme/
/app/tools/
/app/vendor/
/app/widget/
