=== Target 1: App Metadata ===
11:type AppMetadata struct {
83:	Metadata() AppMetadata
108:func (a *fyneApp) Metadata() fyne.AppMetadata {
89:func (a *testApp) Metadata() fyne.AppMetadata {
16:func SetMetadata(meta fyne.AppMetadata) {

=== Target 2: JSON Theme ===
39:func FromJSON(data string) (fyne.Theme, error) {
47:func FromJSONReader(r io.Reader) (fyne.Theme, error) {
47:func FromJSONReader(r io.Reader) (fyne.Theme, error) {
86:		c, err := parseHexColor(hexStr)

=== Target 3: Data Binding ===
22:func NewSprintf(format string, source DataItem) String {
89:func StringToStringWithFormat(source String, format string) String {

=== Target 4: Menu Enhancements ===
43:	Icon Resource
48:	Shortcut Shortcut
21:func (m *Menu) Refresh() {
78:func (m *MainMenu) Refresh() {

=== Target 5: Toolbar ===
33:func (t *ToolbarAction) SetIcon(icon fyne.Resource) {
38:func NewToolbarAction(icon fyne.Resource, onActivated func()) *ToolbarAction {

=== Target 6: Widget/Container ===
171:func (c *Container) RemoveAll() {
30:	OnTapped func() `json:"-"`
469:func (e *Entry) SetMinRowsVisible(count int) {
14:func NewAllStrings(validators ...fyne.StringValidator) fyne.StringValidator {

=== Target 7: Desktop App ===
11:	// SetSystemTrayMenu sets the system tray menu for the application.
13:	SetSystemTrayMenu(menu *fyne.Menu)
15:	// SetSystemTrayIcon sets the icon that will be displayed in the system tray.
17:	SetSystemTrayIcon(icon fyne.Resource)
