/logs/agent/monitor/monitor_private/audit/commands/ad5a037d67954110a32c6412ab85b8c0/script.py:11: SyntaxWarning: invalid escape sequence '\|'
  ['grep', '-l', 'ClientStream\|ServerStream\|BidiStreamingClient', 
/logs/agent/monitor/monitor_private/audit/commands/ad5a037d67954110a32c6412ab85b8c0/script.py:41: SyntaxWarning: invalid escape sequence '\|'
  ['grep', '-l', 'MarshalThriftData\|UnmarshalThriftData',
/logs/agent/monitor/monitor_private/audit/commands/ad5a037d67954110a32c6412ab85b8c0/script.py:62: SyntaxWarning: invalid escape sequence '\|'
  ['grep', '-r', 'WithRecvTimeout\|WithStreamRecvTimeout',
=== TARGET 1: Streaming Types ===
Streaming types found: True

=== TARGET 2: Endpoint Packages ===
pkg/endpoint/cep exists: True
pkg/endpoint/sep exists: True

=== TARGET 3: Transport Protocols ===
Protocol constants correct: True
	TTHeaderStreaming = 64                // Dedicated flag for TTHeader streaming
	GRPCStreaming     = 128               // Dedicated flag for gRPC streaming


=== TARGET 4: Thrift Codec Fallback ===
Thrift codec file exists: False

=== TARGET 5: Client Options ===
option_unary.go exists: True
option_stream.go exists: True
option_ttstream.go exists: True
WithRecvTimeout found: True

=== TARGET 6: gRPC Diagnostics ===
Dump() method exists: True
readAndCheckFrameHeader exists: True

=== SUMMARY ===
All targets implemented: False
{
  "target1_streaming_types": true,
  "target2_cep": true,
  "target2_sep": true,
  "target3_protocols": true,
  "target4_thrift": false,
  "target5_option_unary.go": true,
  "target5_option_stream.go": true,
  "target5_option_ttstream.go": true,
  "target5_recv_timeout": true,
  "target6_dump": true,
  "target6_frame": true
}
