=== Checking Target 5 Requirement 3 (Stream options with cep types) ===

Checking option_stream.go for these functions:
  ✗ WithStreamMiddleware
  ✗ WithStreamMiddlewareBuilder
  ✓ WithStreamRecvMiddleware
  ✓ WithStreamRecvMiddlewareBuilder
  ✓ WithStreamSendMiddleware
  ✓ WithStreamSendMiddlewareBuilder

=== Checking what functions ARE in option_stream.go ===
func WithStreamRecvTimeout(timeout time.Duration) Option {
func WithStreamSendTimeout(timeout time.Duration) Option {
func WithStreamRecvMiddleware(mw endpoint.RecvMiddleware) Option {
func WithStreamRecvMiddlewareBuilder(mwb endpoint.RecvMiddlewareBuilder) Option {
func WithStreamSendMiddleware(mw endpoint.SendMiddleware) Option {
func WithStreamSendMiddlewareBuilder(mwb endpoint.SendMiddlewareBuilder) Option {
func WithStreamOptions(opts ...StreamOption) Option {


=== Reading option_stream.go to understand implementation ===
File has 116 lines

Function signatures in file:
  Line 29: func WithStreamRecvTimeout(timeout time.Duration) Option {
  Line 40: func WithStreamSendTimeout(timeout time.Duration) Option {
  Line 51: func WithStreamRecvMiddleware(mw endpoint.RecvMiddleware) Option {
  Line 65: func WithStreamRecvMiddlewareBuilder(mwb endpoint.RecvMiddlewareBuilder) Option 
  Line 79: func WithStreamSendMiddleware(mw endpoint.SendMiddleware) Option {
  Line 93: func WithStreamSendMiddlewareBuilder(mwb endpoint.SendMiddlewareBuilder) Option 
  Line 108: func WithStreamOptions(opts ...StreamOption) Option {
