=== FINAL VERIFICATION OF ALL 6 TARGETS ===

TARGET 1: Streaming Types
✓ All streaming types present: True

TARGET 2: Endpoint Packages
✓ cep package: True
✓ sep package: True
✓ UnaryEndpoint: False

TARGET 3: Transport Protocols
✓ Protocol constants correct: True
✓ String() method present: True

TARGET 4: Thrift Codec Fallback
✓ No 'if CodecType != Basic' blocking fallback: True
✓ FastCodec fallback present: True
✓ Frugal fallback present: True

TARGET 5: Client Options
✓ option_unary.go: True
✓ option_stream.go: True
✓ option_ttstream.go: True
✓ WithRecvTimeout: True
✓ Retry migration to UnaryOptions: True

TARGET 6: gRPC Diagnostics
✓ Dump() method: True
✓ readAndCheckFrameHeader: True

==================================================
ALL TARGETS COMPLETE: False
==================================================

Failed checks:
  ✗ t2_unary
