=== TARGET 1: App Metadata ===
95:type AppMetadata struct {
67:	Metadata() AppMetadata
/app/app/meta.go
meta.go exists

=== TARGET 2: JSON Theme ===
18:func FromJSON(data string) (fyne.Theme, error) {
25:func FromJSONReader(r io.Reader) (fyne.Theme, error) {

=== TARGET 3: Data Binding ===
23:func NewSprintf(format string, bindings ...DataItem) StringFormat {
47:func StringToStringWithFormat(str String, format string) String {

=== TARGET 4: Menu Enhancements ===
37:	Icon Resource
41:	Shortcut Shortcut
18:func (m *Menu) Refresh() {
68:func (m *MainMenu) Refresh() {

=== TARGET 5: Toolbar ===
33:func (t *ToolbarAction) SetIcon(icon fyne.Resource) {
38:func NewToolbarAction(icon fyne.Resource, onActivated func()) *ToolbarAction {

=== TARGET 6: Widget/Container ===
171:func (c *Container) RemoveAll() {
23:func NewAllStrings(validators ...StringValidator) StringValidator {

=== TARGET 7: Desktop App ===
11:	// SetSystemTrayMenu sets the system tray menu for the application.
14:	SetSystemTrayMenu(menu *fyne.Menu)
16:	// SetSystemTrayIcon sets the icon for the system tray.
21:	SetSystemTrayIcon(icon fyne.Resource)
