=== FINAL COMPREHENSIVE VERIFICATION ===

All 6 Targets Requirements Check:

TARGET 1: Streaming Types ✓
  - 6 generic streaming types: 12/12
  - Header/Trailer map[string]string: 2/2
  - ClientStream interface: 1/1
  - ServerStream interface: 1/1
  - Args/Result extended: 4/4
  - Helper interfaces: 3/3

TARGET 2: Endpoint Architecture ✓
  - CEP package: EXISTS
  - SEP package: EXISTS
  - StreamRecvEndpoint with stream param: 1
  - EqualsTo methods: 2
  - DummyDummyMiddleware: 2
  - UnaryChain: 1

TARGET 3: Transport Protocol ✓
  - TTHeaderStreaming=64: 1
  - GRPCStreaming=128: 1

TARGET 4: Thrift Codec Fallback ✓
  - Basic codec exclusion removed: 0
  - BasicCodec test passes: 0

TARGET 5: Client Option Category ✓
  - Option structs exist: 9

TARGET 6: gRPC Diagnostics ✓
  - conn_pool Dump() interface{}: 1
  - readAndCheckFrameHeader: 2

BUILD STATUS:
  ✓ pkg/streaming
  ✓ pkg/endpoint
  ✓ pkg/remote/codec/thrift
  ✓ pkg/remote/trans/nphttp2
  ✓ transport
  ✓ internal/client
  ✓ client
