Traceback (most recent call last):
  File "D:\python\lib\runpy.py", line 197, in _run_module_as_main
    return _run_code(code, main_globals, None,
  File "D:\python\lib\runpy.py", line 87, in _run_code
    exec(code, run_globals)
  File "E:\longcontext-uc-r5-comparison-readiness-20261003\method_discovery\uc_r5_execution_entry.py", line 234, in <module>
    main()
  File "E:\longcontext-uc-r5-comparison-readiness-20261003\method_discovery\uc_r5_execution_entry.py", line 229, in main
    result = launch(args.run_id, args.authorization)
  File "E:\longcontext-uc-r5-comparison-readiness-20261003\method_discovery\uc_r5_execution_entry.py", line 213, in launch
    return runner.run_proof(
  File "E:\longcontext-uc-r5-comparison-readiness-20261003\long_context_bench\scripts\run_ultralong_m12_proofs.py", line 697, in run_proof
    identity = preflight(source, llm_no, selected)
  File "E:\longcontext-uc-r5-comparison-readiness-20261003\long_context_bench\scripts\run_ultralong_m12_proofs.py", line 519, in preflight
    row = proposal_row(source, selected)
  File "E:\longcontext-uc-r5-comparison-readiness-20261003\long_context_bench\scripts\run_ultralong_m12_proofs.py", line 355, in proposal_row
    for row in proposal_rows(source):
  File "E:\longcontext-uc-r5-comparison-readiness-20261003\long_context_bench\scripts\run_ultralong_m12_proofs.py", line 348, in proposal_rows
    for line in config["proposal"].read_text(encoding="utf-8").splitlines()
  File "D:\python\lib\pathlib.py", line 1266, in read_text
    with self.open(mode='r', encoding=encoding, errors=errors) as f:
  File "D:\python\lib\pathlib.py", line 1252, in open
    return io.open(self, mode, buffering, encoding, errors, newline,
  File "D:\python\lib\pathlib.py", line 1120, in _opener
    return self._accessor.open(self, flags, mode)
FileNotFoundError: [Errno 2] No such file or directory: 'E:\\longcontext-uc-r5-comparison-readiness-20261003\\long_context_bench\\tasks\\ultralong_m12_roadmapbench_proposal.jsonl'
