=== Looking for Protocol type/constants ===
/app/transport/keys.go
/app/pkg/remote/codec/perrors/protocol_error.go
/app/pkg/remote/codec/header_codec.go
/app/pkg/remote/message.go

=== Check pkg/remote structure ===
total 160
drwxrwxr-x  9 root root 4096 Apr 12 15:49 .
drwxrwxr-x 38 root root 4096 Apr 12 15:49 ..
drwxrwxr-x  2 root root 4096 Apr 12 15:49 bound
-rw-rw-r--  1 root root 1481 Apr 12 15:21 bufiox2buffer.go
-rw-rw-r--  1 root root 4379 Apr 12 15:21 bytebuf.go
drwxrwxr-x  6 root root 4096 Apr 12 15:49 codec
-rw-rw-r--  1 root root 1620 Apr 12 15:21 codec.go
-rw-rw-r--  1 root root 1748 Apr 12 15:21 compression.go
drwxrwxr-x  2 root root 4096 Apr 12 15:49 connpool
-rw-rw-r--  1 root root 1837 Apr 12 15:21 connpool.go
-rw-rw-r--  1 root root 3816 Apr 12 15:21 custom_meta_handler.go
-rw-rw-r--  1 root root 3104 Apr 12 15:21 custom_meta_handler_test.go
-rw-rw-r--  1 root root 8539 Apr 12 15:21 default_bytebuf.go
-rw-rw-r--  1 root root 4168 Apr 12 15:21 default_bytebuf_test.go
-rw-rw-r--  1 root root 1349 Apr 12 15:21 dialer.go
-rw-rw-r--  1 root root  754 Apr 12 15:21 doc.go
-rw-rw-r--  1 root root 9372 Apr 12 15:21 message.go
-rw-rw-r--  1 root root 4254 Apr 12 15:21 option.go
-rw-rw-r--  1 root root 1541 Apr 12 15:21 payload_codec.go
