=== Checking all 7 targets ===
Target 1: AppMetadata struct and Metadata() in App interface
✓ AppMetadata struct exists
✓ Metadata() in App interface
✓ SetMetadata function exists

Target 2: JSON Theme Support
✓ theme/json.go exists

Target 3: Data Binding Formatting
✓ data/binding/sprintf.go exists

Target 4: Menu System Enhancements
✓ MenuItem.Icon field exists
✓ MenuItem.Shortcut field exists

Target 5: Toolbar Enhancements
✓ ToolbarAction.SetIcon exists

Target 6: Widget and Container Improvements
✓ Container.RemoveAll exists
✓ Hyperlink.OnTapped exists
✓ Entry.SetMinRowsVisible exists
✓ validation.NewAllStrings exists

Target 7: Desktop App Interface
✓ driver/desktop/app.go exists
✓ SetSystemTrayMenu method
✓ SetSystemTrayIcon method
