=== TARGET 5 COMPREHENSIVE VERIFICATION (Turn 116) ===

REQUIREMENT 1: Type aliases in client/option.go
  Count: 6
  Required: 6 ✓

REQUIREMENT 2: client/option_unary.go
  Functions: 4
  Required: 4 ✓

REQUIREMENT 3: client/option_stream.go functions
  Required: 8 functions
  Current functions:
func WithStreamOptions(opts ...StreamOption) Option {
func WithStreamRecvTimeout(d time.Duration) Option {
func WithStreamMiddleware(mw streamx.StreamMiddleware) Option {
func WithStreamMiddlewareBuilder(mwb func(ctx streamx.StreamContext) streamx.StreamMiddleware) Option {
func WithStreamRecvMiddleware(mw streamx.StreamRecvMiddleware) Option {
func WithStreamRecvMiddlewareBuilder(mwb func(ctx streamx.StreamContext) streamx.StreamRecvMiddleware) Option {
func WithStreamSendMiddleware(mw streamx.StreamSendMiddleware) Option {
func WithStreamSendMiddlewareBuilder(mwb func(ctx streamx.StreamContext) streamx.StreamSendMiddleware) Option {
func WithTailOption(opts ...TailOption) Option {

  File size: 148 /app/client/option_stream.go

REQUIREMENT 4: client/option_ttstream.go
  Functions: 2
  Required: 2 ✓

REQUIREMENT 5: TailOption function in client/option.go
  Found: 1
  Required: 1

REQUIREMENT 6: WithRecvTimeout in callopt/streamcall
  Found: /app/client/callopt/streamcall/call_options.go:1
  Required: 1 ✓

REQUIREMENT 7: Retry/fallback migration
  Checking migration to o.UnaryOptions fields:
