=== Checking NewAllStrings validator exists ===
14:func NewAllStrings(allowed []string) fyne.StringValidator {

=== Checking StringToStringWithFormat optimization ===
func StringToStringWithFormat(source String, formatter func(string) string) String {
	result := &customFormattedString{
		formatter: formatter,
		source:    source,
		value:     "",
	}

=== Checking Entry.SetMinRowsVisible implementation ===
func (e *Entry) SetMinRowsVisible(rows int) {
	if rows < 0 {
		rows = 0
	}
	e.minRowsVisible = rows
	e.Refresh()
}

// Tapped is called when this entry has been tapped. We update the cursor position in

=== Verifying toolbar return types ===
func NewToolbarAction(icon fyne.Resource, onActivated func()) *ToolbarAction {
func NewToolbarSpacer() *ToolbarSpacer {
func NewToolbarSeparator() *ToolbarSeparator {
