/app/pkg/endpoint/:
total 36
drwxrwxr-x 1 root root 4096 Oct  5 14:13 .
drwxrwxr-x 1 root root 4096 Apr 12 15:49 ..
drwxr-xr-x 2 root root 4096 Oct  5 14:13 cep
-rw-rw-r-- 1 root root 1858 Apr 12 15:21 endpoint.go
-rw-rw-r-- 1 root root 2148 Apr 12 15:21 endpoint_test.go
-rw-rw-r-- 1 root root 1320 Apr 12 15:21 recv_endpoint.go
-rw-rw-r-- 1 root root 1320 Apr 12 15:21 send_endpoint.go
drwxr-xr-x 2 root root 4096 Oct  5 14:13 sep

/app/pkg/streaming/:
total 52
drwxrwxr-x 1 root root 4096 Oct  5 14:13 .
drwxrwxr-x 1 root root 4096 Apr 12 15:49 ..
-rw-rw-r-- 1 root root  919 Apr 12 15:21 context.go
-rw-r--r-- 1 root root 8627 Oct  5 14:13 stream_types.go
-rw-rw-r-- 1 root root 2730 Oct  5 14:13 streaming.go
-rw-rw-r-- 1 root root 2477 Apr 12 15:21 timeout.go
-rw-rw-r-- 1 root root 3341 Apr 12 15:21 timeout_test.go
-rw-rw-r-- 1 root root 1861 Apr 12 15:21 util.go
-rw-rw-r-- 1 root root 1929 Apr 12 15:21 util_test.go
---
/app/pkg/endpoint/cep/:
total 12
drwxr-xr-x 2 root root 4096 Oct  5 14:13 .
drwxrwxr-x 1 root root 4096 Oct  5 14:13 ..
-rw-r--r-- 1 root root 3812 Oct  5 14:13 endpoint.go

/app/pkg/endpoint/sep/:
total 8
drwxr-xr-x 2 root root 4096 Oct  5 14:13 .
drwxrwxr-x 1 root root 4096 Oct  5 14:13 ..
