=== FINAL COMPREHENSIVE VERIFICATION (Turn 232) ===

TARGET 1: Streaming Types
  ✓ COMPLETE

TARGET 2: Endpoint Architecture
  ✓ COMPLETE

TARGET 3: Transport Protocol
  ✓ Default protocol = Framed
  ✓ Flags correct

TARGET 4: Thrift Codec Fallback
  ✓ COMPLETE (Basic exclusion removed)

TARGET 5: Client Options - CRITICAL VERIFICATION
  Required: 8 functions in option_stream.go
  Current count: 8
  All required functions:
func WithStreamOptions(opts ...StreamOption) Option {
func WithStreamRecvTimeout(d time.Duration) Option {
func WithStreamMiddleware(mw streamx.StreamMiddleware) Option {
func WithStreamMiddlewareBuilder(mwb cep.StreamMiddlewareBuilder) Option {
func WithStreamRecvMiddleware(mw streamx.StreamRecvMiddleware) Option {
func WithStreamRecvMiddlewareBuilder(mwb cep.StreamRecvMiddlewareBuilder) Option {
func WithStreamSendMiddleware(mw streamx.StreamSendMiddleware) Option {
func WithStreamSendMiddlewareBuilder(mwb cep.StreamSendMiddlewareBuilder) Option {
  ✓ All option files exist

TARGET 6: gRPC Diagnostics
  ✓ readAndCheckFrameHeader method
  ✓ Dump() method
