total 40
drwxrwxr-x 1 root root 4096 Oct  4 18:49 .
drwxrwxr-x 1 root root 4096 Apr 12 15:49 ..
drwxr-xr-x 2 root root 4096 Oct  4 18:49 cep
-rw-rw-r-- 1 root root 1858 Apr 12 15:21 endpoint.go
-rw-rw-r-- 1 root root 2148 Apr 12 15:21 endpoint_test.go
-rw-rw-r-- 1 root root 1320 Apr 12 15:21 recv_endpoint.go
-rw-rw-r-- 1 root root 1320 Apr 12 15:21 send_endpoint.go
drwxr-xr-x 2 root root 4096 Oct  4 18:49 sep
-rw-r--r-- 1 root root 1727 Oct  4 18:49 unary_endpoint.go
---
total 12
drwxr-xr-x 2 root root 4096 Oct  4 18:49 .
drwxrwxr-x 1 root root 4096 Oct  4 18:49 ..
-rw-r--r-- 1 root root 3839 Oct  4 18:49 stream_endpoint.go
---
total 12
drwxr-xr-x 2 root root 4096 Oct  4 18:49 .
drwxrwxr-x 1 root root 4096 Oct  4 18:49 ..
-rw-r--r-- 1 root root 3147 Oct  4 18:49 stream_endpoint.go
