=== FINAL BUILD STATUS ===
# github.com/cloudwego/kitex/pkg/streaming
pkg/streaming/streaming.go:406:9: cannot use b.stream.Header() (value of type metadata.MD) as Header value in return statement
pkg/streaming/streaming.go:410:9: not enough return values
	have (metadata.MD)
	want (Trailer, error)
pkg/streaming/streaming.go:455:28: cannot use hd (variable of type Header) as metadata.MD value in argument to b.stream.SetHeader
pkg/streaming/streaming.go:459:29: cannot use hd (variable of type Header) as metadata.MD value in argument to b.stream.SendHeader
pkg/streaming/streaming.go:463:29: cannot use tr (variable of type Trailer) as metadata.MD value in argument to b.stream.SetTrailer
# github.com/cloudwego/kitex/pkg/streaming
pkg/streaming/streaming.go:406:9: cannot use b.stream.Header() (value of type metadata.MD) as Header value in return statement
pkg/streaming/streaming.go:410:9: not enough return values
	have (metadata.MD)
	want (Trailer, error)
pkg/streaming/streaming.go:455:28: cannot use hd (variable of type Header) as metadata.MD value in argument to b.stream.SetHeader
pkg/streaming/streaming.go:459:29: cannot use hd (variable of type Header) as metadata.MD value in argument to b.stream.SendHeader
pkg/streaming/streaming.go:463:29: cannot use tr (variable of type Trailer) as metadata.MD value in argument to b.stream.SetTrailer
# github.com/cloudwego/kitex/pkg/streaming
pkg/streaming/streaming.go:406:9: cannot use b.stream.Header() (value of type metadata.MD) as Header value in return statement
pkg/streaming/streaming.go:410:9: not enough return values
	have (metadata.MD)
	want (Trailer, error)
pkg/streaming/streaming.go:455:28: cannot use hd (variable of type Header) as metadata.MD value in argument to b.stream.SetHeader
pkg/streaming/streaming.go:459:29: cannot use hd (variable of type Header) as metadata.MD value in argument to b.stream.SendHeader
pkg/streaming/streaming.go:463:29: cannot use tr (variable of type Trailer) as metadata.MD value in argument to b.stream.SetTrailer
# github.com/cloudwego/kitex/pkg/streaming
pkg/streaming/streaming.go:406:9: cannot use b.stream.Header() (value of type metadata.MD) as Header value in return statement
pkg/streaming/streaming.go:410:9: not enough return values
	have (metadata.MD)
	want (Trailer, error)
pkg/streaming/streaming.go:455:28: cannot use hd (variable of type Header) as metadata.MD value in argument to b.stream.SetHeader
pkg/streaming/streaming.go:459:29: cannot use hd (variable of type Header) as metadata.MD value in argument to b.stream.SendHeader
pkg/streaming/streaming.go:463:29: cannot use tr (variable of type Trailer) as metadata.MD value in argument to b.stream.SetTrailer
✓ transport
# github.com/cloudwego/kitex/pkg/streaming
pkg/streaming/streaming.go:406:9: cannot use b.stream.Header() (value of type metadata.MD) as Header value in return statement
pkg/streaming/streaming.go:410:9: not enough return values
	have (metadata.MD)
	want (Trailer, error)
pkg/streaming/streaming.go:455:28: cannot use hd (variable of type Header) as metadata.MD value in argument to b.stream.SetHeader
pkg/streaming/streaming.go:459:29: cannot use hd (variable of type Header) as metadata.MD value in argument to b.stream.SendHeader
pkg/streaming/streaming.go:463:29: cannot use tr (variable of type Trailer) as metadata.MD value in argument to b.stream.SetTrailer
# github.com/cloudwego/kitex/pkg/streaming
pkg/streaming/streaming.go:406:9: cannot use b.stream.Header() (value of type metadata.MD) as Header value in return statement
pkg/streaming/streaming.go:410:9: not enough return values
	have (metadata.MD)
	want (Trailer, error)
