func (c *Container) Add(add CanvasObject) {
	c.Objects = append(c.Objects, add)
	c.layout()
}

// AddObject adds another CanvasObject to the set this Container holds.
//
// Deprecated: Use replacement Add() function
func (c *Container) AddObject(o CanvasObject) {
	c.Add(o)
}

// MinSize calculates the minimum size of a Container.
// This is delegated to the Layout, if specified, otherwise it will mimic MaxLayout.
func (c *Container) MinSize() Size {
	if c.Layout != nil {
		return c.Layout.MinSize(c.Objects)
	}

--
func (c *Container) RemoveAll() {
	c.Objects = nil
	c.layout()
}

// Visible returns true if the container is currently visible, false otherwise.
func (c *Container) Visible() bool {
	return !c.Hidden
}

