{
  "pkg/streaming": {
    "exists": true,
    "type": "directory",
    "go_files": [
      "timeout.go",
      "util.go",
      "timeout_test.go",
      "util_test.go",
      "context.go",
      "streaming.go"
    ]
  },
  "pkg/endpoint": {
    "exists": true,
    "type": "directory",
    "go_files": [
      "endpoint_test.go",
      "endpoint.go",
      "recv_endpoint.go",
      "send_endpoint.go"
    ]
  },
  "pkg/endpoint/cep": {
    "exists": false
  },
  "pkg/endpoint/sep": {
    "exists": false
  },
  "transport": {
    "exists": true,
    "type": "directory",
    "go_files": [
      "keys.go"
    ]
  },
  "pkg/remote/codec/thrift": {
    "exists": true,
    "type": "directory",
    "go_files": [
      "codec_fast.go",
      "codec_apache_test.go",
      "codec.go",
      "codec_apache.go",
      "thrift_data_test.go",
      "thrift_test.go",
      "codec_frugal.go",
      "thrift.go",
      "codec_frugal_test.go",
      "thrift_data.go"
    ]
  },
  "client": {
    "exists": true,
    "type": "directory",
    "go_files": [
      "context_middleware_test.go",
      "context_middleware.go",
      "client_test.go",
      "option_test.go",
      "middlewares.go",
      "rpctimeout_test.go",
      "stream_test.go",
      "option.go",
      "client.go",
      "middlewares_test.go"
    ]
  },
  "pkg/remote/trans/nphttp2": {
    "exists": true,
    "type": "directory",
    "go_files": [
      "server_conn.go",
      "server_conn_test.go",
      "codes.go",
      "stream_middleware.go",
      "stream_test.go",
      "client_conn.go",
      "server_handler.go",
      "doc.go",
      "mocks_test.go",
      "client_handler_test.go"
    ]
  }
}
