=== CRITICAL: TARGET 5 REQUIREMENT CHECK ===

Spec requires 8 functions in option_stream.go:
  1. WithStreamOptions
  2. WithStreamRecvTimeout
  3. WithStreamMiddleware
  4. WithStreamMiddlewareBuilder
  5. WithStreamRecvMiddleware
  6. WithStreamRecvMiddlewareBuilder
  7. WithStreamSendMiddleware
  8. WithStreamSendMiddlewareBuilder

Current functions in option_stream.go:
func WithStreamOptions(opts ...StreamOption) Option {
func WithStreamRecvTimeout(d time.Duration) Option {
func WithStreamMiddleware(mw streamx.StreamMiddleware) Option {
func WithStreamRecvMiddleware(mw streamx.StreamRecvMiddleware) Option {
func WithStreamRecvMiddlewareBuilder(mwb func(ctx streamx.StreamContext) streamx.StreamRecvMiddleware) Option {
func WithStreamSendMiddleware(mw streamx.StreamSendMiddleware) Option {
func WithStreamSendMiddlewareBuilder(mwb func(ctx streamx.StreamContext) streamx.StreamSendMiddleware) Option {
func WithTailOption(opts ...TailOption) Option {

Function count:
8
