-rw-rw-r-- 1 root root  823 Apr 16 11:10 /app/animation_test.go
-rw-rw-r-- 1 root root  866 Apr 16 11:10 /app/app_test.go
-rw-rw-r-- 1 root root   13 Apr 16 11:10 /app/canvas_test.go
-rw-rw-r-- 1 root root 4073 Apr 16 11:10 /app/container_test.go
-rw-rw-r-- 1 root root 3074 Apr 16 11:10 /app/geometry_test.go
-rw-rw-r-- 1 root root 1080 Apr 16 11:10 /app/log_test.go
-rw-rw-r-- 1 root root  302 Apr 16 11:10 /app/math_test.go
-rw-rw-r-- 1 root root 1753 Apr 16 11:10 /app/menu_test.go
-rw-rw-r-- 1 root root  280 Apr 16 11:10 /app/resource_test.go
-rw-rw-r-- 1 root root 1498 Apr 16 11:10 /app/serialise_test.go
total 156
drwxrwxr-x 3 root root 4096 Apr 16 13:12 .
drwxr-xr-x 1 root root 4096 Oct  5 14:56 ..
-rw-rw-r-- 1 root root 3284 Apr 16 11:10 app.go
-rw-rw-r-- 1 root root 1320 Apr 16 11:10 app_darwin.go
-rw-rw-r-- 1 root root 2158 Apr 16 11:10 app_darwin.m
-rw-rw-r-- 1 root root  498 Apr 16 11:10 app_darwin_test.go
-rw-rw-r-- 1 root root   90 Apr 16 11:10 app_debug.go
-rw-rw-r-- 1 root root  931 Apr 16 11:10 app_desktop_darwin.go
-rw-rw-r-- 1 root root  516 Apr 16 11:10 app_desktop_darwin.m
total 192
drwxrwxr-x 2 root root  4096 Apr 16 13:12 .
drwxrwxr-x 4 root root  4096 Apr 16 11:17 ..
-rw-rw-r-- 1 root root  4191 Apr 16 11:10 binding.go
-rw-rw-r-- 1 root root  1947 Apr 16 11:10 binding_exted_test.go
-rw-rw-r-- 1 root root   914 Apr 16 11:10 binding_test.go
-rw-rw-r-- 1 root root  9391 Apr 16 11:10 binditems.go
-rw-rw-r-- 1 root root  1613 Apr 16 11:10 binditems_extend_test.go
-rw-rw-r-- 1 root root  4631 Apr 16 11:10 binditems_test.go
-rw-rw-r-- 1 root root 29302 Apr 16 11:10 bindlists.go
total 6288
drwxrwxr-x 5 root root    4096 Apr 16 13:12 .
drwxr-xr-x 1 root root    4096 Oct  5 14:56 ..
-rw-rw-r-- 1 root root 6234899 Apr 16 11:10 bundled-fonts.go
-rw-rw-r-- 1 root root   47231 Apr 16 11:10 bundled-icons.go
drwxrwxr-x 2 root root    4096 Apr 16 13:12 font
-rw-rw-r-- 1 root root    5376 Apr 16 11:10 gen.go
drwxrwxr-x 2 root root    4096 Apr 16 13:12 icons
-rw-rw-r-- 1 root root   40897 Apr 16 11:10 icons.go
-rw-rw-r-- 1 root root   18220 Apr 16 11:10 icons_test.go
