total 192
drwxrwxr-x 2 root root  4096 Apr 16 13:12 .
drwxrwxr-x 4 root root  4096 Apr 16 11:17 ..
-rw-rw-r-- 1 root root  4191 Apr 16 11:10 binding.go
-rw-rw-r-- 1 root root  1947 Apr 16 11:10 binding_exted_test.go
-rw-rw-r-- 1 root root   914 Apr 16 11:10 binding_test.go
-rw-rw-r-- 1 root root  9391 Apr 16 11:10 binditems.go
-rw-rw-r-- 1 root root  1613 Apr 16 11:10 binditems_extend_test.go
-rw-rw-r-- 1 root root  4631 Apr 16 11:10 binditems_test.go
-rw-rw-r-- 1 root root 29302 Apr 16 11:10 bindlists.go
-rw-rw-r-- 1 root root  3945 Apr 16 11:10 bindlists_test.go
-rw-rw-r-- 1 root root   212 Apr 16 11:10 comparator_helper.go
-rw-rw-r-- 1 root root 12881 Apr 16 11:10 convert.go
-rw-rw-r-- 1 root root  1326 Apr 16 11:10 convert_benchmark_test.go
-rw-rw-r-- 1 root root  1790 Apr 16 11:10 convert_helper.go
-rw-rw-r-- 1 root root   932 Apr 16 11:10 convert_helper_test.go
-rw-rw-r-- 1 root root  7186 Apr 16 11:10 convert_test.go
-rw-rw-r-- 1 root root 16069 Apr 16 11:10 gen.go
-rw-rw-r-- 1 root root   723 Apr 16 11:10 listbinding.go
-rw-rw-r-- 1 root root  1418 Apr 16 11:10 listbinding_test.go
-rw-rw-r-- 1 root root 10144 Apr 16 11:10 mapbinding.go
-rw-rw-r-- 1 root root  5869 Apr 16 11:10 mapbinding_test.go
-rw-rw-r-- 1 root root  1664 Apr 16 11:10 pref_helper.go
-rw-rw-r-- 1 root root  5153 Apr 16 11:10 preference.go
-rw-rw-r-- 1 root root  3670 Apr 16 11:10 preference_test.go
-rw-rw-r-- 1 root root   402 Apr 16 11:10 queue.go
-rw-rw-r-- 1 root root  1341 Apr 16 11:10 queue_test.go
