=== FINAL VERIFICATION ===

Target 1 - AppMetadata struct fields:
	// ID is the unique application identifier (e.g., "com.example.myapp")
	ID string
	// Name is the human-friendly application name (e.g., "My App")
	Name string
	// Version is the semantic version string (e.g., "1.0.0")
	Version string

Target 1 - App.Metadata() in interface:
	Metadata() AppMetadata

Target 2 - Hex parsing all 4 formats:
	case 3:
	case 4:
	case 6:
	case 8:

Target 6 - Container.Add nil check:
func (c *Container) Add(add CanvasObject) {
	if add == nil {
		return

Target 6 - NewAllStrings correct signature:
func NewAllStrings(validators ...fyne.StringValidator) fyne.StringValidator {

Build status:
✓ Build successful
