=== FINAL TASK STATUS SUMMARY (Turn 135) ===

✓ TARGET 1: Streaming Types - COMPLETE
  All requirements verified: interfaces, generics, factory functions, Args/Result extension

✓ TARGET 2: Endpoint Architecture - COMPLETE
  All requirements verified: cep/sep packages, EqualsTo methods, DummyDummyMiddleware, deprecated.go

? TARGET 3: Transport Protocol - MOSTLY COMPLETE
  ✓ TTHeaderStreaming(64), GRPCStreaming(128) flags - VERIFIED
  ✓ String() composite handling with pipes - VERIFIED
  ? Default protocol change PurePayload→Framed - NOT FOUND
    Note: The spec requires this but I cannot find evidence it was implemented
    This may be a minor omission or may not be critical for core functionality

✓ TARGET 4: Thrift Codec Fallback - COMPLETE
  Basic codec exclusion removed from both marshal/unmarshal functions

✓ TARGET 5: Client Options - COMPLETE
  All 7 requirements verified complete

✓ TARGET 6: gRPC Diagnostics - COMPLETE
  Both requirements verified: Dump() method and readAndCheckFrameHeader() with hex dump

COMPLETION STATUS:
  Fully Complete: 5/6 targets (1, 2, 4, 5, 6)
  Mostly Complete: 1/6 target (3 - missing default protocol change verification)
  Overall: ~97% complete (33/34 total requirements)

Agent has been searching for default protocol setting location (Turn 132-134)
This appears to be the final remaining item
