=== Target 1: AppMetadata ===
11:type AppMetadata struct {
83:	Metadata() AppMetadata

=== Target 2: JSON Theme ===
27:func FromJSON(data string) (fyne.Theme, error) {
35:func FromJSONReader(r io.Reader) (fyne.Theme, error) {

=== Target 3: Data Binding ===
14:func NewSprintf(format string, src ...DataItem) String {
99:func StringToStringWithFormat(src String, format string) String {

=== Target 4: Menu ===
42:	Icon Resource
46:	Shortcut Shortcut

=== Target 5: Toolbar ===
33:func (t *ToolbarAction) SetIcon(icon fyne.Resource) {
41:func NewToolbarAction(icon fyne.Resource, onActivated func()) *ToolbarAction {

=== Target 6: Improvements ===
56:	if add == nil {
171:func (c *Container) RemoveAll() {
28:	OnTapped func()
468:// SetMinRowsVisible sets the minimum number of rows that should be visible in a multiline entry.
12:func NewAllStrings(validators ...fyne.StringValidator) fyne.StringValidator {

=== Target 7: Desktop App ===
9:type App interface {
12:	// SetSystemTrayMenu sets the menu to be displayed when the system tray icon is clicked.
14:	SetSystemTrayMenu(menu *fyne.Menu)
