=== Build Status (Turn 75) ===
Build succeeded - no errors reported

=== Completion Assessment ===

COMPLETE Targets:
  ✓ Target 1: Streaming Types - All interfaces, generics, helpers done
  ✓ Target 2: Endpoint Architecture - cep/sep packages, deprecated.go done
  ✓ Target 4: Thrift Codec Fallback - Basic exclusion removed

PARTIALLY COMPLETE:
  ⚠ Target 3: Transport Protocol
    ✓ TTHeaderStreaming/GRPCStreaming flags added
    ✓ String() handles composites correctly
    ? Default protocol change NOT VERIFIED

  ⚠ Target 6: gRPC Diagnostics
    ✓ conn_pool.Dump() implemented
    ✗ frame_reader readAndCheckFrameHeader NOT converted to Framer method

MAJORLY INCOMPLETE:
  ✗ Target 5: Client Options - Most work missing
    - option_stream.go exists but minimal (has TailOption stub)
    - Missing option_unary.go entirely
    - Missing option_ttstream.go entirely
    - Missing type aliases in option.go
    - Missing WithRecvTimeout in callopt/streamcall
    - Missing retry migration to UnaryOptions

Turn usage: 76/300 (25% used)
Estimated remaining work: Target 5 needs significant implementation
