total 164
drwxr-xr-x 1 root root  4096 Sep 29 08:46 .
drwxr-xr-x 1 root root  4096 Sep 29 08:45 ..
drwxrwxr-x 8 root root  4096 Apr  9 08:08 .git
drwxrwxr-x 4 root root  4096 Apr  7 07:47 .github
-rw-rw-r-- 1 root root    57 Apr  7 07:47 .gitignore
-rw-r--r-- 1 root root 16366 Sep 29 08:46 .monitor_original_task_e5007343b51344fb908f2991b2d27d9a.txt
-rw-rw-r-- 1 root root  5587 Apr  7 07:47 APPS.md
-rw-rw-r-- 1 root root 35811 Apr  7 07:47 CHANGELOG.md
-rw-rw-r-- 1 root root  3212 Apr  7 07:47 CONTRIBUTING.md
-rw-r--r-- 1 root root 32759 Apr  9 08:29 Cargo.lock
-rw-rw-r-- 1 root root  2987 Apr  7 07:47 Cargo.toml
-rw-rw-r-- 1 root root  1080 Apr  7 07:47 LICENSE
-rw-rw-r-- 1 root root  3229 Apr  7 07:47 Makefile.toml
-rw-rw-r-- 1 root root  7365 Apr  7 07:47 README.md
-rw-rw-r-- 1 root root   576 Apr  7 07:47 RELEASE.md
drwxrwxr-x 2 root root  4096 Apr  7 07:47 assets
-rw-rw-r-- 1 root root  3427 Apr  7 07:47 cliff.toml
-rw-rw-r-- 1 root root   673 Apr  7 07:47 committed.toml
drwxrwxr-x 3 root root  4096 Apr  9 08:08 examples
drwxrwxr-x 5 root root  4096 Apr  7 07:47 src
drwxrwxr-x 2 root root  4096 Apr  9 08:08 tests
