=== Target 2: JSON Theme Support ===
1. theme/fromjson.go exists:
-rw-r--r-- 1 root root 5760 Oct  5 00:00 /app/theme/fromjson.go

2. FromJSON and FromJSONReader functions:
19:func FromJSON(data string) (fyne.Theme, error) {
27:func FromJSONReader(r io.Reader) (fyne.Theme, error) {

=== Target 3: Data Binding Formatting ===
1. data/binding/sprintf.go exists:
-rw-r--r-- 1 root root 3718 Oct  5 00:01 /app/data/binding/sprintf.go

2. NewSprintf function:
15:func NewSprintf(format string, bindings ...DataItem) String {

3. StringToStringWithFormat function:
182:func StringToStringWithFormat(str String, format string) String {

=== Target 4: Menu System Enhancements ===
1. MenuItem fields (Icon and Shortcut):
	Icon Resource
	// Shortcut is the optional keyboard shortcut for this menu item.
	//
	Shortcut Shortcut
}


2. Menu.Refresh() method:
14:func (m *Menu) Refresh() {
71:func (m *MainMenu) Refresh() {

3. MainMenu.Refresh() method:
71:func (m *MainMenu) Refresh() {
