================================================================================
VERIFICATION OF TARGETS 4-6
================================================================================

TARGET 4: Thrift Codec Fallback
----------------------------------------
  ✗ MarshalThriftData function exists
  ✗ UnmarshalThriftData function exists
  ✓ Fallback logic present

TARGET 5: Client Option Categories
----------------------------------------
  ✓ option_unary.go: All required functions present
  ✓ option_stream.go: All required functions present
  ✓ option_ttstream.go: All required functions present
  ✓ option.go: All required functions present
  ✓ callopt/streamcall/call_options.go: WithRecvTimeout present

TARGET 6: gRPC Diagnostics
----------------------------------------
  ✓ Dump() method on connPool
  ✓ Returns interface{}
  ✗ readAndCheckFrameHeader method
  ✗ Error with hex format

================================================================================
FINAL VERIFICATION SUMMARY - ALL 6 TARGETS
================================================================================
Target 1 (Streaming Types): PASS
Target 2 (Endpoint Architecture): PASS
Target 3 (Transport Protocol): PASS
Target 4 (Thrift Codec Fallback): FAIL
Target 5 (Client Option Categories): PASS
Target 6 (gRPC Diagnostics): FAIL

OVERALL RESULT: ❌ SOME TARGETS FAILED
================================================================================
