=== FINAL COMPREHENSIVE VERIFICATION ===

✓ TARGET 1: Streaming Types
  COMPLETE

✓ TARGET 2: Endpoint Architecture
  COMPLETE

✓ TARGET 3: Transport Protocol
  COMPLETE (default→Framed verified)
  Flags correct

✓ TARGET 4: Thrift Codec Fallback
  COMPLETE (Basic exclusion removed)

✓ TARGET 5: Client Options
  All files exist
  option_stream.go functions: 7
  TailOption type exists

✓ TARGET 6: gRPC Diagnostics
  readAndCheckFrameHeader method exists
  Dump() method exists

=== OVERALL STATUS ===
All 6 targets with 35 requirements: Implementation status above
Build status: Checking...
