=== FINAL COMPREHENSIVE VERIFICATION (Turn 221 Completion Check) ===

TARGET 1: Streaming Types
  ✓ stream_types.go exists

TARGET 2: Endpoint Architecture
  ✓ All packages exist

TARGET 3: Transport Protocol
  ✓ Default protocol = Framed
  ✓ Flags correct

TARGET 4: Thrift Codec Fallback
  ✓ Basic exclusion removed

TARGET 5: Client Options - CRITICAL CHECK
  Required: 8 functions with cep types in option_stream.go
  Current function count:
7
  Current functions:
func WithStreamRecvTimeout(d time.Duration) Option {
func WithStreamMiddleware(mw streamx.StreamMiddleware) Option {
func WithStreamMiddlewareBuilder(mwb cep.StreamMiddlewareBuilder) Option {
func WithStreamRecvMiddleware(mw streamx.StreamRecvMiddleware) Option {
func WithStreamRecvMiddlewareBuilder(mwb cep.StreamRecvMiddlewareBuilder) Option {
func WithStreamSendMiddleware(mw streamx.StreamSendMiddleware) Option {
func WithStreamSendMiddlewareBuilder(mwb cep.StreamSendMiddlewareBuilder) Option {

  CRITICAL: Check if WithStreamOptions exists:
  ✗ WithStreamOptions MISSING

TARGET 6: gRPC Diagnostics
  ✓ readAndCheckFrameHeader method exists
  ✓ Dump() method exists
