app.go:type AppMetadata struct {
app/settings.go:type SettingsSchema struct {
app/settings.go:type settings struct {
app/app.go:type fyneApp struct {
app/preferences.go:type preferences struct {
app/settings_test.go:	type customTheme struct {
app/storage.go:type store struct {
app_test.go:type dummyApp struct{}
container/apptabs.go:type AppTabs struct {
container/apptabs.go:type appTabsRenderer struct {
container/apptabs_extend_test.go:type extendedAppTabs struct {
test/testapp.go:type testApp struct {
test/testapp.go:type testSettings struct {
vendor/github.com/urfave/cli/v2/app.go:type App struct {
vendor/github.com/urfave/cli/v2/app.go:type Author struct {
vendor/golang.org/x/sys/windows/types_windows.go:type Overlapped struct {
vendor/golang.org/x/sys/unix/syscall_zos_s390x.go:type mmapper struct {
vendor/golang.org/x/sys/unix/syscall_unix.go:type mmapper struct {
vendor/golang.org/x/sys/unix/ztypes_linux.go:type PerfEventMmapPage struct {
vendor/golang.org/x/xerrors/wrap.go:type noWrapper struct {
