total 152
drwxrwxr-x 38 root root 4096 Apr 12 15:49 .
drwxr-xr-x  1 root root 4096 Oct  4 07:38 ..
drwxrwxr-x  2 root root 4096 Apr 12 15:49 acl
drwxrwxr-x  2 root root 4096 Apr 12 15:49 circuitbreak
drwxrwxr-x  2 root root 4096 Apr 12 15:49 connpool
drwxrwxr-x  2 root root 4096 Apr 12 15:49 consts
drwxrwxr-x  2 root root 4096 Apr 12 15:49 diagnosis
drwxrwxr-x  2 root root 4096 Apr 12 15:49 discovery
drwxrwxr-x  2 root root 4096 Apr 12 15:49 endpoint
drwxrwxr-x  2 root root 4096 Apr 12 15:49 event
drwxrwxr-x  2 root root 4096 Apr 12 15:49 exception
drwxrwxr-x  2 root root 4096 Apr 12 15:49 fallback
drwxrwxr-x 14 root root 4096 Apr 12 15:49 generic
drwxrwxr-x  2 root root 4096 Apr 12 15:49 gofunc
drwxrwxr-x  2 root root 4096 Apr 12 15:49 http
drwxrwxr-x  2 root root 4096 Apr 12 15:49 kerrors
drwxrwxr-x  2 root root 4096 Apr 12 15:49 klog
drwxrwxr-x  2 root root 4096 Apr 12 15:49 limit
drwxrwxr-x  2 root root 4096 Apr 12 15:49 limiter
drwxrwxr-x  3 root root 4096 Apr 12 15:49 loadbalance
drwxrwxr-x  2 root root 4096 Apr 12 15:49 logid
drwxrwxr-x  2 root root 4096 Apr 12 15:49 mem
drwxrwxr-x  2 root root 4096 Apr 12 15:49 profiler
drwxrwxr-x  3 root root 4096 Apr 11 07:28 protocol
drwxrwxr-x  2 root root 4096 Apr 12 15:49 proxy
drwxrwxr-x  2 root root 4096 Apr 12 15:49 registry
drwxrwxr-x  9 root root 4096 Apr 12 15:49 remote
drwxrwxr-x  2 root root 4096 Apr 12 15:49 retry
drwxrwxr-x  3 root root 4096 Apr 12 15:49 rpcinfo
drwxrwxr-x  2 root root 4096 Apr 12 15:49 rpctimeout
drwxrwxr-x  2 root root 4096 Apr 12 15:49 serviceinfo
drwxrwxr-x  2 root root 4096 Apr 12 15:49 stats
drwxrwxr-x  2 root root 4096 Apr 12 15:49 streaming
drwxrwxr-x  3 root root 4096 Apr 12 15:21 streamx
drwxrwxr-x  2 root root 4096 Apr 12 15:49 transmeta
drwxrwxr-x  5 root root 4096 Apr 12 15:49 utils
drwxrwxr-x  2 root root 4096 Apr 12 15:49 warmup
drwxrwxr-x  2 root root 4096 Apr 12 15:49 xds
total 32
drwxrwxr-x  2 root root 4096 Apr 12 15:49 .
drwxrwxr-x 38 root root 4096 Apr 12 15:49 ..
-rw-rw-r--  1 root root  919 Apr 12 15:21 context.go
-rw-rw-r--  1 root root 2610 Apr 12 15:21 streaming.go
-rw-rw-r--  1 root root 2477 Apr 12 15:21 timeout.go
-rw-rw-r--  1 root root 3341 Apr 12 15:21 timeout_test.go
-rw-rw-r--  1 root root 1861 Apr 12 15:21 util.go
-rw-rw-r--  1 root root 1929 Apr 12 15:21 util_test.go
total 24
drwxrwxr-x  2 root root 4096 Apr 12 15:49 .
drwxrwxr-x 38 root root 4096 Apr 12 15:49 ..
-rw-rw-r--  1 root root 1858 Apr 12 15:21 endpoint.go
-rw-rw-r--  1 root root 2148 Apr 12 15:21 endpoint_test.go
-rw-rw-r--  1 root root 1320 Apr 12 15:21 recv_endpoint.go
-rw-rw-r--  1 root root 1320 Apr 12 15:21 send_endpoint.go
pkg/endpoint/cep/ not found
pkg/endpoint/sep/ not found
