=== VERIFICATION OF ALL TARGET 5 REQUIREMENTS ===

1. Type aliases in client/option.go:
  ✓ type UnaryOption = client.Option
  ✓ type UnaryOptions = client.UnaryOptions
  ✓ type StreamOption = client.Option
  ✓ type StreamOptions = client.StreamOptions
  ✓ type TTHeaderStreamingOption = client.Option
  ✓ type TTHeaderStreamingOptions = client.TTHeaderStreamOptions

2. Wrapper functions:
  ✓ option_unary.go: WithUnaryOptions
  ✓ option_stream.go: WithStreamOptions
  ✓ option_stream.go: WithStreamMiddleware
  ✓ option_stream.go: WithStreamMiddlewareBuilder
  ✓ option_ttstream.go: WithTTHeaderStreamingOptions

3. Middleware type check:
  ✗ option_stream.go does NOT use cep types

4. WithRecvTimeout in streamcall:
  ⏳ WithRecvTimeout (task adding now as 'final requirement')

5. Build status:
  ✓ go build ./client/... PASSED at turn 119
