=== TARGET 1: App Metadata System ===
1. AppMetadata struct in app.go:
type AppMetadata struct {
	// ID is the unique application identifier (e.g., "com.example.myapp")
	ID string
	// Name is the human-friendly application name (e.g., "My App")
	Name string
	// Version is the semantic version string (e.g., "1.0.0")
	Version string

2. App.Metadata() method in interface:
	Metadata() AppMetadata

3. All App implementations have Metadata():
./app_test.go:func (dummyApp) Metadata() AppMetadata {
./test/testapp.go:func (a *testApp) Metadata() fyne.AppMetadata {
./app/app.go:func (a *fyneApp) Metadata() fyne.AppMetadata {
./theme/themedtestapp.go:func (t *themedApp) Metadata() fyne.AppMetadata {

4. app/meta.go exists:
-rw-r--r-- 1 root root 304 Oct  4 06:06 app/meta.go
package app

import "fyne.io/fyne/v2"

var appMetadata = fyne.AppMetadata{
	ID:      "com.example",
	Name:    "Fyne App",
	Version: "1.0.0",
	Build:   1,
}

// SetMetadata allows the app to override packaged metadata at runtime.
//
// Since: 2.2
func SetMetadata(m fyne.AppMetadata) {
