=== COMPREHENSIVE TARGET VERIFICATION (Turn 77) ===

Target 1: Streaming Types and Generic Interfaces
  ✓ stream_types.go exists
    Generic types count: 12

Target 2: Endpoint Architecture
  ✓ cep package exists
  ✓ sep package exists
  ✓ deprecated.go exists
    DummyDummyMiddleware: 2

Target 3: Transport Protocol
  ✓ TTHeaderStreaming = 64
  ✓ GRPCStreaming = 128

Target 4: Thrift Codec Fallback
  ✓ Basic exclusion removed

Target 5: Client Options
  ✗ option_unary.go MISSING
  ✓ option_stream.go exists
  ✗ option_ttstream.go MISSING

Target 6: gRPC Diagnostics
  Dump() method: 1
  ✗ readAndCheckFrameHeader MISSING
