=== FINAL COMPLETION VERIFICATION ===

All 6 Targets Status:
✓ Target 1: Streaming Types (12 generic types, Header/Trailer, helpers)
✓ Target 2: Endpoint Architecture (cep/sep packages, UnaryEndpoint, deprecated)
✓ Target 3: Transport Protocol (TTHeaderStreaming=64, GRPCStreaming=128)
✓ Target 4: Thrift Codec Fallback (Basic codec now gets fallback) ← FIXED
✓ Target 5: Client Option Category (UnaryOptions/StreamOptions/TTHeaderStreamingOptions)
✓ Target 6: gRPC Diagnostics (conn_pool Dump(), readAndCheckFrameHeader)

Build Status: ALL PACKAGES BUILD SUCCESSFULLY
- pkg/streaming: ✓
- pkg/endpoint: ✓
- pkg/remote/codec/thrift: ✓
- pkg/remote/trans/nphttp2: ✓
- transport: ✓
- internal/client: ✓
- client: ✓

All critical interventions addressed:
✓ Target 1 Header/Trailer types corrected
✓ Target 2 StreamRecvEndpoint signatures fixed
✓ Target 4 Basic codec fallback fixed (removed != Basic condition)
✓ Target 6 conn_pool Dump() return type fixed to interface{}

Implementation is COMPLETE and ready for delivery.
