=== app/ directory ===
/app/app/app.go
/app/app/app_darwin.go
/app/app/app_darwin_test.go
/app/app/app_debug.go
/app/app/app_desktop_darwin.go

=== theme/ directory ===
/app/theme/bundled-fonts.go
/app/theme/bundled-icons.go
/app/theme/gen.go
/app/theme/icons.go
/app/theme/icons_test.go

=== data/binding/ directory ===
/app/data/binding/binding.go
/app/data/binding/binding_exted_test.go
/app/data/binding/binding_test.go
/app/data/binding/binditems.go
/app/data/binding/binditems_extend_test.go

=== widget/ directory ===
/app/widget/accordion.go
/app/widget/accordion_internal_test.go
/app/widget/accordion_test.go
/app/widget/bind_helper.go
/app/widget/bind_helper_test.go

=== driver/desktop/ directory ===
/app/driver/desktop/canvas.go
/app/driver/desktop/cursor.go
/app/driver/desktop/driver.go
/app/driver/desktop/key.go
/app/driver/desktop/mouse.go

=== data/validation/ directory ===
/app/data/validation/regexp.go
/app/data/validation/regexp_test.go
/app/data/validation/time.go
/app/data/validation/time_test.go
