=== TARGET 5 COMPREHENSIVE STATUS (Turn 94) ===

✓ COMPLETED ITEMS:
  1. option_unary.go: EXISTS with 4 required functions
  2. option_ttstream.go: EXISTS with 2 required functions
  3. Type aliases in option.go: EXISTS (6 aliases)
  4. WithRecvTimeout in callopt/streamcall: EXISTS

? REMAINING ITEMS TO VERIFY:

  5. TailOption function in client/option.go:
     Status: Need to check if exists

  6. Retry/fallback migration to o.UnaryOptions:
     Checking WithFailureRetry storage location:
		if o.RetryMethodPolicies == nil {
			o.RetryMethodPolicies = make(map[string]retry.Policy)

  7. option_stream.go completeness:
     Required functions: WithStreamOptions, WithStreamRecvTimeout, WithStreamMiddleware,
                         WithStreamMiddlewareBuilder, WithStreamRecvMiddleware,
                         WithStreamRecvMiddlewareBuilder, WithStreamSendMiddleware,
                         WithStreamSendMiddlewareBuilder
     Current functions:
     Count: 1
