============================================================
FINAL VERIFICATION OF ALL 6 TARGETS
============================================================

[Target 1: Streaming Types]
✓ Target 1: 5/5 checks passed

[Target 2: Endpoint Architecture]
✓ Target 2: 5/5 checks passed

[Target 3: Transport Protocol]
✓ Target 3: 3/3 checks passed

[Target 4: Thrift Codec Fallback]
✓ Target 4: Fallback logic present

[Target 5: Client Options]
✓ Target 5: 4/4 checks passed

[Target 6: gRPC Diagnostics]
✓ Target 6: 2/2 checks passed

============================================================
OVERALL SUMMARY
============================================================
✓ Target 1: PASS
✓ Target 2: PASS
✓ Target 3: PASS
✓ Target 4: PASS
✓ Target 5: PASS
✓ Target 6: PASS

✅ ALL TARGETS VERIFIED
Final: 6/6 targets complete
