total 172
drwxr-xr-x  1 root root  4096 Oct  4 18:45 .
drwxr-xr-x  1 root root  4096 Oct  4 18:45 ..
drwxrwxr-x  1 root root  4096 Apr 12 16:11 .git
drwxrwxr-x  4 root root  4096 Apr 12 15:49 .github
-rw-rw-r--  1 root root   699 Apr 12 15:21 .gitignore
-rw-rw-r--  1 root root   667 Apr 12 15:21 .golangci.yaml
-rw-rw-r--  1 root root  1425 Apr 12 15:21 .licenserc.yaml
-rw-r--r--  1 root root 22919 Oct  4 18:45 .monitor_original_task_07ac8f99cc95428fa8a4d9f4e8d36476.txt
-rw-rw-r--  1 root root  5222 Apr 12 15:21 CODE_OF_CONDUCT.md
-rw-rw-r--  1 root root  3828 Apr 12 15:21 CONTRIBUTING.md
-rw-rw-r--  1 root root 11357 Apr 12 15:21 LICENSE
-rw-rw-r--  1 root root   218 Apr 12 15:21 NOTICE
-rw-rw-r--  1 root root  7567 Apr 12 15:21 README.md
-rw-rw-r--  1 root root  7495 Apr 12 15:21 README_cn.md
-rw-rw-r--  1 root root  1374 Apr 12 15:21 ROADMAP.md
-rw-rw-r--  1 root root   130 Apr 12 15:21 _typos.toml
drwxrwxr-x  6 root root  4096 Apr 12 15:49 client
-rw-rw-r--  1 root root  1837 Apr 12 15:21 go.mod
-rw-rw-r--  1 root root 24937 Apr 12 15:21 go.sum
drwxrwxr-x  2 root root  4096 Apr 12 15:49 images
drwxrwxr-x 11 root root  4096 Apr 12 15:49 internal
drwxrwxr-x  2 root root  4096 Apr 12 15:49 licenses
drwxrwxr-x 38 root root  4096 Apr 12 15:49 pkg
drwxrwxr-x  5 root root  4096 Apr 12 15:49 server
drwxrwxr-x  4 root root  4096 Apr 11 07:28 tool
drwxrwxr-x  2 root root  4096 Apr 12 15:49 transport
-rw-rw-r--  1 root root   741 Apr 12 15:21 version.go
