binding.go:type DataItem interface {
binding.go:type DataListener interface {
binding.go:type Untyped interface {
binding.go:type ExternalUntyped interface {
binditems.go:type Bool interface {
binditems.go:type ExternalBool interface {
binditems.go:type Float interface {
binditems.go:type ExternalFloat interface {
binditems.go:type Int interface {
binditems.go:type ExternalInt interface {
binditems.go:type Rune interface {
binditems.go:type ExternalRune interface {
binditems.go:type String interface {
binditems.go:type ExternalString interface {
binditems.go:type URI interface {
binditems.go:type ExternalURI interface {
bindlists.go:type BoolList interface {
bindlists.go:type ExternalBoolList interface {
bindlists.go:type FloatList interface {
bindlists.go:type ExternalFloatList interface {
bindlists.go:type IntList interface {
bindlists.go:type ExternalIntList interface {
bindlists.go:type RuneList interface {
bindlists.go:type ExternalRuneList interface {
bindlists.go:type StringList interface {
bindlists.go:type ExternalStringList interface {
bindlists.go:type UntypedList interface {
bindlists.go:type ExternalUntypedList interface {
bindlists.go:type URIList interface {
bindlists.go:type ExternalURIList interface {
gen.go:type External{{ .Name }} interface {
gen.go:type External{{ .Name }}List interface {
listbinding.go:type DataList interface {
mapbinding.go:type DataMap interface {
mapbinding.go:type ExternalUntypedMap interface {
mapbinding.go:type UntypedMap interface {
mapbinding.go:type Struct interface {
sprintf.go:type StringFormat interface {
