=== COMPREHENSIVE TASK STATUS (Turn 118) ===

✓ TARGET 1: Streaming Types - COMPLETE
  All interfaces, generics, factory functions implemented

✓ TARGET 2: Endpoint Architecture - COMPLETE
  cep/sep packages, deprecated.go with all middleware types

✓ TARGET 3: Transport Protocol - MOSTLY COMPLETE
  ✓ TTHeaderStreaming(64), GRPCStreaming(128) flags
  ✓ String() handles composites with pipes
  ? Default protocol change PurePayload→Framed NOT VERIFIED

✓ TARGET 4: Thrift Codec Fallback - COMPLETE
  Basic codec exclusion removed from both functions

✓ TARGET 5: Client Options - COMPLETE
  All 7 requirements verified complete:
    ✓ Type aliases (6/6)
    ✓ option_unary.go (4/4 functions)
    ✓ option_stream.go (8 functions)
    ✓ option_ttstream.go (2/2 functions)
    ✓ TailOption function
    ✓ WithRecvTimeout in callopt/streamcall
    ✓ Retry/fallback migration (all 4 functions migrated)

⚠ TARGET 6: gRPC Diagnostics - IN PROGRESS
  ✓ conn_pool.Dump() implemented
  ? frame_reader conversion - being worked on (Turn 117)

OVERALL: 4.5/6 targets complete + 1 in progress
Remaining: Complete Target 6, verify Target 3 default protocol
