=== RUNNING ALL THRIFT CODEC TESTS ===
    --- PASS: TestNormal/NetpollBufferEx (0.00s)
=== RUN   TestException
=== RUN   TestException/BytesBuffer
=== RUN   TestException/NetpollBuffer
--- PASS: TestException (0.00s)
    --- PASS: TestException/BytesBuffer (0.00s)
    --- PASS: TestException/NetpollBuffer (0.00s)
=== RUN   TestTransErrorUnwrap
--- PASS: TestTransErrorUnwrap (0.00s)
=== RUN   TestSkipDecoder
=== RUN   TestSkipDecoder/Disable_SkipDecoder,_fallback_to_Apache_Thrift_Codec_for_Buffer_Protocol#BytesBuffer
=== RUN   TestSkipDecoder/Disable_SkipDecoder,_fallback_to_Apache_Thrift_Codec_for_Buffer_Protocol#NetpollBuffer
=== RUN   TestSkipDecoder/Disable_SkipDecoder,_using_FastCodec_for_TTHeader_Protocol#BytesBuffer
=== RUN   TestSkipDecoder/Disable_SkipDecoder,_using_FastCodec_for_TTHeader_Protocol#NetpollBuffer
=== RUN   TestSkipDecoder/Enable_SkipDecoder,_using_FastCodec_for_Buffer_Protocol#BytesBuffer
=== RUN   TestSkipDecoder/Enable_SkipDecoder,_using_FastCodec_for_Buffer_Protocol#NetpollBuffer
=== RUN   TestSkipDecoder/Enable_SkipDecoder,_using_FastCodec_for_TTHeader_Protocol#BytesBuffer
=== RUN   TestSkipDecoder/Enable_SkipDecoder,_using_FastCodec_for_TTHeader_Protocol#NetpollBuffer
--- PASS: TestSkipDecoder (0.00s)
    --- PASS: TestSkipDecoder/Disable_SkipDecoder,_fallback_to_Apache_Thrift_Codec_for_Buffer_Protocol#BytesBuffer (0.00s)
    --- PASS: TestSkipDecoder/Disable_SkipDecoder,_fallback_to_Apache_Thrift_Codec_for_Buffer_Protocol#NetpollBuffer (0.00s)
    --- PASS: TestSkipDecoder/Disable_SkipDecoder,_using_FastCodec_for_TTHeader_Protocol#BytesBuffer (0.00s)
    --- PASS: TestSkipDecoder/Disable_SkipDecoder,_using_FastCodec_for_TTHeader_Protocol#NetpollBuffer (0.00s)
    --- PASS: TestSkipDecoder/Enable_SkipDecoder,_using_FastCodec_for_Buffer_Protocol#BytesBuffer (0.00s)
    --- PASS: TestSkipDecoder/Enable_SkipDecoder,_using_FastCodec_for_Buffer_Protocol#NetpollBuffer (0.00s)
    --- PASS: TestSkipDecoder/Enable_SkipDecoder,_using_FastCodec_for_TTHeader_Protocol#BytesBuffer (0.00s)
    --- PASS: TestSkipDecoder/Enable_SkipDecoder,_using_FastCodec_for_TTHeader_Protocol#NetpollBuffer (0.00s)
FAIL
FAIL	github.com/cloudwego/kitex/pkg/remote/codec/thrift	0.027s
FAIL
