{
  "/app/pkg/streaming": {
    "exists": true,
    "files": [
      "context.go",
      "streaming.go",
      "timeout.go",
      "timeout_test.go",
      "util.go",
      "util_test.go"
    ]
  },
  "/app/pkg/endpoint": {
    "exists": true,
    "files": [
      "endpoint.go",
      "endpoint_test.go",
      "recv_endpoint.go",
      "send_endpoint.go"
    ]
  },
  "/app/pkg/endpoint/cep": {
    "exists": false,
    "files": []
  },
  "/app/pkg/endpoint/sep": {
    "exists": false,
    "files": []
  },
  "/app/transport": {
    "exists": true,
    "files": [
      "keys.go"
    ]
  },
  "/app/pkg/remote/codec/thrift": {
    "exists": true,
    "files": [
      "codec.go",
      "codec_apache.go",
      "codec_apache_test.go",
      "codec_fast.go",
      "codec_frugal.go",
      "codec_frugal_test.go",
      "thrift.go",
      "thrift_data.go",
      "thrift_data_test.go",
      "thrift_test.go"
    ]
  },
  "/app/client": {
    "exists": true,
    "files": [
      "client.go",
      "client_streamx.go",
      "client_test.go",
      "context.go",
      "context_middleware.go",
      "context_middleware_test.go",
      "context_test.go",
      "deprecated.go",
      "doc.go",
      "middlewares.go"
    ]
  },
  "/app/pkg/remote/trans/nphttp2": {
    "exists": true,
    "files": [
      "buffer.go",
      "buffer_test.go",
      "client_conn.go",
      "client_conn_test.go",
      "client_handler.go",
      "client_handler_test.go",
      "codes.go",
      "codes_test.go",
      "conn_pool.go",
      "conn_pool_test.go"
    ]
  }
}
