drwxr-xr-x  1 root root  4096 Sep 30 03:28 .
drwxr-xr-x  1 root root  4096 Sep 30 03:28 ..
drwxrwxr-x  1 root root  4096 Sep 30 03:29 .git
drwxrwxr-x  4 root root  4096 Apr 16 13:12 .github
drwxrwxr-x  3 root root  4096 Apr 16 13:12 app
drwxrwxr-x  3 root root  4096 Apr 16 13:12 canvas
drwxrwxr-x  6 root root  4096 Apr 16 11:17 cmd
drwxrwxr-x  3 root root  4096 Apr 16 13:12 container
drwxrwxr-x  4 root root  4096 Apr 16 11:17 data
drwxrwxr-x  3 root root  4096 Apr 16 13:12 dialog
drwxrwxr-x  5 root root  4096 Apr 16 13:05 driver
drwxrwxr-x  2 root root  4096 Apr 16 13:12 img
drwxrwxr-x 12 root root  4096 Apr 16 13:12 internal
drwxrwxr-x  2 root root  4096 Apr 16 13:12 layout
drwxrwxr-x  4 root root  4096 Apr 16 13:12 storage
drwxrwxr-x  3 root root  4096 Apr 16 13:12 test
drwxrwxr-x  5 root root  4096 Apr 16 13:12 theme
drwxrwxr-x  3 root root  4096 Apr 16 12:51 tools
drwxrwxr-x  5 root root  4096 Apr 16 13:12 vendor
drwxrwxr-x  3 root root  4096 Apr 16 13:12 widget
total 160
drwxrwxr-x 3 root root 4096 Apr 16 13:12 .
drwxr-xr-x 1 root root 4096 Sep 30 03:28 ..
-rw-rw-r-- 1 root root 3284 Apr 16 11:10 app.go
-rw-rw-r-- 1 root root 1320 Apr 16 11:10 app_darwin.go
-rw-rw-r-- 1 root root 2158 Apr 16 11:10 app_darwin.m
-rw-rw-r-- 1 root root  498 Apr 16 11:10 app_darwin_test.go
-rw-rw-r-- 1 root root   90 Apr 16 11:10 app_debug.go
-rw-rw-r-- 1 root root  931 Apr 16 11:10 app_desktop_darwin.go
-rw-rw-r-- 1 root root  516 Apr 16 11:10 app_desktop_darwin.m
total 20
drwxrwxr-x 4 root root 4096 Apr 16 11:17 .
drwxr-xr-x 1 root root 4096 Sep 30 03:28 ..
drwxrwxr-x 2 root root 4096 Apr 16 13:12 binding
drwxrwxr-x 2 root root 4096 Apr 16 13:12 validation
total 24
drwxrwxr-x 5 root root 4096 Apr 16 13:05 .
drwxr-xr-x 1 root root 4096 Sep 30 03:28 ..
drwxrwxr-x 2 root root 4096 Apr 16 13:12 desktop
drwxrwxr-x 2 root root 4096 Apr 16 13:12 mobile
