/app/app/app.go:type fyneApp struct {
/app/app/preferences.go:type preferences struct {
/app/app/settings.go:type SettingsSchema struct {
/app/app/settings.go:type settings struct {
/app/app/settings_test.go:	type customTheme struct {
/app/app/storage.go:type store struct {
---
/app/test/device.go:type device struct {
/app/test/markup_renderer.go:type markupRenderer struct {
/app/test/markup_renderer_test.go:type markupRendererTestWidget struct {
/app/test/markup_renderer_test.go:type markupRendererTestWidgetRenderer struct {
/app/test/storage.go:type testStorage struct {
/app/test/test_test.go:type draggable struct {
/app/test/test_test.go:type focusable struct {
/app/test/test_test.go:type scrollable struct {
/app/test/testapp.go:type testApp struct {
/app/test/testapp.go:type testSettings struct {
/app/test/testcanvas.go:type testCanvas struct {
/app/test/testclipboard.go:type testClipboard struct {
/app/test/testdriver.go:type testDriver struct {
/app/test/testfile.go:type file struct {
/app/test/testfile.go:type directory struct {
/app/test/testwindow.go:type testWindow struct {
/app/test/theme.go:type configurableTheme struct {
