=== TARGET STATUS SUMMARY ===

Target 1 (Streaming Types):
1
✓ All 6 types present

Target 2 (Endpoint Architecture) - CRITICAL ISSUES:
  CEP StreamEndpoint signature:
  ✗ MISSING - should return ClientStream
  StreamRecvEndpoint/StreamSendEndpoint with EqualsTo:
0
  ✗ MISSING
  DummyDummyMiddleware:
0
  ✗ MISSING

Target 4 (Thrift Codec):
  Basic codec fallback (CRITICAL - NOT IMPLEMENTED):
0
  ✗ Basic codec NOT HANDLED

Target 6 (gRPC Diagnostics):
  conn_pool Dump():
0
  readAndCheckFrameHeader method:
0
  ✗ MISSING (should replace readFrameHeader)
