=== Checking root package ===
-rw-rw-r-- 1 root root 3343 Apr 16 11:10 /app/app.go
-rw-rw-r-- 1 root root 4325 Apr 16 11:10 /app/container.go
-rw-rw-r-- 1 root root 1437 Apr 16 11:10 /app/menu.go

=== Checking app sub-package ===
/app/app
/app/app/app.go
/app/app/app_darwin.go
/app/app/app_darwin_test.go
/app/app/app_debug.go
/app/app/app_desktop_darwin.go

=== Checking theme package ===
/app/theme
/app/theme/bundled-fonts.go
/app/theme/bundled-icons.go
/app/theme/gen.go
/app/theme/icons.go
/app/theme/icons_test.go

=== Checking data/binding package ===
/app/data/binding
/app/data/binding/binding.go
/app/data/binding/binding_exted_test.go
/app/data/binding/binding_test.go
/app/data/binding/binditems.go
/app/data/binding/binditems_extend_test.go

=== Checking data/validation package ===
/app/data/validation
/app/data/validation/regexp.go
/app/data/validation/regexp_test.go
/app/data/validation/time.go
/app/data/validation/time_test.go

=== Checking widget package ===
/app/widget
/app/widget/accordion.go
/app/widget/accordion_internal_test.go
/app/widget/accordion_test.go
/app/widget/bind_helper.go
/app/widget/bind_helper_test.go

=== Checking driver/desktop package ===
/app/driver/desktop
/app/driver/desktop/canvas.go
/app/driver/desktop/cursor.go
/app/driver/desktop/driver.go
/app/driver/desktop/key.go
/app/driver/desktop/mouse.go
/app/driver/desktop/mouse_test.go
/app/driver/desktop/shortcut.go
/app/driver/desktop/shortcut_test.go
