=== COMPREHENSIVE FINAL VERIFICATION OF ALL 6 TARGETS ===

TARGET 5: Client Option Category System
--------------------------------------------------
1. TailOption: ✓ FOUND
   650:func TailOption(opt Option) Option {

2. WithRecvTimeout: ✓ FOUND
   /app/client/callopt/streamcall/call_options.go:53:func WithRecvTimeout(d time.Duration) Option {

3. Retry migration: ? UNCLEAR
   Check if uses UnaryOptions: no match

4. Option functions: 15 functions found

==================================================
TARGET 6: gRPC Diagnostics Enhancement
--------------------------------------------------
1. Dump() method: ✓ FOUND
   228:func (p *connPool) Dump() map[string]interface{} {
   Panic-safe (has recover): ? UNKNOWN

2. readAndCheckFrameHeader: ✓ FOUND
   Has hex dump in error: ✓ YES
   // If the frame size exceeds maxReadSize, it returns an enhanced error with hex dump.

==================================================
SUMMARY
--------------------------------------------------
Targets 1-4: Previously verified complete
Target 5: Checking above...
Target 6: Checking above...
