app: preferences_other.go, app_debug.go, settings.go, app.go, app_desktop_darwin.go
canvas: animation.go, base.go, gradient.go, image.go, raster.go
cmd/fyne: main.go
cmd/fyne_demo: main.go
cmd/fyne_settings: main.go
cmd/hello: main.go
container: doctabs.go, container.go, split.go, apptabs.go, scroll.go
data/binding: comparator_helper.go, binding.go, convert.go, mapbinding.go, convert_helper.go
data/validation: time.go, regexp.go
dialog: fileitem.go, file_unix.go, base.go, color_button.go, color_wheel.go
driver/desktop: cursor.go, driver.go, canvas.go, mouse.go, key.go
driver/mobile: device.go, touch.go, keyboard.go
driver/software: render.go, softwarecanvas.go
internal: scale.go, preferences.go, hints.go, hints_disabled.go, clip.go
internal/animation: animation.go, runner.go
internal/app: lifecycle.go, theme.go, focus_manager.go
internal/async: chan_struct.go, chan_interface.go, doc.go, chan_canvasobject.go, gen.go
internal/cache: texture_desktop.go, base.go, texture_gomobile.go, svg.go, texture_common.go
internal/color: color.go
internal/driver: util.go, context.go
