=== go.mod ===
module github.com/cloudwego/kitex

go 1.18

require (
	github.com/bytedance/gopkg v0.1.1
	github.com/bytedance/sonic v1.12.7
	github.com/cloudwego/configmanager v0.2.2
	github.com/cloudwego/dynamicgo v0.5.2
	github.com/cloudwego/fastpb v0.0.5
	github.com/cloudwego/frugal v0.2.3
	github.com/cloudwego/gopkg v0.1.4
	github.com/cloudwego/localsession v0.1.2
	github.com/cloudwego/netpoll v0.6.5
	github.com/cloudwego/runtimex v0.1.1
	github.com/cloudwego/thriftgo v0.3.18
	github.com/golang/mock v1.6.0

=== Test files in key directories ===
/app/pkg/streaming: 2 test files
/app/pkg/endpoint: 1 test files
/app/pkg/remote/codec/thrift: 4 test files
/app/client: 10 test files
