=== COMPREHENSIVE FINAL STATUS (Turn 138) ===

TARGET 1: Streaming Types - ✓ COMPLETE
TARGET 2: Endpoint Architecture - ✓ COMPLETE
TARGET 3: Transport Protocol
  ✓ TTHeaderStreaming(64), GRPCStreaming(128) flags
  ✓ String() handles composites
  ? Default protocol PurePayload→Framed
    Agent status (Turn 135): 'DEFAULT protocol change location unclear'

TARGET 4: Thrift Codec Fallback - ✓ COMPLETE
TARGET 5: Client Options - ✓ COMPLETE (all 7 requirements verified)
TARGET 6: gRPC Diagnostics - ✓ COMPLETE

CURRENT SITUATION:
  Agent is investigating Target 3 default protocol requirement
  Turn 137: Reading codes.go files to verify if TTHeader constants added
  This appears to be investigation, not implementation of default protocol change

ASSESSMENT:
  5.67/6 targets complete (34/35 requirements)
  Remaining: Target 3 default protocol change (1 requirement)

The default protocol requirement may be:
  1. Already implemented but not easily verifiable, OR
  2. Not yet implemented and needs to be added, OR
  3. Implemented in a location the agent hasn't found
