=== CRITICAL: TARGET 5 FUNCTION COUNT ===

Spec requires 8 functions in option_stream.go (excluding WithTailOption):
  1. WithStreamOptions
  2. WithStreamRecvTimeout
  3. WithStreamMiddleware
  4. WithStreamMiddlewareBuilder
  5. WithStreamRecvMiddleware
  6. WithStreamRecvMiddlewareBuilder
  7. WithStreamSendMiddleware
  8. WithStreamSendMiddlewareBuilder

Current functions:
func WithStreamRecvTimeout(d time.Duration) Option {
func WithStreamMiddleware(mw streamx.StreamMiddleware) Option {
func WithStreamMiddlewareBuilder(mwb cep.StreamMiddlewareBuilder) Option {
func WithStreamRecvMiddleware(mw streamx.StreamRecvMiddleware) Option {
func WithStreamRecvMiddlewareBuilder(mwb cep.StreamRecvMiddlewareBuilder) Option {
func WithStreamSendMiddleware(mw streamx.StreamSendMiddleware) Option {
func WithStreamSendMiddlewareBuilder(mwb cep.StreamSendMiddlewareBuilder) Option {

Count (excluding WithTailOption):
7

Expected: 8
