=== COMPLETION CRITERIA VERIFICATION ===

1. AppMetadata struct fields (ID, Name, Version, Build, Icon):
type AppMetadata struct {
	// ID is the unique identifier for this application (e.g., "com.example.myapp")
	ID string
	// Name is the human-readable name of the application (e.g., "My App")
	Name string
	// Version is the version string for the application (e.g., "1.0.0")

2. App.Metadata() method in interface:
	Metadata() AppMetadata

3. All App implementations have Metadata():
4
   (Expected: 4 files)

4. Container.Add(nil) is no-op:
func (c *Container) Add(add CanvasObject) {
	if add == nil {
		return
	}

5. Container.RemoveAll() exists:
170:func (c *Container) RemoveAll() {

6. Hyperlink.OnTapped field:
	OnTapped func() `json:"-"`

7. Entry.SetMinRowsVisible exists:
469:func (e *Entry) SetMinRowsVisible(rows int) {

8. MenuItem.Icon and Shortcut fields:
	Icon Resource
	Shortcut Shortcut

9. Toolbar constructors return concrete types:
func NewToolbarAction(icon fyne.Resource, onActivated func()) *ToolbarAction {
func NewToolbarSpacer() *ToolbarSpacer {

10. validation.NewAllStrings in all.go:
✅ File exists: all.go
func NewAllStrings(validators ...fyne.StringValidator) fyne.StringValidator {

11. desktop.App interface with both methods:
	SetSystemTrayMenu(menu *fyne.Menu)
	SetSystemTrayIcon(icon fyne.Resource)

12. Build status:
✅ Build successful
