=== BUILD STATUS ===
# github.com/cloudwego/kitex/client/callopt/streamcall
client/callopt/streamcall/streamcall.go:32:27: cannot use func(o *client.Options, di *utils.Slice) {…} (value of type func(o *client.Options, di *"github.com/cloudwego/kitex/pkg/utils".Slice)) as func(o *callopt.CallOptions, di *strings.Builder) value in argument to callopt.NewOption
# github.com/cloudwego/kitex/client
client/option_stream.go:79:22: cannot use make([]cep.StreamRecvMiddleware, 0) (value of type []cep.StreamRecvMiddleware) as []interface{} value in assignment
client/option_stream.go:90:29: cannot use make([]cep.StreamRecvMiddlewareBuilder, 0) (value of type []cep.StreamRecvMiddlewareBuilder) as []interface{} value in assignment
client/option_stream.go:101:22: cannot use make([]cep.StreamSendMiddleware, 0) (value of type []cep.StreamSendMiddleware) as []interface{} value in assignment
client/option_stream.go:112:29: cannot use make([]cep.StreamSendMiddlewareBuilder, 0) (value of type []cep.StreamSendMiddlewareBuilder) as []interface{} value in assignment
client/option_ttstream.go:50:29: invalid operation: o.RemoteOpt.Option == nil (mismatched types remote.Option and untyped nil)
client/option_ttstream.go:51:26: cannot use opt (variable of type remote.ClientOption) as remote.Option value in assignment
client/option_ttstream.go:55:26: cannot use remote.ClientOption{…} (value of type remote.ClientOption) as remote.Option value in assignment
client/option_ttstream.go:56:6: unknown field F in struct literal of type remote.ClientOption
client/option_ttstream.go:57:15: prevOpt.F undefined (type remote.Option has no field or method F)
client/option_ttstream.go:58:11: opt.F undefined (type remote.ClientOption has no field or method F)
client/option_ttstream.go:58:11: too many errors

=== TARGET 1: Streaming Types - Verification ===
1
✓ ClientStream
1
✓ ServerStream
2
✓ Args/Result extended
6
✓ Generic types

=== TARGET 2: Endpoint Architecture - Verification ===
✓ deprecated.go exists
✓ cep package exists
✓ sep package exists
2
✓ DummyDummyMiddleware
1
✓ UnaryEndpoint
2
✓ EqualsTo methods

=== TARGET 3: Transport Protocol - Verification ===
	TTHeaderStreaming Protocol = 64
✓ TTHeaderStreaming=64
	GRPCStreaming Protocol = 128
✓ GRPCStreaming=128
1
✓ Composite String() logic

=== TARGET 4: Thrift Codec - Verification ===
13
✓ Fallback logic present

=== TARGET 5: Client Options - Verification ===
✓ option_unary.go
✓ option_stream.go
✓ option_ttstream.go
1
✓ TailOption
✓ streamcall package

=== TARGET 6: gRPC Diagnostics - Verification ===
1
✓ Dump()
1
✓ readAndCheckFrameHeader

=== Build Error Count ===
14
