root: 30 Go files
  img: 0 Go files
  container: 7 Go files
    - apptabs.go
    - container.go
    - doctabs.go
    - layouts.go
    - scroll.go
    - split.go
    - tabs.go
  test: 15 Go files
  dialog: 20 Go files
  canvas: 9 Go files
    - animation.go
    - base.go
    - circle.go
    - gradient.go
    - image.go
    - line.go
    - raster.go
    - rectangle.go
    - text.go
  tools: 0 Go files
    tools/playground: 2 Go files
app: 24 Go files
  driver: 0 Go files
    driver/mobile: 3 Go files
    driver/software: 2 Go files
    driver/desktop: 6 Go files
  widget: 37 Go files
  storage: 5 Go files
    - file.go
    - filter.go
    - resource.go
    - uri.go
    - uri_root_error.go
    storage/repository: 5 Go files
  data: 0 Go files
    data/validation: 2 Go files
    data/binding: 12 Go files
  theme: 10 Go files
    - bundled-fonts.go
    - bundled-icons.go
    - gen.go
    - icons.go
    - legacy.go
    - svg.go
    - theme.go
    - theme_hints.go
    - theme_other.go
    - themedtestapp.go
  internal: 7 Go files
    - clip.go
    - docs.go
    - hints.go
    - hints_disabled.go
    - overlay_stack.go
    - preferences.go
    - scale.go
    internal/animation: 2 Go files
    internal/cache: 8 Go files
    internal/color: 1 Go files
    internal/test: 1 Go files
    internal/painter: 5 Go files
    internal/async: 6 Go files
  internal/app: 3 Go files
    - focus_manager.go
    - lifecycle.go
    - theme.go
    internal/driver: 2 Go files
    internal/widget: 7 Go files
    internal/repository: 3 Go files
  layout: 9 Go files
    - borderlayout.go
    - boxlayout.go
    - centerlayout.go
    - formlayout.go
    - gridlayout.go
    - gridwraplayout.go
    - maxlayout.go
    - paddedlayout.go
    - spacer.go
  cmd: 0 Go files
    cmd/fyne: 1 Go files
    cmd/fyne_settings: 1 Go files
    cmd/fyne_demo: 1 Go files
    cmd/hello: 1 Go files
