=== FINAL VERIFICATION OF ALL 6 TARGETS ===

TARGET 1: Streaming Types
- 6 generic types exist:
6
6
- Args/Result extended:
	ClientStream ClientStream // new typed client stream
	ServerStream ServerStream // new typed server stream
	ClientStream ClientStream // new typed client stream
	ServerStream ServerStream // new typed server stream

TARGET 2: Endpoint Architecture
- CEP StreamEndpoint returns ClientStream:
type ClientStreamEndpoint func(ctx context.Context) (streaming.ClientStream, error)
- StreamRecvEndpoint signature:
type StreamRecvEndpoint func(ctx context.Context, stream streaming.ClientStream, message interface{}) error
- DummyDummyMiddleware exists:
1
- UnaryChain exists:
1

TARGET 3: Transport Protocol
- TTHeaderStreaming value:
- GRPCStreaming value:

TARGET 4: Thrift Codec Fallback
- Basic codec exclusion removed (should show 0 or 1):
1

TARGET 6: gRPC Diagnostics
- conn_pool Dump() return type:
func (p *connPool) Dump() interface{} {
- readAndCheckFrameHeader exists:
1
