=== Final Verification of All 7 Targets ===

Target 1: App Metadata System
  ✓ AppMetadata struct exists
  ✓ Metadata() in App interface
  ✓ SetMetadata signature correct
  App implementations:
    ✓ fyneApp.Metadata()
    ✓ testApp.Metadata()

Target 2: JSON Theme Support
  ✓ theme/json.go exists
  ✓ FromJSON function exists

Target 3: Data Binding Formatting
  ✓ data/binding/sprintf.go exists
  ✓ NewSprintf function exists

Target 4: Menu System Enhancements
  ✓ MenuItem.Icon field exists
  ✓ MenuItem.Shortcut field exists
  ✓ Menu.Refresh() exists
  ✓ MainMenu.Refresh() exists

Target 5: Toolbar Enhancements
  ✓ ToolbarAction.SetIcon exists

Target 6: Widget and Container Improvements
  ✓ Container.RemoveAll exists
  ✓ Hyperlink.OnTapped exists
  ✓ Entry.SetMinRowsVisible exists
  ✓ data/validation/all.go exists

Target 7: Desktop App Interface
  ✓ driver/desktop/app.go exists
  ✓ SetSystemTrayMenu method exists
  ✓ SetSystemTrayIcon method exists

=== Build and Test Status ===
Build: checking...
  ✓ Build successful
