/app/src/backend/termion.rs
/app/src/backend/crossterm.rs
/app/src/backend/termwiz.rs
/app/src/backend/mod.rs
/app/src/backend/test.rs
/app/src/layout.rs
/app/src/widgets/chart.rs
/app/src/widgets/clear.rs
/app/src/widgets/canvas/rectangle.rs
/app/src/widgets/canvas/circle.rs
/app/src/widgets/canvas/points.rs
/app/src/widgets/canvas/mod.rs
/app/src/widgets/canvas/line.rs
/app/src/widgets/canvas/world.rs
/app/src/widgets/canvas/map.rs
/app/src/widgets/sparkline.rs
/app/src/widgets/gauge.rs
/app/src/widgets/table.rs
/app/src/widgets/calendar.rs
/app/src/widgets/mod.rs
/app/src/widgets/paragraph.rs
/app/src/widgets/tabs.rs
/app/src/widgets/block.rs
/app/src/widgets/list.rs
/app/src/widgets/barchart.rs
/app/src/widgets/reflow.rs
/app/src/terminal.rs
/app/src/symbols.rs
/app/src/text.rs
/app/src/text/spans.rs
/app/src/text/line.rs
/app/src/text/masked.rs
/app/src/buffer.rs
/app/src/style.rs
/app/src/lib.rs
