total 152
drwxrwxr-x 38 root root 4096 Apr 12 15:49 .
drwxr-xr-x  1 root root 4096 Oct  3 16:21 ..
drwxrwxr-x  2 root root 4096 Apr 12 15:49 acl
drwxrwxr-x  2 root root 4096 Apr 12 15:49 circuitbreak
drwxrwxr-x  2 root root 4096 Apr 12 15:49 connpool
drwxrwxr-x  2 root root 4096 Apr 12 15:49 consts
drwxrwxr-x  2 root root 4096 Apr 12 15:49 diagnosis
drwxrwxr-x  2 root root 4096 Apr 12 15:49 discovery
drwxrwxr-x  2 root root 4096 Apr 12 15:49 endpoint
drwxrwxr-x  2 root root 4096 Apr 12 15:49 event
drwxrwxr-x  2 root root 4096 Apr 12 15:49 exception
drwxrwxr-x  2 root root 4096 Apr 12 15:49 fallback
drwxrwxr-x 14 root root 4096 Apr 12 15:49 generic
drwxrwxr-x  2 root root 4096 Apr 12 15:49 gofunc
drwxrwxr-x  2 root root 4096 Apr 12 15:49 http
drwxrwxr-x  2 root root 4096 Apr 12 15:49 kerrors
drwxrwxr-x  2 root root 4096 Apr 12 15:49 klog
drwxrwxr-x  2 root root 4096 Apr 12 15:49 limit
drwxrwxr-x  2 root root 4096 Apr 12 15:49 limiter
