=== Build Status ===
# github.com/cloudwego/kitex/client/callopt/streamcall
client/callopt/streamcall/streamcall.go:33:3: cannot refer to unexported field f in struct literal of type callopt.Option
# github.com/cloudwego/kitex/client
client/option_stream.go:57:18: cannot use make([]interface{}, 0) (value of type []interface{}) as []endpoint.Middleware value in assignment
client/option_stream.go:59:37: cannot use mw (variable of type cep.StreamMiddleware) as endpoint.Middleware value in argument to append
client/option_stream.go:68:25: cannot use make([]interface{}, 0) (value of type []interface{}) as []endpoint.MiddlewareBuilder value in assignment
client/option_stream.go:70:51: cannot use mwb (variable of type cep.StreamMiddlewareBuilder) as endpoint.MiddlewareBuilder value in argument to append
client/option_stream.go:79:22: cannot use make([]cep.StreamRecvMiddleware, 0) (value of type []cep.StreamRecvMiddleware) as []endpoint.RecvMiddleware value in assignment
client/option_stream.go:81:45: cannot use mw (variable of type cep.StreamRecvMiddleware) as endpoint.RecvMiddleware value in argument to append
client/option_stream.go:89:8: o.StreamRecvMWBuilders undefined (type *"github.com/cloudwego/kitex/internal/client".Options has no field or method StreamRecvMWBuilders)
client/option_stream.go:90:6: o.StreamRecvMWBuilders undefined (type *"github.com/cloudwego/kitex/internal/client".Options has no field or method StreamRecvMWBuilders)
client/option_stream.go:92:37: o.StreamRecvMWBuilders undefined (type *"github.com/cloudwego/kitex/internal/client".Options has no field or method StreamRecvMWBuilders)
client/option_stream.go:101:22: cannot use make([]cep.StreamSendMiddleware, 0) (value of type []cep.StreamSendMiddleware) as []endpoint.SendMiddleware value in assignment
client/option_stream.go:101:22: too many errors

=== Target 3: String() method check ===
Requirement: Composite protocols must show pipe-separated flags
⚠ Still only handles individual cases

=== Key Files Status ===
6
