=== NEW FILES IN CLIENT PACKAGE ===
/app/client/option_categories.go


=== CHECKING REQUIRED FILES ===
✗ MISSING: option_unary.go
✗ MISSING: option_stream.go
✗ MISSING: option_ttstream.go
✓ EXISTS: option_categories.go

=== SEARCHING FOR DEFAULT TRANSPORT PROTOCOL ===
References to 'Framed' in client package:
/app/client/client_test.go:1101:		test.Assert(t, rpcConfig.TransportProtocol() == transport.TTHeaderFramed, rpcConfig.TransportProtocol())
/app/client/option_test.go:696:func TestWithFramedTransport(t *testing.T) {
/app/client/option_test.go:698:		WithFramedTransport(),
/app/client/option_test.go:701:	test.Assert(t, opt.Configs.TransportProtocol() == transport.Framed)
/app/client/client.go:562:		mutableRPCConfig.SetTransportProtocol(transport.TTHeaderFramed)
/app/client/option_advanced.go:178:		if g.Framed() {
/app/client/option_advanced.go:179:			rpcinfo.AsMutableRPCConfig(o.Configs).SetTransportProtocol(transport.Framed)
/app/client/deprecated.go:26:// WithFramedTransport to use framed transport
/app/client/deprecated.go:28:// Deprecated: Use WithTransportProtocol(transport.Framed) instead.
/app/client/deprecated.go:31:func WithFramedTransport() Option {
/app/client/deprecated.go:33:		di.Push("WithFramedTransport()")
/app/client/deprecated.go:34:		rpcinfo.AsMutableRPCConfig(o.Configs
