=== TARGET 5 CRITICAL STATUS ASSESSMENT ===

COMPLETED ITEMS:
✓ option_unary.go: 4 functions (WithUnaryOptions, WithUnaryRPCTimeout, WithUnaryMiddleware, WithUnaryMiddlewareBuilder)
✓ option_ttstream.go: 2 functions (WithTTHeaderStreamingOptions, WithTTHeaderStreamingTransportOptions)
✓ Type aliases in option.go: 6 aliases found
✓ WithRecvTimeout in callopt/streamcall: EXISTS

INCOMPLETE ITEMS:

1. option_stream.go - MAJORLY INCOMPLETE:
   Required 8 functions per spec, has only 1 (WithTailOption)
   Missing:
     - WithStreamOptions
     - WithStreamRecvTimeout
     - WithStreamMiddleware
     - WithStreamMiddlewareBuilder
     - WithStreamRecvMiddleware
     - WithStreamRecvMiddlewareBuilder
     - WithStreamSendMiddleware
     - WithStreamSendMiddlewareBuilder

2. TailOption function in option.go:
   ✗ TailOption function MISSING

3. Retry/fallback migration:
   WithFailureRetry still uses o.RetryMethodPolicies (OLD)
   Required: Should use o.UnaryOptions.RetryMethodPolicies
   Current implementation:
