=== COMPREHENSIVE FINAL VERIFICATION ===

TARGET 1: Streaming Types
  Generic types: 12/12 expected
  Header/Trailer map[string]string: 1/1
  StreamMetadata interface: 1/1

TARGET 2: Endpoint Architecture
  CEP package: EXISTS
  SEP package: EXISTS
  DummyDummyMiddleware: 2/1

TARGET 3: Transport Protocol
  TTHeaderStreaming: 0
0/1
  GRPCStreaming: 0
0/1

TARGET 4: Thrift Codec Fallback
  Basic exclusion removed: 0/0 expected

TARGET 6: gRPC Diagnostics
  conn_pool Dump(): 1/1
  readAndCheckFrameHeader: 1/1

BUILD STATUS:
  ✓ streaming
  ✓ endpoint
  ✓ client
