=== pkg/streaming ===
total 32
drwxrwxr-x  2 root root 4096 Apr 12 15:49 .
drwxrwxr-x 38 root root 4096 Apr 12 15:49 ..
-rw-rw-r--  1 root root  919 Apr 12 15:21 context.go
-rw-rw-r--  1 root root 2610 Apr 12 15:21 streaming.go
-rw-rw-r--  1 root root 2477 Apr 12 15:21 timeout.go
-rw-rw-r--  1 root root 3341 Apr 12 15:21 timeout_test.go
-rw-rw-r--  1 root root 1861 Apr 12 15:21 util.go
-rw-rw-r--  1 root root 1929 Apr 12 15:21 util_test.go

=== pkg/endpoint/cep ===
Directory does not exist

=== pkg/endpoint/sep ===
Directory does not exist

=== pkg/endpoint ===
total 24
drwxrwxr-x  2 root root 4096 Apr 12 15:49 .
drwxrwxr-x 38 root root 4096 Apr 12 15:49 ..
-rw-rw-r--  1 root root 1858 Apr 12 15:21 endpoint.go
-rw-rw-r--  1 root root 2148 Apr 12 15:21 endpoint_test.go
-rw-rw-r--  1 root root 1320 Apr 12 15:21 recv_endpoint.go
-rw-rw-r--  1 root root 1320 Apr 12 15:21 send_endpoint.go

=== pkg/remote/codec/thrift ===
total 88
drwxrwxr-x 2 root root  4096 Apr 12 15:49 .
drwxrwxr-x 6 root root  4096 Apr 12 15:49 ..
-rw-rw-r-- 1 root root  1116 Apr 12 15:21 codec.go
-rw-rw-r-- 1 root root  6924 Apr 12 15:21 codec_apache.go
-rw-rw-r-- 1 root root  6431 Apr 12 15:21 codec_apache_test.go
-rw-rw-r-- 1 root root  3042 Apr 12 15:21 codec_fast.go
-rw-rw-r-- 1 root root  2832 Apr 12 15:21 codec_frugal.go
-rw-rw-r-- 1 root root  8217 Apr 12 15:21 codec_frugal_test.go
-rw-rw-r-- 1 root root  8067 Apr 12 15:21 thrift.go
-rw-rw-r-- 1 root root  4458 Apr 12 15:21 thrift_data.go
-rw-rw-r-- 1 root root  4644 Apr 12 15:21 thrift_data_test.go
-rw-rw-r-- 1 root root 12387 Apr 12 15:21 thrift_test.go

=== pkg/remote/trans/nphttp2 ===
total 172
drwxrwxr-x 7 root root  4096 Apr 12 15:49 .
drwxrwxr-x 9 root root  4096 Apr 12 15:49 ..
-rw-rw-r-- 1 root root  3549 Apr 12 15:21 buffer.go
-rw-rw-r-- 1 root root  1409 Apr 12 15:21 buffer_test.go
-rw-rw-r-- 1 root root  5085 Apr 12 15:21 client_conn.go
-rw-rw-r-- 1 root root  2844 Apr 12 15:21 client_conn_test.go
-rw-rw-r-- 1 root root  3275 Apr 12 15:21 client_handler.go
-rw-rw-r-- 1 root root  4343 Apr 12 15:21 client_handler_test.go
drwxrwxr-x 2 root root  4096 Apr 12 15:49 codes
-rw-rw-r-- 1 root root  2712 Apr 12 15:21 codes.go
-rw-rw-r-- 1 root root  3369 Apr 12 15:21 codes_test.go
-rw-rw-r-- 1 root root  6792 Apr 12 15:21 conn_pool.go
-rw-rw-r-- 1 root root  3285 Apr 12 15:21 conn_pool_test.go
-rw-rw-r-- 1 root root   666 Apr 12 15:21 doc.go
drwxrwxr-x 5 root root  4096 Apr 12 15:49 grpc
-rw-rw-r-- 1 root root  5435 Apr 12 15:21 meta_api.go
-rw-rw-r-- 1 root root  1449 Apr 12 15:21 meta_api_test.go
drwxrwxr-x 2 root root  4096 Apr 12 15:49 metadata
-rw-rw-r-- 1 root root 21574 Apr 12 15:21 mocks_test.go

=== transport ===
total 12
drwxrwxr-x 2 root root 4096 Apr 12 15:49 .
drwxr-xr-x 1 root root 4096 Oct  5 14:08 ..
-rw-rw-r-- 1 root root 1467 Apr 12 15:21 keys.go

