=== AUTHORITATIVE TASK COMPLETION CRITERIA VERIFICATION ===

Criterion: All new types, functions, and methods are importable from documented paths
Criterion: Existing APIs remain unchanged (backward compatibility)
Criterion: AppMetadata struct fields match specified names and types
Criterion: Container.RemoveAll() clears all objects; Add(nil) is a no-op
Criterion: NewAllStrings chains multiple validators, returning the first error

--- Target 1 Verification ---
AppMetadata struct exact fields (ID, Name, Version, Build, Icon):
3
Expected: 5 fields

App.Metadata() in interface:
1
Expected: 1

--- Target 6 Critical Items ---
Container.Add nil check:
1
Expected: 1

NewAllStrings signature (variadic validators):
1
Expected: 1

--- Overall Compilation ---

✓ Build successful: All imports resolve, all interfaces satisfied
✓ This confirms backward compatibility maintained
