	fh, err := fr.readAndCheckFrameHeader()
	if err != nil {
		return nil, err
	}
	// payload := fr.getReadBuf(fh.Length)
	var f http2.Frame
	if fh.Type == http2.FrameData {
		f, err = parseDataFrame(fr.frameCache, fh, fr.reader)
	} else {
		var payload []byte
		payload, err = fr.reader.Next(int(fh.Length))
		if err != nil {
			return nil, err
		}
		f, err = typeFrameParser(fh.Type)(fr.frameCache, fh, payload)
	}
--
// readAndCheckFrameHeader reads and validates a frame header from the reader.
// It performs enhanced validation and returns detailed error information for debugging.
func (fr *Framer) readAndCheckFrameHeader() (http2.FrameHeader, error) {
	buf, err := fr.reader.Next(frameHeaderLen)
	if err != nil {
		return http2.FrameHeader{}, err
	}
	
	fh := http2.FrameHeader{
		Length:   uint32(buf[0])<<16 | uint32(buf[1])<<8 | uint32(buf[2]),
		Type:     http2.FrameType(buf[3]),
		Flags:    http2.Flags(buf[4]),
		StreamID: binary.BigEndian.Uint32(buf[5:]) & (1<<31 - 1),
