=== TARGET 5 IMPLEMENTATION PROGRESS (Turn 91) ===

1. New files created:
   ✓ option_unary.go EXISTS
   ✓ option_ttstream.go EXISTS

2. Functions in option_unary.go:
func WithUnaryOptions(opts ...client.UnaryOption) Option {
func WithUnaryRPCTimeout(d time.Duration) Option {
func WithUnaryMiddleware(mw endpoint.Middleware) Option {
func WithUnaryMiddlewareBuilder(mwb endpoint.MiddlewareBuilder) Option {

3. Functions in option_ttstream.go:
func WithTTHeaderStreamingOptions(opts ...client.TTHeaderStreamingOption) Option {
func WithTTHeaderStreamingTransportOptions(opts ...remote.ClientTransOption) Option {

4. Type aliases in client/option.go:
type UnaryOption = client.UnaryOption
type StreamOption = client.StreamOption
type TTHeaderStreamingOption = client.TTHeaderStreamingOption
type UnaryOptions = []client.UnaryOption
type StreamOptions = []client.StreamOption
type TTHeaderStreamingOptions = []client.TTHeaderStreamingOption

5. TailOption function in option.go:
   TailOption function check needed
