=== FINAL VERIFICATION OF ALL TARGETS ===

Checking all previously missing requirements:

TARGET 2 - CEP Package:
1. StreamEndpoint (should return ClientStream):
type ClientStreamEndpoint func(ctx context.Context) (streaming.ClientStream, error)


2. StreamRecvEndpoint signature (should take stream parameter):
type StreamRecvEndpoint func(ctx context.Context) (interface{}, error)

3. StreamRecvEndpoint EqualsTo method:
func (e StreamRecvEndpoint) EqualsTo(other StreamRecvEndpoint) bool {
	// Function pointer comparison - same function
	return &e == &other
}

4. DummyDummyMiddleware (double Dummy):
func DummyDummyMiddleware(next ClientStreamEndpoint) ClientStreamEndpoint {

5. StreamRecvChain and StreamSendChain:
func StreamRecvChain(mws ...StreamRecvMiddleware) StreamRecvMiddleware {
func StreamSendChain(mws ...StreamSendMiddleware) StreamSendMiddleware {

TARGET 2 - pkg/endpoint:
6. UnaryChain:
func UnaryChain(mws ...UnaryMiddleware) UnaryMiddleware {

7. ToMiddleware/ToUnaryMiddleware:
func ToMiddleware(ctx context.Context, mb MiddlewareBuilder) Middleware {
func ToUnaryMiddleware(ctx context.Context, umb UnaryMiddlewareBuilder) UnaryMiddleware {

TARGET 4 - Basic codec fallback:
8. Basic codec handling in marshalThriftData:
	}
	// Fallback logic for non-Basic codecs
	if c.CodecType != Basic {
		// try fallback to frugal or fastcodec
		// case: typecodec.Frugal=false but typecodec.FastCodec=true
		if typecodec.FastCodec {
			return fastMarshalData(data)
		}
		// case: typecodec.FastCodec=false but typecodec.Frugal=true
		if typecodec.Frugal {
			return frugalMarshalData(data)
--

TARGET 6:
9. conn_pool Dump() exists:
0

10. readAndCheckFrameHeader exists:
1

11. readFrameHeader removed (should be 0):
0
