type App interface {
	// Create a new window for the application.
	// The first window to open is considered the "master" and when closed
	// the application will exit.
	NewWindow(title string) Window

	// Open a URL in the default browser application.
	OpenURL(url *url.URL) error

	// Icon returns the application icon, this is used in various ways
	// depending on operating system.
	// This is also the default icon for new windows.
	Icon() Resource

	// SetIcon sets the icon resource used for this application instance.
	SetIcon(Resource)

	// Run the application - this starts the event loop and waits until Quit()
	// is called or the last window closes.
	// This should be called near the end of a main() function as it will block.
	Run()

	// Calling Quit on the application will cause the application to exit
	// cleanly, closing all open windows.
	// This function does no thing on a mobile device as the application lifecycle is
	// managed by the operating system.
	Quit()

	// Driver returns the driver that is rendering this application.
	// Typically not needed for day to day work, mostly internal functionality.
	Driver() Driver
